#
# There is insufficient memory for the Java Runtime Environment to continue.
# Native memory allocation (malloc) failed to allocate 32744 bytes for Chunk::new
# Possible reasons:
#   The system is out of physical RAM or swap space
#   The process is running with CompressedOops enabled, and the Java Heap may be blocking the growth of the native heap
# Possible solutions:
#   Reduce memory load on the system
#   Increase physical memory or swap space
#   Check if swap backing store is full
#   Decrease Java heap size (-Xmx/-Xms)
#   Decrease number of Java threads
#   Decrease Java thread stack sizes (-Xss)
#   Set larger code cache with -XX:ReservedCodeCacheSize=
#   JVM is running with Zero Based Compressed Oops mode in which the Java heap is
#     placed in the first 32GB address space. The Java Heap base address is the
#     maximum limit for the native heap growth. Please use -XX:HeapBaseMinAddress
#     to set the Java Heap base and to place the Java Heap above 32GB virtual address.
# This output file may be truncated or incomplete.
#
#  Out of Memory Error (arena.cpp:168), pid=21496, tid=27816
#
# JRE version: Java(TM) SE Runtime Environment (21.0.1+12) (build 21.0.1+12-LTS-29)
# Java VM: Java HotSpot(TM) 64-Bit Server VM (21.0.1+12-LTS-29, mixed mode, sharing, tiered, compressed oops, compressed class ptrs, g1 gc, windows-amd64)
# No core dump will be written. Minidumps are not enabled by default on client versions of Windows
#

---------------  S U M M A R Y ------------

Command Line: service_administration_api.ServiceAdministrationApiApplication

Host: 12th Gen Intel(R) Core(TM) i7-1265U, 12 cores, 15G,  Windows 11 , 64 bit Build 22621 (10.0.22621.5415)
Time: Tue Mar 10 14:28:12 2026 W. Central Africa Standard Time elapsed time: 12825.746422 seconds (0d 3h 33m 45s)

---------------  T H R E A D  ---------------

Current thread (0x00000152cde33600):  JavaThread "C2 CompilerThread0" daemon [_thread_in_vm, id=27816, stack(0x00000034d7f00000,0x00000034d8000000) (1024K)]


Current CompileTask:
C2:12825746 15959       4       com.fasterxml.jackson.databind.SerializerProvider::findValueSerializer (68 bytes)

Stack: [0x00000034d7f00000,0x00000034d8000000]
Native frames: (J=compiled Java code, j=interpreted, Vv=VM code, C=native code)
V  [jvm.dll+0x6c9029]
V  [jvm.dll+0x854b81]
V  [jvm.dll+0x856e5e]
V  [jvm.dll+0x857543]
V  [jvm.dll+0x280c06]
V  [jvm.dll+0xc3ead]
V  [jvm.dll+0xc43c3]
V  [jvm.dll+0x20408a]
V  [jvm.dll+0x1f337b]
V  [jvm.dll+0x1fcc0b]
V  [jvm.dll+0x1fd396]
V  [jvm.dll+0x1eae0c]
V  [jvm.dll+0x1ea9f0]
V  [jvm.dll+0x2058d2]
V  [jvm.dll+0x20a4b7]
V  [jvm.dll+0x20833f]
V  [jvm.dll+0x20a89a]
V  [jvm.dll+0x20a12c]
V  [jvm.dll+0x20b041]
V  [jvm.dll+0x20a38e]
V  [jvm.dll+0x1f4b20]
V  [jvm.dll+0x14781e]
V  [jvm.dll+0x2f135c]
V  [jvm.dll+0x2f30d6]
V  [jvm.dll+0x6e3524]
V  [jvm.dll+0x6db7d6]
V  [jvm.dll+0x6dac6e]
V  [jvm.dll+0x6d8e8c]
V  [jvm.dll+0x1ccefc]
V  [jvm.dll+0x1cdaaa]
V  [jvm.dll+0x2f3152]
V  [jvm.dll+0x6e3524]
V  [jvm.dll+0x6db7d6]
V  [jvm.dll+0x6dac6e]
V  [jvm.dll+0x6d8e8c]
V  [jvm.dll+0x1ccefc]
V  [jvm.dll+0x1cdaaa]
V  [jvm.dll+0x2f3152]
V  [jvm.dll+0x6e3524]
V  [jvm.dll+0x6db7d6]
V  [jvm.dll+0x6dac6e]
V  [jvm.dll+0x6d8e8c]
V  [jvm.dll+0x1ccefc]
V  [jvm.dll+0x1cdaaa]
V  [jvm.dll+0x2f3152]
V  [jvm.dll+0x6e3524]
V  [jvm.dll+0x6db7d6]
V  [jvm.dll+0x6dac6e]
V  [jvm.dll+0x6d8e8c]
V  [jvm.dll+0x1ccefc]
V  [jvm.dll+0x1cdaaa]
V  [jvm.dll+0x2f3152]
V  [jvm.dll+0x6e3524]
V  [jvm.dll+0x6db7d6]
V  [jvm.dll+0x6dac6e]
V  [jvm.dll+0x6d8e8c]
V  [jvm.dll+0x1ccefc]
V  [jvm.dll+0x248c3d]
V  [jvm.dll+0x1c9ca1]
V  [jvm.dll+0x2586b9]
V  [jvm.dll+0x256c9a]
V  [jvm.dll+0x3ef1b6]
V  [jvm.dll+0x7fd728]
V  [jvm.dll+0x6c777d]
C  [ucrtbase.dll+0x29333]
C  [KERNEL32.DLL+0x1259d]
C  [ntdll.dll+0x5af78]


---------------  P R O C E S S  ---------------

Threads class SMR info:
_java_thread_list=0x000001531e503dc0, length=38, elements={
0x00000152cde201d0, 0x00000152cde210f0, 0x00000152cde22ec0, 0x00000152cde25930,
0x00000152cde2e3a0, 0x00000152cde2f160, 0x00000152cde33600, 0x00000152cde36dd0,
0x0000015313166850, 0x00000153131874e0, 0x00000153179187e0, 0x000001531821c8c0,
0x000001531425fef0, 0x0000015317da9820, 0x0000015314204710, 0x000001531852f7c0,
0x0000015318532c40, 0x00000153185304e0, 0x0000015318533960, 0x00000153185332d0,
0x0000015318534680, 0x0000015318531200, 0x0000015318531890, 0x0000015314203360,
0x0000015314204080, 0x0000015318bd6550, 0x0000015318bd6be0, 0x0000015318bd3df0,
0x0000015318bd5ec0, 0x0000015318bd51a0, 0x0000015318bd5830, 0x0000015318bd3760,
0x0000015318bd4480, 0x0000015318bd4b10, 0x00000153185325b0, 0x000001531852d060,
0x000001531852dd80, 0x000001531852d6f0
}

Java Threads: ( => current thread )
  0x00000152cde201d0 JavaThread "Reference Handler"          daemon [_thread_blocked, id=15348, stack(0x00000034d7900000,0x00000034d7a00000) (1024K)]
  0x00000152cde210f0 JavaThread "Finalizer"                  daemon [_thread_blocked, id=23744, stack(0x00000034d7a00000,0x00000034d7b00000) (1024K)]
  0x00000152cde22ec0 JavaThread "Signal Dispatcher"          daemon [_thread_blocked, id=30460, stack(0x00000034d7b00000,0x00000034d7c00000) (1024K)]
  0x00000152cde25930 JavaThread "Attach Listener"            daemon [_thread_blocked, id=21084, stack(0x00000034d7c00000,0x00000034d7d00000) (1024K)]
  0x00000152cde2e3a0 JavaThread "Service Thread"             daemon [_thread_blocked, id=31276, stack(0x00000034d7d00000,0x00000034d7e00000) (1024K)]
  0x00000152cde2f160 JavaThread "Monitor Deflation Thread"   daemon [_thread_blocked, id=23516, stack(0x00000034d7e00000,0x00000034d7f00000) (1024K)]
=>0x00000152cde33600 JavaThread "C2 CompilerThread0"         daemon [_thread_in_vm, id=27816, stack(0x00000034d7f00000,0x00000034d8000000) (1024K)]
  0x00000152cde36dd0 JavaThread "C1 CompilerThread0"         daemon [_thread_blocked, id=23708, stack(0x00000034d8000000,0x00000034d8100000) (1024K)]
  0x0000015313166850 JavaThread "Notification Thread"        daemon [_thread_blocked, id=14428, stack(0x00000034d8100000,0x00000034d8200000) (1024K)]
  0x00000153131874e0 JavaThread "Common-Cleaner"             daemon [_thread_blocked, id=30544, stack(0x00000034d8200000,0x00000034d8300000) (1024K)]
  0x00000153179187e0 JavaThread "Catalina-utility-1"                [_thread_blocked, id=11832, stack(0x00000034d8b00000,0x00000034d8c00000) (1024K)]
  0x000001531821c8c0 JavaThread "Catalina-utility-2"                [_thread_blocked, id=23292, stack(0x00000034d9200000,0x00000034d9300000) (1024K)]
  0x000001531425fef0 JavaThread "container-0"                       [_thread_blocked, id=30228, stack(0x00000034d9300000,0x00000034d9400000) (1024K)]
  0x0000015317da9820 JavaThread "oracle.jdbc.driver.BlockSource.ThreadedCachingBlockSource.BlockReleaser" daemon [_thread_blocked, id=10492, stack(0x00000034d9400000,0x00000034d9500000) (1024K)]
  0x0000015314204710 JavaThread "InterruptTimer"             daemon [_thread_blocked, id=19208, stack(0x00000034d9500000,0x00000034d9600000) (1024K)]
  0x000001531852f7c0 JavaThread "HikariPool-1 housekeeper"   daemon [_thread_blocked, id=2572, stack(0x00000034d8300000,0x00000034d8400000) (1024K)]
  0x0000015318532c40 JavaThread "spectator-gauge-polling-0"  daemon [_thread_blocked, id=24672, stack(0x00000034d9700000,0x00000034d9800000) (1024K)]
  0x00000153185304e0 JavaThread "AsyncResolver-bootstrap-%d" daemon [_thread_blocked, id=27900, stack(0x00000034d9800000,0x00000034d9900000) (1024K)]
  0x0000015318533960 JavaThread "AsyncReporter{ZipkinRestTemplateSender{http://77.68.94.193:9411/api/v2/spans}}" daemon [_thread_blocked, id=28824, stack(0x00000034d6e00000,0x00000034d6f00000) (1024K)]
  0x00000153185332d0 JavaThread "DiscoveryClient-%d"         daemon [_thread_blocked, id=24584, stack(0x00000034d6f00000,0x00000034d7000000) (1024K)]
  0x0000015318534680 JavaThread "DiscoveryClient-%d"         daemon [_thread_blocked, id=1708, stack(0x00000034d9900000,0x00000034d9a00000) (1024K)]
  0x0000015318531200 JavaThread "DiscoveryClient-InstanceInfoReplicator-%d" daemon [_thread_blocked, id=31348, stack(0x00000034d9a00000,0x00000034d9b00000) (1024K)]
  0x0000015318531890 JavaThread "http-nio-8083-exec-1"       daemon [_thread_blocked, id=24996, stack(0x00000034d9b00000,0x00000034d9c00000) (1024K)]
  0x0000015314203360 JavaThread "http-nio-8083-exec-2"       daemon [_thread_blocked, id=27024, stack(0x00000034d9c00000,0x00000034d9d00000) (1024K)]
  0x0000015314204080 JavaThread "http-nio-8083-exec-3"       daemon [_thread_blocked, id=29740, stack(0x00000034d9d00000,0x00000034d9e00000) (1024K)]
  0x0000015318bd6550 JavaThread "http-nio-8083-exec-4"       daemon [_thread_blocked, id=23900, stack(0x00000034d9e00000,0x00000034d9f00000) (1024K)]
  0x0000015318bd6be0 JavaThread "http-nio-8083-exec-5"       daemon [_thread_blocked, id=26252, stack(0x00000034d9f00000,0x00000034da000000) (1024K)]
  0x0000015318bd3df0 JavaThread "http-nio-8083-exec-6"       daemon [_thread_blocked, id=25104, stack(0x00000034da000000,0x00000034da100000) (1024K)]
  0x0000015318bd5ec0 JavaThread "http-nio-8083-exec-7"       daemon [_thread_blocked, id=31004, stack(0x00000034da100000,0x00000034da200000) (1024K)]
  0x0000015318bd51a0 JavaThread "http-nio-8083-exec-8"       daemon [_thread_blocked, id=30600, stack(0x00000034da200000,0x00000034da300000) (1024K)]
  0x0000015318bd5830 JavaThread "http-nio-8083-exec-9"       daemon [_thread_blocked, id=11840, stack(0x00000034da300000,0x00000034da400000) (1024K)]
  0x0000015318bd3760 JavaThread "http-nio-8083-exec-10"      daemon [_thread_blocked, id=5676, stack(0x00000034da400000,0x00000034da500000) (1024K)]
  0x0000015318bd4480 JavaThread "http-nio-8083-Poller"       daemon [_thread_in_native, id=26944, stack(0x00000034da500000,0x00000034da600000) (1024K)]
  0x0000015318bd4b10 JavaThread "http-nio-8083-Acceptor"     daemon [_thread_in_native, id=28940, stack(0x00000034da600000,0x00000034da700000) (1024K)]
  0x00000153185325b0 JavaThread "DestroyJavaVM"                     [_thread_blocked, id=26092, stack(0x00000034d7100000,0x00000034d7200000) (1024K)]
  0x000001531852d060 JavaThread "DiscoveryClient-CacheRefreshExecutor-%d" daemon [_thread_blocked, id=616, stack(0x00000034d8900000,0x00000034d8a00000) (1024K)]
  0x000001531852dd80 JavaThread "DiscoveryClient-HeartbeatExecutor-%d" daemon [_thread_blocked, id=25216, stack(0x00000034d9600000,0x00000034d9700000) (1024K)]
  0x000001531852d6f0 JavaThread "AsyncResolver-bootstrap-executor-%d" daemon [_thread_blocked, id=31324, stack(0x00000034da700000,0x00000034da800000) (1024K)]
Total: 38

Other Threads:
  0x00000152ac6f49d0 VMThread "VM Thread"                           [id=4840, stack(0x00000034d7800000,0x00000034d7900000) (1024K)]
  0x00000152cdde7fc0 WatcherThread "VM Periodic Task Thread"        [id=28224, stack(0x00000034d7700000,0x00000034d7800000) (1024K)]
  0x00000152ac6f54b0 WorkerThread "GC Thread#0"                     [id=30376, stack(0x00000034d7200000,0x00000034d7300000) (1024K)]
  0x00000152ac6f5110 WorkerThread "GC Thread#1"                     [id=3624, stack(0x00000034d8400000,0x00000034d8500000) (1024K)]
  0x00000152ac6f5850 WorkerThread "GC Thread#2"                     [id=30172, stack(0x00000034d8500000,0x00000034d8600000) (1024K)]
  0x00000152ac6f4d70 WorkerThread "GC Thread#3"                     [id=24404, stack(0x00000034d8600000,0x00000034d8700000) (1024K)]
  0x00000152ac6f3ef0 WorkerThread "GC Thread#4"                     [id=28576, stack(0x00000034d8700000,0x00000034d8800000) (1024K)]
  0x0000015313b6d690 WorkerThread "GC Thread#5"                     [id=31612, stack(0x00000034d8800000,0x00000034d8900000) (1024K)]
  0x0000015313b6da30 WorkerThread "GC Thread#6"                     [id=21340, stack(0x00000034d8a00000,0x00000034d8b00000) (1024K)]
  0x0000015313b6fad0 WorkerThread "GC Thread#7"                     [id=23624, stack(0x00000034d8c00000,0x00000034d8d00000) (1024K)]
  0x0000015313b6f390 WorkerThread "GC Thread#8"                     [id=25404, stack(0x00000034d8d00000,0x00000034d8e00000) (1024K)]
  0x0000015313b6fe70 WorkerThread "GC Thread#9"                     [id=29772, stack(0x00000034d8e00000,0x00000034d8f00000) (1024K)]
  0x00000152aca7cec0 ConcurrentGCThread "G1 Main Marker"            [id=24936, stack(0x00000034d7300000,0x00000034d7400000) (1024K)]
  0x00000152ac6f4290 WorkerThread "G1 Conc#0"                       [id=16184, stack(0x00000034d7400000,0x00000034d7500000) (1024K)]
  0x0000015313b6e510 WorkerThread "G1 Conc#1"                       [id=21544, stack(0x00000034d9000000,0x00000034d9100000) (1024K)]
  0x0000015313b6e170 WorkerThread "G1 Conc#2"                       [id=27788, stack(0x00000034d9100000,0x00000034d9200000) (1024K)]
  0x00000152cdcbafb0 ConcurrentGCThread "G1 Refine#0"               [id=4904, stack(0x00000034d7500000,0x00000034d7600000) (1024K)]
  0x00000152cdcbba30 ConcurrentGCThread "G1 Service"                [id=25592, stack(0x00000034d7600000,0x00000034d7700000) (1024K)]
Total: 18

Threads with active compile tasks:
C2 CompilerThread0  12825870 15959       4       com.fasterxml.jackson.databind.SerializerProvider::findValueSerializer (68 bytes)
Total: 1

VM state: not at safepoint (normal execution)

VM Mutex/Monitor currently owned by a thread: None

Heap address: 0x0000000705a00000, size: 4006 MB, Compressed Oops mode: Zero based, Oop shift amount: 3

CDS archive(s) mapped at: [0x00000152ce000000-0x00000152cec90000-0x00000152cec90000), size 13172736, SharedBaseAddress: 0x00000152ce000000, ArchiveRelocationMode: 1.
Compressed class space mapped at: 0x00000152cf000000-0x000001530f000000, reserved size: 1073741824
Narrow klass base: 0x00000152ce000000, Narrow klass shift: 0, Narrow klass range: 0x100000000

GC Precious Log:
 CardTable entry size: 512
 Card Set container configuration: InlinePtr #cards 4 size 8 Array Of Cards #cards 16 size 48 Howl #buckets 8 coarsen threshold 3686 Howl Bitmap #cards 512 size 80 coarsen threshold 460 Card regions per heap region 1 cards per card region 4096
 CPUs: 12 total, 12 available
 Memory: 16016M
 Large Page Support: Disabled
 NUMA Support: Disabled
 Compressed Oops: Enabled (Zero based)
 Heap Region Size: 2M
 Heap Min Capacity: 8M
 Heap Initial Capacity: 252M
 Heap Max Capacity: 4006M
 Pre-touch: Disabled
 Parallel Workers: 10
 Concurrent Workers: 3
 Concurrent Refinement Workers: 10
 Periodic GC: Disabled

Heap:
 garbage-first heap   total 118784K, used 84043K [0x0000000705a00000, 0x0000000800000000)
  region size 2048K, 20 young (40960K), 2 survivors (4096K)
 Metaspace       used 99915K, committed 101120K, reserved 1179648K
  class space    used 13373K, committed 14016K, reserved 1048576K

Heap Regions: E=young(eden), S=young(survivor), O=old, HS=humongous(starts), HC=humongous(continues), CS=collection set, F=free, TAMS=top-at-mark-start, PB=parsable bottom
|   0|0x0000000705a00000, 0x0000000705c00000, 0x0000000705c00000|100%| O|  |TAMS 0x0000000705a00000| PB 0x0000000705a00000| Untracked 
|   1|0x0000000705c00000, 0x0000000705e00000, 0x0000000705e00000|100%| O|  |TAMS 0x0000000705c00000| PB 0x0000000705c00000| Untracked 
|   2|0x0000000705e00000, 0x0000000706000000, 0x0000000706000000|100%| O|  |TAMS 0x0000000705e00000| PB 0x0000000705e00000| Untracked 
|   3|0x0000000706000000, 0x0000000706200000, 0x0000000706200000|100%| O|  |TAMS 0x0000000706000000| PB 0x0000000706000000| Untracked 
|   4|0x0000000706200000, 0x0000000706400000, 0x0000000706400000|100%| O|  |TAMS 0x0000000706200000| PB 0x0000000706200000| Untracked 
|   5|0x0000000706400000, 0x0000000706600000, 0x0000000706600000|100%| O|  |TAMS 0x0000000706400000| PB 0x0000000706400000| Untracked 
|   6|0x0000000706600000, 0x0000000706800000, 0x0000000706800000|100%| O|  |TAMS 0x0000000706600000| PB 0x0000000706600000| Untracked 
|   7|0x0000000706800000, 0x0000000706a00000, 0x0000000706a00000|100%| O|  |TAMS 0x0000000706800000| PB 0x0000000706800000| Untracked 
|   8|0x0000000706a00000, 0x0000000706c00000, 0x0000000706c00000|100%| O|  |TAMS 0x0000000706a00000| PB 0x0000000706a00000| Untracked 
|   9|0x0000000706c00000, 0x0000000706e00000, 0x0000000706e00000|100%| O|  |TAMS 0x0000000706c00000| PB 0x0000000706c00000| Untracked 
|  10|0x0000000706e00000, 0x0000000707000000, 0x0000000707000000|100%| O|  |TAMS 0x0000000706e00000| PB 0x0000000706e00000| Untracked 
|  11|0x0000000707000000, 0x0000000707200000, 0x0000000707200000|100%| O|  |TAMS 0x0000000707000000| PB 0x0000000707000000| Untracked 
|  12|0x0000000707200000, 0x0000000707400000, 0x0000000707400000|100%| O|  |TAMS 0x0000000707200000| PB 0x0000000707200000| Untracked 
|  13|0x0000000707400000, 0x0000000707600000, 0x0000000707600000|100%| O|  |TAMS 0x0000000707400000| PB 0x0000000707400000| Untracked 
|  14|0x0000000707600000, 0x0000000707800000, 0x0000000707800000|100%| O|  |TAMS 0x0000000707600000| PB 0x0000000707600000| Untracked 
|  15|0x0000000707800000, 0x0000000707957ea8, 0x0000000707a00000| 67%| O|  |TAMS 0x0000000707800000| PB 0x0000000707800000| Untracked 
|  16|0x0000000707a00000, 0x0000000707a00000, 0x0000000707c00000|  0%| F|  |TAMS 0x0000000707a00000| PB 0x0000000707a00000| Untracked 
|  17|0x0000000707c00000, 0x0000000707e00000, 0x0000000707e00000|100%| O|  |TAMS 0x0000000707c00000| PB 0x0000000707c00000| Untracked 
|  18|0x0000000707e00000, 0x0000000707e00000, 0x0000000708000000|  0%| F|  |TAMS 0x0000000707e00000| PB 0x0000000707e00000| Untracked 
|  19|0x0000000708000000, 0x0000000708200000, 0x0000000708200000|100%| O|  |TAMS 0x0000000708000000| PB 0x0000000708000000| Untracked 
|  20|0x0000000708200000, 0x0000000708400000, 0x0000000708400000|100%| O|  |TAMS 0x0000000708200000| PB 0x0000000708200000| Untracked 
|  21|0x0000000708400000, 0x0000000708400000, 0x0000000708600000|  0%| F|  |TAMS 0x0000000708400000| PB 0x0000000708400000| Untracked 
|  22|0x0000000708600000, 0x00000007086bb080, 0x0000000708800000| 36%| S|CS|TAMS 0x0000000708600000| PB 0x0000000708600000| Complete 
|  23|0x0000000708800000, 0x0000000708a00000, 0x0000000708a00000|100%| S|CS|TAMS 0x0000000708800000| PB 0x0000000708800000| Complete 
|  24|0x0000000708a00000, 0x0000000708a00000, 0x0000000708c00000|  0%| F|  |TAMS 0x0000000708a00000| PB 0x0000000708a00000| Untracked 
|  25|0x0000000708c00000, 0x0000000708e00000, 0x0000000708e00000|100%| O|  |TAMS 0x0000000708c00000| PB 0x0000000708c00000| Untracked 
|  26|0x0000000708e00000, 0x0000000709000000, 0x0000000709000000|100%| O|  |TAMS 0x0000000708e00000| PB 0x0000000708e00000| Untracked 
|  27|0x0000000709000000, 0x0000000709200000, 0x0000000709200000|100%| O|  |TAMS 0x0000000709000000| PB 0x0000000709000000| Untracked 
|  28|0x0000000709200000, 0x0000000709200000, 0x0000000709400000|  0%| F|  |TAMS 0x0000000709200000| PB 0x0000000709200000| Untracked 
|  29|0x0000000709400000, 0x0000000709400000, 0x0000000709600000|  0%| F|  |TAMS 0x0000000709400000| PB 0x0000000709400000| Untracked 
|  30|0x0000000709600000, 0x0000000709800000, 0x0000000709800000|100%| O|  |TAMS 0x0000000709600000| PB 0x0000000709600000| Untracked 
|  31|0x0000000709800000, 0x0000000709800000, 0x0000000709a00000|  0%| F|  |TAMS 0x0000000709800000| PB 0x0000000709800000| Untracked 
|  32|0x0000000709a00000, 0x0000000709a00000, 0x0000000709c00000|  0%| F|  |TAMS 0x0000000709a00000| PB 0x0000000709a00000| Untracked 
|  33|0x0000000709c00000, 0x0000000709c00000, 0x0000000709e00000|  0%| F|  |TAMS 0x0000000709c00000| PB 0x0000000709c00000| Untracked 
|  34|0x0000000709e00000, 0x0000000709e00000, 0x000000070a000000|  0%| F|  |TAMS 0x0000000709e00000| PB 0x0000000709e00000| Untracked 
|  35|0x000000070a000000, 0x000000070a000000, 0x000000070a200000|  0%| F|  |TAMS 0x000000070a000000| PB 0x000000070a000000| Untracked 
|  36|0x000000070a200000, 0x000000070a200000, 0x000000070a400000|  0%| F|  |TAMS 0x000000070a200000| PB 0x000000070a200000| Untracked 
|  37|0x000000070a400000, 0x000000070a400000, 0x000000070a600000|  0%| F|  |TAMS 0x000000070a400000| PB 0x000000070a400000| Untracked 
|  38|0x000000070a600000, 0x000000070a600000, 0x000000070a800000|  0%| F|  |TAMS 0x000000070a600000| PB 0x000000070a600000| Untracked 
|  39|0x000000070a800000, 0x000000070a800000, 0x000000070aa00000|  0%| F|  |TAMS 0x000000070a800000| PB 0x000000070a800000| Untracked 
|  40|0x000000070aa00000, 0x000000070aa9ff98, 0x000000070ac00000| 31%| E|  |TAMS 0x000000070aa00000| PB 0x000000070aa00000| Complete 
|  41|0x000000070ac00000, 0x000000070ae00000, 0x000000070ae00000|100%| E|CS|TAMS 0x000000070ac00000| PB 0x000000070ac00000| Complete 
|  42|0x000000070ae00000, 0x000000070b000000, 0x000000070b000000|100%| E|CS|TAMS 0x000000070ae00000| PB 0x000000070ae00000| Complete 
|  43|0x000000070b000000, 0x000000070b200000, 0x000000070b200000|100%| E|CS|TAMS 0x000000070b000000| PB 0x000000070b000000| Complete 
|  44|0x000000070b200000, 0x000000070b400000, 0x000000070b400000|100%| E|CS|TAMS 0x000000070b200000| PB 0x000000070b200000| Complete 
|  45|0x000000070b400000, 0x000000070b600000, 0x000000070b600000|100%| E|CS|TAMS 0x000000070b400000| PB 0x000000070b400000| Complete 
|  46|0x000000070b600000, 0x000000070b800000, 0x000000070b800000|100%| E|CS|TAMS 0x000000070b600000| PB 0x000000070b600000| Complete 
|  47|0x000000070b800000, 0x000000070ba00000, 0x000000070ba00000|100%| E|CS|TAMS 0x000000070b800000| PB 0x000000070b800000| Complete 
|  48|0x000000070ba00000, 0x000000070bc00000, 0x000000070bc00000|100%| E|CS|TAMS 0x000000070ba00000| PB 0x000000070ba00000| Complete 
|  49|0x000000070bc00000, 0x000000070be00000, 0x000000070be00000|100%| E|CS|TAMS 0x000000070bc00000| PB 0x000000070bc00000| Complete 
|  50|0x000000070be00000, 0x000000070c000000, 0x000000070c000000|100%| E|CS|TAMS 0x000000070be00000| PB 0x000000070be00000| Complete 
| 105|0x0000000712c00000, 0x0000000712e00000, 0x0000000712e00000|100%| E|CS|TAMS 0x0000000712c00000| PB 0x0000000712c00000| Complete 
| 106|0x0000000712e00000, 0x0000000713000000, 0x0000000713000000|100%| E|CS|TAMS 0x0000000712e00000| PB 0x0000000712e00000| Complete 
| 107|0x0000000713000000, 0x0000000713200000, 0x0000000713200000|100%| E|CS|TAMS 0x0000000713000000| PB 0x0000000713000000| Complete 
| 108|0x0000000713200000, 0x0000000713400000, 0x0000000713400000|100%| E|CS|TAMS 0x0000000713200000| PB 0x0000000713200000| Complete 
| 109|0x0000000713400000, 0x0000000713600000, 0x0000000713600000|100%| E|CS|TAMS 0x0000000713400000| PB 0x0000000713400000| Complete 
| 125|0x0000000715400000, 0x0000000715600000, 0x0000000715600000|100%| E|CS|TAMS 0x0000000715400000| PB 0x0000000715400000| Complete 
|2002|0x00000007ffe00000, 0x0000000800000000, 0x0000000800000000|100%| E|CS|TAMS 0x00000007ffe00000| PB 0x00000007ffe00000| Complete 

Card table byte_map: [0x00000152c6aa0000,0x00000152c7280000] _byte_map_base: 0x00000152c3273000

Marking Bits: (CMBitMap*) 0x00000152aca6cb90
 Bits: [0x00000152c7280000, 0x00000152cb118000)

Polling page: 0x00000152b65f0000

Metaspace:

Usage:
  Non-class:     84.51 MB used.
      Class:     13.06 MB used.
       Both:     97.57 MB used.

Virtual space:
  Non-class space:      128.00 MB reserved,      85.06 MB ( 66%) committed,  2 nodes.
      Class space:        1.00 GB reserved,      13.69 MB (  1%) committed,  1 nodes.
             Both:        1.12 GB reserved,      98.75 MB (  9%) committed. 

Chunk freelists:
   Non-Class:  10.42 MB
       Class:  2.60 MB
        Both:  13.03 MB

MaxMetaspaceSize: unlimited
CompressedClassSpaceSize: 1.00 GB
Initial GC threshold: 21.00 MB
Current GC threshold: 164.50 MB
CDS: on
 - commit_granule_bytes: 65536.
 - commit_granule_words: 8192.
 - virtual_space_node_default_size: 8388608.
 - enlarge_chunks_in_place: 1.
 - use_allocation_guard: 0.


Internal statistics:

num_allocs_failed_limit: 9.
num_arena_births: 1658.
num_arena_deaths: 578.
num_vsnodes_births: 3.
num_vsnodes_deaths: 0.
num_space_committed: 1580.
num_space_uncommitted: 0.
num_chunks_returned_to_freelist: 660.
num_chunks_taken_from_freelist: 5528.
num_chunk_merges: 162.
num_chunk_splits: 3760.
num_chunks_enlarged: 2880.
num_inconsistent_stats: 0.

CodeHeap 'non-profiled nmethods': size=120000Kb used=9454Kb max_used=9454Kb free=110545Kb
 bounds [0x00000152be0e0000, 0x00000152bea40000, 0x00000152c5610000]
CodeHeap 'profiled nmethods': size=120000Kb used=20077Kb max_used=22689Kb free=99922Kb
 bounds [0x00000152b6610000, 0x00000152b7c40000, 0x00000152bdb40000]
CodeHeap 'non-nmethods': size=5760Kb used=1799Kb max_used=1866Kb free=3961Kb
 bounds [0x00000152bdb40000, 0x00000152bddb0000, 0x00000152be0e0000]
 total_blobs=10486 nmethods=9683 adapters=705
 compilation: enabled
              stopped_count=0, restarted_count=0
 full_count=0

Compilation events (20 events):
Event: 12675.591 Thread 0x00000152cde33600 nmethod 15949 0x00000152be645a10 code [0x00000152be645ce0, 0x00000152be647470]
Event: 12714.380 Thread 0x00000152cde33600 15950       4       java.nio.ByteBuffer::allocate (20 bytes)
Event: 12714.384 Thread 0x00000152cde33600 nmethod 15950 0x00000152be8d7690 code [0x00000152be8d7820, 0x00000152be8d7af8]
Event: 12744.627 Thread 0x00000152cde33600 15951       4       java.util.concurrent.locks.AbstractQueuedSynchronizer$ConditionObject::doSignal (54 bytes)
Event: 12744.648 Thread 0x00000152cde33600 nmethod 15951 0x00000152be7de410 code [0x00000152be7de5c0, 0x00000152be7dec38]
Event: 12765.649 Thread 0x00000152cde36dd0 15952       3       com.fasterxml.jackson.core.JsonFactory$Feature::getMask (7 bytes)
Event: 12765.649 Thread 0x00000152cde36dd0 nmethod 15952 0x00000152b66b2190 code [0x00000152b66b2320, 0x00000152b66b2448]
Event: 12774.457 Thread 0x00000152cde36dd0 15953       3       com.fasterxml.jackson.databind.type.MapLikeType::withHandlersFrom (91 bytes)
Event: 12774.458 Thread 0x00000152cde36dd0 nmethod 15953 0x00000152b74a8190 code [0x00000152b74a83e0, 0x00000152b74a8dd0]
Event: 12804.483 Thread 0x00000152cde36dd0 15954       3       com.fasterxml.jackson.databind.deser.std.UntypedObjectDeserializer::resolve (209 bytes)
Event: 12804.488 Thread 0x00000152cde36dd0 nmethod 15954 0x00000152b6a18090 code [0x00000152b6a18640, 0x00000152b6a1b618]
Event: 12804.488 Thread 0x00000152cde36dd0 15955       3       com.fasterxml.jackson.databind.type.TypeBindings::createIfNeeded (100 bytes)
Event: 12804.490 Thread 0x00000152cde36dd0 nmethod 15955 0x00000152b6e4da90 code [0x00000152b6e4dde0, 0x00000152b6e4f268]
Event: 12804.490 Thread 0x00000152cde36dd0 15956       3       com.fasterxml.jackson.databind.type.TypeFactory::constructMapType (149 bytes)
Event: 12804.493 Thread 0x00000152cde36dd0 nmethod 15956 0x00000152b6d74090 code [0x00000152b6d74500, 0x00000152b6d76ba0]
Event: 12804.671 Thread 0x00000152cde33600 15957       4       java.util.Collections$EmptyMap::forEach (6 bytes)
Event: 12804.671 Thread 0x00000152cde33600 nmethod 15957 0x00000152be7de110 code [0x00000152be7de2a0, 0x00000152be7de340]
Event: 12825.692 Thread 0x00000152cde36dd0 15958       3       org.springframework.cloud.netflix.eureka.EurekaInstanceConfigBean::getHostName (55 bytes)
Event: 12825.693 Thread 0x00000152cde36dd0 nmethod 15958 0x00000152b6da1d90 code [0x00000152b6da1f40, 0x00000152b6da2278]
Event: 12825.699 Thread 0x00000152cde33600 15959       4       com.fasterxml.jackson.databind.SerializerProvider::findValueSerializer (68 bytes)

GC Heap History (20 events):
Event: 2659.032 GC heap before
{Heap before GC invocations=27 (full 0):
 garbage-first heap   total 116736K, used 100270K [0x0000000705a00000, 0x0000000800000000)
  region size 2048K, 22 young (45056K), 2 survivors (4096K)
 Metaspace       used 99109K, committed 100160K, reserved 1179648K
  class space    used 13498K, committed 14016K, reserved 1048576K
}
Event: 2659.068 GC heap after
{Heap after GC invocations=28 (full 0):
 garbage-first heap   total 116736K, used 61637K [0x0000000705a00000, 0x0000000800000000)
  region size 2048K, 2 young (4096K), 2 survivors (4096K)
 Metaspace       used 99109K, committed 100160K, reserved 1179648K
  class space    used 13498K, committed 14016K, reserved 1048576K
}
Event: 3557.000 GC heap before
{Heap before GC invocations=28 (full 0):
 garbage-first heap   total 116736K, used 102597K [0x0000000705a00000, 0x0000000800000000)
  region size 2048K, 22 young (45056K), 2 survivors (4096K)
 Metaspace       used 99338K, committed 100416K, reserved 1179648K
  class space    used 13499K, committed 14016K, reserved 1048576K
}
Event: 3557.023 GC heap after
{Heap after GC invocations=29 (full 0):
 garbage-first heap   total 116736K, used 59414K [0x0000000705a00000, 0x0000000800000000)
  region size 2048K, 2 young (4096K), 2 survivors (4096K)
 Metaspace       used 99338K, committed 100416K, reserved 1179648K
  class space    used 13499K, committed 14016K, reserved 1048576K
}
Event: 4497.278 GC heap before
{Heap before GC invocations=29 (full 0):
 garbage-first heap   total 116736K, used 102422K [0x0000000705a00000, 0x0000000800000000)
  region size 2048K, 23 young (47104K), 2 survivors (4096K)
 Metaspace       used 99654K, committed 100736K, reserved 1179648K
  class space    used 13499K, committed 14016K, reserved 1048576K
}
Event: 4497.283 GC heap after
{Heap after GC invocations=30 (full 0):
 garbage-first heap   total 116736K, used 59384K [0x0000000705a00000, 0x0000000800000000)
  region size 2048K, 2 young (4096K), 2 survivors (4096K)
 Metaspace       used 99654K, committed 100736K, reserved 1179648K
  class space    used 13499K, committed 14016K, reserved 1048576K
}
Event: 5417.061 GC heap before
{Heap before GC invocations=31 (full 0):
 garbage-first heap   total 116736K, used 102392K [0x0000000705a00000, 0x0000000800000000)
  region size 2048K, 23 young (47104K), 2 survivors (4096K)
 Metaspace       used 99323K, committed 100864K, reserved 1179648K
  class space    used 13356K, committed 14016K, reserved 1048576K
}
Event: 5417.072 GC heap after
{Heap after GC invocations=32 (full 0):
 garbage-first heap   total 116736K, used 58936K [0x0000000705a00000, 0x0000000800000000)
  region size 2048K, 2 young (4096K), 2 survivors (4096K)
 Metaspace       used 99323K, committed 100864K, reserved 1179648K
  class space    used 13356K, committed 14016K, reserved 1048576K
}
Event: 6386.390 GC heap before
{Heap before GC invocations=32 (full 0):
 garbage-first heap   total 116736K, used 101944K [0x0000000705a00000, 0x0000000800000000)
  region size 2048K, 23 young (47104K), 2 survivors (4096K)
 Metaspace       used 99369K, committed 100864K, reserved 1179648K
  class space    used 13357K, committed 14016K, reserved 1048576K
}
Event: 6386.408 GC heap after
{Heap after GC invocations=33 (full 0):
 garbage-first heap   total 116736K, used 53877K [0x0000000705a00000, 0x0000000800000000)
  region size 2048K, 2 young (4096K), 2 survivors (4096K)
 Metaspace       used 99369K, committed 100864K, reserved 1179648K
  class space    used 13357K, committed 14016K, reserved 1048576K
}
Event: 7458.675 GC heap before
{Heap before GC invocations=33 (full 0):
 garbage-first heap   total 116736K, used 103029K [0x0000000705a00000, 0x0000000800000000)
  region size 2048K, 26 young (53248K), 2 survivors (4096K)
 Metaspace       used 99596K, committed 100992K, reserved 1179648K
  class space    used 13372K, committed 14016K, reserved 1048576K
}
Event: 7458.696 GC heap after
{Heap after GC invocations=34 (full 0):
 garbage-first heap   total 118784K, used 50129K [0x0000000705a00000, 0x0000000800000000)
  region size 2048K, 2 young (4096K), 2 survivors (4096K)
 Metaspace       used 99596K, committed 100992K, reserved 1179648K
  class space    used 13372K, committed 14016K, reserved 1048576K
}
Event: 8662.846 GC heap before
{Heap before GC invocations=34 (full 0):
 garbage-first heap   total 118784K, used 103377K [0x0000000705a00000, 0x0000000800000000)
  region size 2048K, 28 young (57344K), 2 survivors (4096K)
 Metaspace       used 99646K, committed 100992K, reserved 1179648K
  class space    used 13373K, committed 14016K, reserved 1048576K
}
Event: 8662.861 GC heap after
{Heap after GC invocations=35 (full 0):
 garbage-first heap   total 118784K, used 50365K [0x0000000705a00000, 0x0000000800000000)
  region size 2048K, 2 young (4096K), 2 survivors (4096K)
 Metaspace       used 99646K, committed 100992K, reserved 1179648K
  class space    used 13373K, committed 14016K, reserved 1048576K
}
Event: 9837.289 GC heap before
{Heap before GC invocations=35 (full 0):
 garbage-first heap   total 118784K, used 103613K [0x0000000705a00000, 0x0000000800000000)
  region size 2048K, 28 young (57344K), 2 survivors (4096K)
 Metaspace       used 99857K, committed 101056K, reserved 1179648K
  class space    used 13373K, committed 14016K, reserved 1048576K
}
Event: 9837.302 GC heap after
{Heap after GC invocations=36 (full 0):
 garbage-first heap   total 118784K, used 50571K [0x0000000705a00000, 0x0000000800000000)
  region size 2048K, 2 young (4096K), 2 survivors (4096K)
 Metaspace       used 99857K, committed 101056K, reserved 1179648K
  class space    used 13373K, committed 14016K, reserved 1048576K
}
Event: 11011.652 GC heap before
{Heap before GC invocations=37 (full 0):
 garbage-first heap   total 118784K, used 103819K [0x0000000705a00000, 0x0000000800000000)
  region size 2048K, 28 young (57344K), 2 survivors (4096K)
 Metaspace       used 99890K, committed 101056K, reserved 1179648K
  class space    used 13373K, committed 14016K, reserved 1048576K
}
Event: 11011.664 GC heap after
{Heap after GC invocations=38 (full 0):
 garbage-first heap   total 118784K, used 50464K [0x0000000705a00000, 0x0000000800000000)
  region size 2048K, 2 young (4096K), 2 survivors (4096K)
 Metaspace       used 99890K, committed 101056K, reserved 1179648K
  class space    used 13373K, committed 14016K, reserved 1048576K
}
Event: 12215.756 GC heap before
{Heap before GC invocations=38 (full 0):
 garbage-first heap   total 118784K, used 103712K [0x0000000705a00000, 0x0000000800000000)
  region size 2048K, 28 young (57344K), 2 survivors (4096K)
 Metaspace       used 99892K, committed 101056K, reserved 1179648K
  class space    used 13373K, committed 14016K, reserved 1048576K
}
Event: 12215.774 GC heap after
{Heap after GC invocations=39 (full 0):
 garbage-first heap   total 118784K, used 49227K [0x0000000705a00000, 0x0000000800000000)
  region size 2048K, 2 young (4096K), 2 survivors (4096K)
 Metaspace       used 99892K, committed 101056K, reserved 1179648K
  class space    used 13373K, committed 14016K, reserved 1048576K
}

Dll operation events (11 events):
Event: 0.007 Loaded shared library C:\Program Files\Java\jdk-21\bin\java.dll
Event: 0.036 Loaded shared library C:\Program Files\Java\jdk-21\bin\jsvml.dll
Event: 0.082 Loaded shared library C:\Program Files\Java\jdk-21\bin\net.dll
Event: 0.083 Loaded shared library C:\Program Files\Java\jdk-21\bin\nio.dll
Event: 0.085 Loaded shared library C:\Program Files\Java\jdk-21\bin\zip.dll
Event: 0.252 Loaded shared library C:\Program Files\Java\jdk-21\bin\jimage.dll
Event: 1.386 Loaded shared library C:\Program Files\Java\jdk-21\bin\sunmscapi.dll
Event: 1.791 Loaded shared library C:\Program Files\Java\jdk-21\bin\extnet.dll
Event: 4.055 Loaded shared library C:\Program Files\Java\jdk-21\bin\management.dll
Event: 4.056 Loaded shared library C:\Program Files\Java\jdk-21\bin\management_ext.dll
Event: 5.301 Loaded shared library C:\Program Files\Java\jdk-21\bin\verify.dll

Deoptimization events (20 events):
Event: 9756.217 Thread 0x0000015318531200 DEOPT PACKING pc=0x00000152be624afc sp=0x00000034d9afdf90
Event: 9756.217 Thread 0x0000015318531200 DEOPT UNPACKING pc=0x00000152bdb946a2 sp=0x00000034d9afdf38 mode 2
Event: 9756.217 Thread 0x0000015318531200 Uncommon trap: trap_request=0xffffffd6 fr.pc=0x00000152be624afc relative=0x000000000000033c
Event: 9756.217 Thread 0x0000015318531200 Uncommon trap: reason=array_check action=maybe_recompile pc=0x00000152be624afc method=java.util.LinkedList.toArray([Ljava/lang/Object;)[Ljava/lang/Object; @ 52 c2
Event: 9756.217 Thread 0x0000015318531200 DEOPT PACKING pc=0x00000152be624afc sp=0x00000034d9afdf90
Event: 9756.217 Thread 0x0000015318531200 DEOPT UNPACKING pc=0x00000152bdb946a2 sp=0x00000034d9afdf38 mode 2
Event: 11317.782 Thread 0x000001531852d060 Uncommon trap: trap_request=0xffffff45 fr.pc=0x00000152be378860 relative=0x00000000000003a0
Event: 11317.782 Thread 0x000001531852d060 Uncommon trap: reason=unstable_if action=reinterpret pc=0x00000152be378860 method=java.util.concurrent.ConcurrentLinkedQueue.offer(Ljava/lang/Object;)Z @ 67 c2
Event: 11317.782 Thread 0x000001531852d060 DEOPT PACKING pc=0x00000152be378860 sp=0x00000034d89fe7a0
Event: 11317.782 Thread 0x000001531852d060 DEOPT UNPACKING pc=0x00000152bdb946a2 sp=0x00000034d89fe748 mode 2
Event: 11420.151 Thread 0x000001531852dd80 DEOPT PACKING pc=0x00000152b6b4839b sp=0x00000034d96fe250
Event: 11420.151 Thread 0x000001531852dd80 DEOPT UNPACKING pc=0x00000152bdb94e42 sp=0x00000034d96fd788 mode 0
Event: 12462.168 Thread 0x0000015318531200 Uncommon trap: trap_request=0xfffffff4 fr.pc=0x00000152bea2934c relative=0x00000000000078ac
Event: 12462.168 Thread 0x0000015318531200 Uncommon trap: reason=null_check action=make_not_entrant pc=0x00000152bea2934c method=com.fasterxml.jackson.databind.ser.BasicSerializerFactory.findSerializerByAnnotations(Lcom/fasterxml/jackson/databind/SerializerProvider;Lcom/fasterxml/jackson/databind/
Event: 12462.168 Thread 0x0000015318531200 DEOPT PACKING pc=0x00000152bea2934c sp=0x00000034d9afdce0
Event: 12462.168 Thread 0x0000015318531200 DEOPT UNPACKING pc=0x00000152bdb946a2 sp=0x00000034d9afda78 mode 2
Event: 12675.518 Thread 0x0000015318531200 Uncommon trap: trap_request=0xfffffff4 fr.pc=0x00000152bea3ac94 relative=0x00000000000077f4
Event: 12675.518 Thread 0x0000015318531200 Uncommon trap: reason=null_check action=make_not_entrant pc=0x00000152bea3ac94 method=org.springframework.cloud.netflix.eureka.http.EurekaHttpClientUtils$1.modifySerializer(Lcom/fasterxml/jackson/databind/SerializationConfig;Lcom/fasterxml/jackson/databin
Event: 12675.518 Thread 0x0000015318531200 DEOPT PACKING pc=0x00000152bea3ac94 sp=0x00000034d9afdce0
Event: 12675.519 Thread 0x0000015318531200 DEOPT UNPACKING pc=0x00000152bdb946a2 sp=0x00000034d9afdaa0 mode 2

Classes loaded (20 events):
Event: 105.810 Loading class java/nio/BufferMismatch
Event: 105.810 Loading class java/nio/BufferMismatch done
Event: 105.810 Loading class sun/nio/ch/SourceChannelImpl
Event: 105.811 Loading class java/nio/channels/Pipe$SourceChannel
Event: 105.811 Loading class java/nio/channels/Pipe$SourceChannel done
Event: 105.811 Loading class sun/nio/ch/SourceChannelImpl done
Event: 105.811 Loading class sun/nio/ch/SinkChannelImpl
Event: 105.811 Loading class java/nio/channels/Pipe$SinkChannel
Event: 105.812 Loading class java/nio/channels/Pipe$SinkChannel done
Event: 105.812 Loading class sun/nio/ch/SinkChannelImpl done
Event: 105.814 Loading class java/nio/channels/spi/AbstractSelector$1
Event: 105.814 Loading class java/nio/channels/spi/AbstractSelector$1 done
Event: 105.825 Loading class java/util/TreeMap$ValueSpliterator
Event: 105.826 Loading class java/util/TreeMap$ValueSpliterator done
Event: 105.872 Loading class javax/management/ObjectName$PatternProperty
Event: 105.873 Loading class javax/management/ObjectName$PatternProperty done
Event: 105.874 Loading class com/sun/jmx/interceptor/DefaultMBeanServerInterceptor$ListenerWrapper
Event: 105.874 Loading class com/sun/jmx/interceptor/DefaultMBeanServerInterceptor$ListenerWrapper done
Event: 105.874 Loading class javax/management/NotificationBroadcasterSupport$ListenerInfo
Event: 105.874 Loading class javax/management/NotificationBroadcasterSupport$ListenerInfo done

Classes unloaded (20 events):
Event: 4497.351 Thread 0x00000152ac6f49d0 Unloading class 0x00000152cf118c00 'java/lang/invoke/LambdaForm$MH+0x00000152cf118c00'
Event: 4497.351 Thread 0x00000152ac6f49d0 Unloading class 0x00000152cf100000 'java/lang/invoke/LambdaForm$DMH+0x00000152cf100000'
Event: 4497.352 Thread 0x00000152ac6f49d0 Unloading class 0x00000152cf0d1000 'java/lang/invoke/LambdaForm$MH+0x00000152cf0d1000'
Event: 4497.352 Thread 0x00000152ac6f49d0 Unloading class 0x00000152cf01b800 'java/lang/invoke/LambdaForm$MH+0x00000152cf01b800'
Event: 4497.352 Thread 0x00000152ac6f49d0 Unloading class 0x00000152cf01b000 'java/lang/invoke/LambdaForm$MH+0x00000152cf01b000'
Event: 4497.352 Thread 0x00000152ac6f49d0 Unloading class 0x00000152cf01a800 'java/lang/invoke/LambdaForm$MH+0x00000152cf01a800'
Event: 4497.352 Thread 0x00000152ac6f49d0 Unloading class 0x00000152cf01a400 'java/lang/invoke/LambdaForm$MH+0x00000152cf01a400'
Event: 4497.352 Thread 0x00000152ac6f49d0 Unloading class 0x00000152cf019400 'java/lang/invoke/LambdaForm$MH+0x00000152cf019400'
Event: 4497.352 Thread 0x00000152ac6f49d0 Unloading class 0x00000152cf018800 'java/lang/invoke/LambdaForm$MH+0x00000152cf018800'
Event: 4497.352 Thread 0x00000152ac6f49d0 Unloading class 0x00000152cf018400 'java/lang/invoke/LambdaForm$MH+0x00000152cf018400'
Event: 4497.352 Thread 0x00000152ac6f49d0 Unloading class 0x00000152cf017c00 'java/lang/invoke/LambdaForm$MH+0x00000152cf017c00'
Event: 4497.352 Thread 0x00000152ac6f49d0 Unloading class 0x00000152cf017800 'java/lang/invoke/LambdaForm$MH+0x00000152cf017800'
Event: 4497.352 Thread 0x00000152ac6f49d0 Unloading class 0x00000152cf017400 'java/lang/invoke/LambdaForm$MH+0x00000152cf017400'
Event: 4497.352 Thread 0x00000152ac6f49d0 Unloading class 0x00000152cf016800 'java/lang/invoke/LambdaForm$MH+0x00000152cf016800'
Event: 4497.352 Thread 0x00000152ac6f49d0 Unloading class 0x00000152cf015800 'java/lang/invoke/LambdaForm$MH+0x00000152cf015800'
Event: 4497.352 Thread 0x00000152ac6f49d0 Unloading class 0x00000152cf014c00 'java/lang/invoke/LambdaForm$MH+0x00000152cf014c00'
Event: 4497.352 Thread 0x00000152ac6f49d0 Unloading class 0x00000152cf014400 'java/lang/invoke/LambdaForm$MH+0x00000152cf014400'
Event: 9837.348 Thread 0x00000152ac6f49d0 Unloading class 0x00000152cf526800 'java/lang/invoke/LambdaForm$MH+0x00000152cf526800'
Event: 9837.348 Thread 0x00000152ac6f49d0 Unloading class 0x00000152cf525400 'java/lang/invoke/LambdaForm$DMH+0x00000152cf525400'
Event: 9837.348 Thread 0x00000152ac6f49d0 Unloading class 0x00000152cf524000 'java/lang/invoke/LambdaForm$DMH+0x00000152cf524000'

Classes redefined (0 events):
No events

Internal exceptions (20 events):
Event: 12705.761 Thread 0x0000015318533960 Exception <a 'java/net/NoRouteToHostException'{0x000000070b2093f8}: No route to host: no further information> (0x000000070b2093f8) 
thrown [s\open\src\hotspot\share\prims\jni.cpp, line 539]
Event: 12714.391 Thread 0x000001531852d060 Exception <a 'java/net/NoRouteToHostException'{0x000000070b26ac48}: No route to host: no further information> (0x000000070b26ac48) 
thrown [s\open\src\hotspot\share\prims\jni.cpp, line 539]
Event: 12714.586 Thread 0x000001531852dd80 Exception <a 'java/net/NoRouteToHostException'{0x000000070b2f38b8}: No route to host: no further information> (0x000000070b2f38b8) 
thrown [s\open\src\hotspot\share\prims\jni.cpp, line 539]
Event: 12714.814 Thread 0x0000015318533960 Exception <a 'java/net/NoRouteToHostException'{0x000000070b3602e0}: No route to host: no further information> (0x000000070b3602e0) 
thrown [s\open\src\hotspot\share\prims\jni.cpp, line 539]
Event: 12735.629 Thread 0x0000015318531200 Exception <a 'java/net/NoRouteToHostException'{0x000000070b3aba58}: No route to host: no further information> (0x000000070b3aba58) 
thrown [s\open\src\hotspot\share\prims\jni.cpp, line 539]
Event: 12735.962 Thread 0x0000015318533960 Exception <a 'java/net/NoRouteToHostException'{0x000000070b0061a8}: No route to host: no further information> (0x000000070b0061a8) 
thrown [s\open\src\hotspot\share\prims\jni.cpp, line 539]
Event: 12744.438 Thread 0x000001531852d060 Exception <a 'java/net/NoRouteToHostException'{0x000000070b07adc0}: No route to host: no further information> (0x000000070b07adc0) 
thrown [s\open\src\hotspot\share\prims\jni.cpp, line 539]
Event: 12744.626 Thread 0x000001531852dd80 Exception <a 'java/net/NoRouteToHostException'{0x000000070b100a68}: No route to host: no further information> (0x000000070b100a68) 
thrown [s\open\src\hotspot\share\prims\jni.cpp, line 539]
Event: 12745.046 Thread 0x0000015318533960 Exception <a 'java/net/NoRouteToHostException'{0x000000070b011e00}: No route to host: no further information> (0x000000070b011e00) 
thrown [s\open\src\hotspot\share\prims\jni.cpp, line 539]
Event: 12765.652 Thread 0x0000015318531200 Exception <a 'java/net/NoRouteToHostException'{0x000000070b1be920}: No route to host: no further information> (0x000000070b1be920) 
thrown [s\open\src\hotspot\share\prims\jni.cpp, line 539]
Event: 12766.176 Thread 0x0000015318533960 Exception <a 'java/net/NoRouteToHostException'{0x000000070b165520}: No route to host: no further information> (0x000000070b165520) 
thrown [s\open\src\hotspot\share\prims\jni.cpp, line 539]
Event: 12774.468 Thread 0x000001531852d060 Exception <a 'java/net/NoRouteToHostException'{0x000000070ae747f8}: No route to host: no further information> (0x000000070ae747f8) 
thrown [s\open\src\hotspot\share\prims\jni.cpp, line 539]
Event: 12774.650 Thread 0x000001531852dd80 Exception <a 'java/net/NoRouteToHostException'{0x000000070aef86c0}: No route to host: no further information> (0x000000070aef86c0) 
thrown [s\open\src\hotspot\share\prims\jni.cpp, line 539]
Event: 12775.240 Thread 0x0000015318533960 Exception <a 'java/net/NoRouteToHostException'{0x000000070af52af0}: No route to host: no further information> (0x000000070af52af0) 
thrown [s\open\src\hotspot\share\prims\jni.cpp, line 539]
Event: 12795.674 Thread 0x0000015318531200 Exception <a 'java/net/NoRouteToHostException'{0x000000070afc0240}: No route to host: no further information> (0x000000070afc0240) 
thrown [s\open\src\hotspot\share\prims\jni.cpp, line 539]
Event: 12796.390 Thread 0x0000015318533960 Exception <a 'java/net/NoRouteToHostException'{0x000000070afff780}: No route to host: no further information> (0x000000070afff780) 
thrown [s\open\src\hotspot\share\prims\jni.cpp, line 539]
Event: 12804.484 Thread 0x000001531852d060 Exception <a 'java/net/NoRouteToHostException'{0x000000070ac8bc88}: No route to host: no further information> (0x000000070ac8bc88) 
thrown [s\open\src\hotspot\share\prims\jni.cpp, line 539]
Event: 12804.672 Thread 0x000001531852dd80 Exception <a 'java/net/NoRouteToHostException'{0x000000070ad63300}: No route to host: no further information> (0x000000070ad63300) 
thrown [s\open\src\hotspot\share\prims\jni.cpp, line 539]
Event: 12805.454 Thread 0x0000015318533960 Exception <a 'java/net/NoRouteToHostException'{0x000000070ac0b8c8}: No route to host: no further information> (0x000000070ac0b8c8) 
thrown [s\open\src\hotspot\share\prims\jni.cpp, line 539]
Event: 12825.702 Thread 0x0000015318531200 Exception <a 'java/net/NoRouteToHostException'{0x000000070aa1f050}: No route to host: no further information> (0x000000070aa1f050) 
thrown [s\open\src\hotspot\share\prims\jni.cpp, line 539]

ZGC Phase Switch (0 events):
No events

VM Operations (20 events):
Event: 12258.003 Executing VM operation: Cleanup
Event: 12258.003 Executing VM operation: Cleanup done
Event: 12360.706 Executing VM operation: Cleanup
Event: 12360.706 Executing VM operation: Cleanup done
Event: 12369.788 Executing VM operation: Cleanup
Event: 12369.788 Executing VM operation: Cleanup done
Event: 12451.435 Executing VM operation: Cleanup
Event: 12451.435 Executing VM operation: Cleanup done
Event: 12453.462 Executing VM operation: Cleanup
Event: 12453.462 Executing VM operation: Cleanup done
Event: 12462.523 Executing VM operation: Cleanup
Event: 12462.523 Executing VM operation: Cleanup done
Event: 12471.574 Executing VM operation: Cleanup
Event: 12471.574 Executing VM operation: Cleanup done
Event: 12522.887 Executing VM operation: Cleanup
Event: 12522.888 Executing VM operation: Cleanup done
Event: 12685.013 Executing VM operation: Cleanup
Event: 12685.013 Executing VM operation: Cleanup done
Event: 12805.832 Executing VM operation: Cleanup
Event: 12805.832 Executing VM operation: Cleanup done

Events (20 events):
Event: 10701.674 Thread 0x0000015317af18a0 Thread exited: 0x0000015317af18a0
Event: 10702.828 Thread 0x0000015317af53b0 Thread exited: 0x0000015317af53b0
Event: 12389.834 Thread 0x0000015317af4000 Thread added: 0x0000015317af4000
Event: 12389.954 Thread 0x0000015317af6760 Thread added: 0x0000015317af6760
Event: 12394.961 Thread 0x0000015317af4000 Thread exited: 0x0000015317af4000
Event: 12396.664 Thread 0x0000015317af6760 Thread exited: 0x0000015317af6760
Event: 12445.204 Thread 0x0000015317af04f0 Thread added: 0x0000015317af04f0
Event: 12445.329 Thread 0x0000015317af6760 Thread added: 0x0000015317af6760
Event: 12450.344 Thread 0x0000015317af04f0 Thread exited: 0x0000015317af04f0
Event: 12451.091 Thread 0x0000015317af4690 Thread added: 0x0000015317af4690
Event: 12456.215 Thread 0x0000015317af4690 Thread exited: 0x0000015317af4690
Event: 12457.673 Thread 0x0000015317af6760 Thread exited: 0x0000015317af6760
Event: 12460.494 Thread 0x0000015317af6df0 Thread added: 0x0000015317af6df0
Event: 12460.616 Thread 0x0000015317af60d0 Thread added: 0x0000015317af60d0
Event: 12465.617 Thread 0x0000015317af6df0 Thread exited: 0x0000015317af6df0
Event: 12467.062 Thread 0x0000015317af60d0 Thread exited: 0x0000015317af60d0
Event: 12481.804 Thread 0x0000015317af04f0 Thread added: 0x0000015317af04f0
Event: 12481.930 Thread 0x0000015317af3970 Thread added: 0x0000015317af3970
Event: 12486.938 Thread 0x0000015317af04f0 Thread exited: 0x0000015317af04f0
Event: 12488.115 Thread 0x0000015317af3970 Thread exited: 0x0000015317af3970


Dynamic libraries:
0x00007ff615e90000 - 0x00007ff615ea0000 	C:\Program Files\Java\jdk-21\bin\java.exe
0x00007ffab59d0000 - 0x00007ffab5be8000 	C:\WINDOWS\SYSTEM32\ntdll.dll
0x00007ffab47b0000 - 0x00007ffab4874000 	C:\WINDOWS\System32\KERNEL32.DLL
0x00007ffab2da0000 - 0x00007ffab3173000 	C:\WINDOWS\System32\KERNELBASE.dll
0x00007ffab3180000 - 0x00007ffab3291000 	C:\WINDOWS\System32\ucrtbase.dll
0x00007ffa97910000 - 0x00007ffa97929000 	C:\Program Files\Java\jdk-21\bin\jli.dll
0x00007ffa97570000 - 0x00007ffa9758b000 	C:\Program Files\Java\jdk-21\bin\VCRUNTIME140.dll
0x00007ffab48d0000 - 0x00007ffab4981000 	C:\WINDOWS\System32\ADVAPI32.dll
0x00007ffab57a0000 - 0x00007ffab5847000 	C:\WINDOWS\System32\msvcrt.dll
0x00007ffab4b20000 - 0x00007ffab4bc8000 	C:\WINDOWS\System32\sechost.dll
0x00007ffab2b10000 - 0x00007ffab2b38000 	C:\WINDOWS\System32\bcrypt.dll
0x00007ffab4a00000 - 0x00007ffab4b18000 	C:\WINDOWS\System32\RPCRT4.dll
0x00007ffab3da0000 - 0x00007ffab3f52000 	C:\WINDOWS\System32\USER32.dll
0x00007ffab2ae0000 - 0x00007ffab2b06000 	C:\WINDOWS\System32\win32u.dll
0x00007ffab3f60000 - 0x00007ffab3f89000 	C:\WINDOWS\System32\GDI32.dll
0x00007ffa94110000 - 0x00007ffa943ac000 	C:\WINDOWS\WinSxS\amd64_microsoft.windows.common-controls_6595b64144ccf1df_6.0.22621.6060_none_2712eda17382d24b\COMCTL32.dll
0x00007ffab3550000 - 0x00007ffab366b000 	C:\WINDOWS\System32\gdi32full.dll
0x00007ffab2c80000 - 0x00007ffab2d1a000 	C:\WINDOWS\System32\msvcp_win.dll
0x00007ffaa8490000 - 0x00007ffaa849a000 	C:\WINDOWS\SYSTEM32\VERSION.dll
0x00007ffab4bd0000 - 0x00007ffab4c01000 	C:\WINDOWS\System32\IMM32.DLL
0x00007ffaae4c0000 - 0x00007ffaae4cc000 	C:\Program Files\Java\jdk-21\bin\vcruntime140_1.dll
0x00007ffa93300000 - 0x00007ffa9338e000 	C:\Program Files\Java\jdk-21\bin\msvcp140.dll
0x00007ffa3de40000 - 0x00007ffa3eb55000 	C:\Program Files\Java\jdk-21\bin\server\jvm.dll
0x00007ffab5720000 - 0x00007ffab5791000 	C:\WINDOWS\System32\WS2_32.dll
0x00007ffab29b0000 - 0x00007ffab29fd000 	C:\WINDOWS\SYSTEM32\POWRPROF.dll
0x00007ffaaf340000 - 0x00007ffaaf374000 	C:\WINDOWS\SYSTEM32\WINMM.dll
0x00007ffab2990000 - 0x00007ffab29a3000 	C:\WINDOWS\SYSTEM32\UMPDC.dll
0x00007ffab1a80000 - 0x00007ffab1a98000 	C:\WINDOWS\SYSTEM32\kernel.appcore.dll
0x00007ffaae430000 - 0x00007ffaae43a000 	C:\Program Files\Java\jdk-21\bin\jimage.dll
0x00007ffab0220000 - 0x00007ffab0453000 	C:\WINDOWS\SYSTEM32\DBGHELP.DLL
0x00007ffab3670000 - 0x00007ffab3a01000 	C:\WINDOWS\System32\combase.dll
0x00007ffab3cc0000 - 0x00007ffab3d98000 	C:\WINDOWS\System32\OLEAUT32.dll
0x00007ffa891b0000 - 0x00007ffa891e2000 	C:\WINDOWS\SYSTEM32\dbgcore.DLL
0x00007ffab2c00000 - 0x00007ffab2c7b000 	C:\WINDOWS\System32\bcryptPrimitives.dll
0x00007ffa97550000 - 0x00007ffa9756f000 	C:\Program Files\Java\jdk-21\bin\java.dll
0x00007ffab4c10000 - 0x00007ffab54ac000 	C:\WINDOWS\System32\SHELL32.dll
0x00007ffab3410000 - 0x00007ffab354f000 	C:\WINDOWS\System32\wintypes.dll
0x00007ffab08c0000 - 0x00007ffab11da000 	C:\WINDOWS\SYSTEM32\windows.storage.dll
0x00007ffab3f90000 - 0x00007ffab4094000 	C:\WINDOWS\System32\SHCORE.dll
0x00007ffab3a10000 - 0x00007ffab3a79000 	C:\WINDOWS\System32\shlwapi.dll
0x00007ffab2a10000 - 0x00007ffab2a35000 	C:\WINDOWS\SYSTEM32\profapi.dll
0x00007ffa8f470000 - 0x00007ffa8f547000 	C:\Program Files\Java\jdk-21\bin\jsvml.dll
0x00007ffaadc40000 - 0x00007ffaadc50000 	C:\Program Files\Java\jdk-21\bin\net.dll
0x00007ffaad2e0000 - 0x00007ffaad40c000 	C:\WINDOWS\SYSTEM32\WINHTTP.dll
0x00007ffab1f40000 - 0x00007ffab1fa9000 	C:\WINDOWS\system32\mswsock.dll
0x00007ffa97530000 - 0x00007ffa97546000 	C:\Program Files\Java\jdk-21\bin\nio.dll
0x00007ffa97510000 - 0x00007ffa97528000 	C:\Program Files\Java\jdk-21\bin\zip.dll
0x00007ffab1330000 - 0x00007ffab135d000 	C:\WINDOWS\SYSTEM32\IPHLPAPI.DLL
0x00007ffab3cb0000 - 0x00007ffab3cb9000 	C:\WINDOWS\System32\NSI.dll
0x00007ffab1360000 - 0x00007ffab1458000 	C:\WINDOWS\SYSTEM32\DNSAPI.dll
0x00007ffaaad80000 - 0x00007ffaaad8a000 	C:\Windows\System32\rasadhlp.dll
0x00007ffaad410000 - 0x00007ffaad494000 	C:\WINDOWS\System32\fwpuclnt.dll
0x00007ffa93de0000 - 0x00007ffa93dee000 	C:\Program Files\Java\jdk-21\bin\sunmscapi.dll
0x00007ffab32a0000 - 0x00007ffab3408000 	C:\WINDOWS\System32\CRYPT32.dll
0x00007ffab2330000 - 0x00007ffab235e000 	C:\WINDOWS\SYSTEM32\ncrypt.dll
0x00007ffab22f0000 - 0x00007ffab2327000 	C:\WINDOWS\SYSTEM32\NTASN1.dll
0x00007ffa93cb0000 - 0x00007ffa93cb7000 	C:\Program Files\Java\jdk-21\bin\extnet.dll
0x00007ffab2230000 - 0x00007ffab224b000 	C:\WINDOWS\SYSTEM32\CRYPTSP.dll
0x00007ffab19e0000 - 0x00007ffab1a17000 	C:\WINDOWS\system32\rsaenh.dll
0x00007ffab1fe0000 - 0x00007ffab2008000 	C:\WINDOWS\SYSTEM32\USERENV.dll
0x00007ffab2210000 - 0x00007ffab221c000 	C:\WINDOWS\SYSTEM32\CRYPTBASE.dll
0x00007ffa93cd0000 - 0x00007ffa93cda000 	C:\Program Files\Java\jdk-21\bin\management.dll
0x00007ffa93cc0000 - 0x00007ffa93ccb000 	C:\Program Files\Java\jdk-21\bin\management_ext.dll
0x00007ffab49d0000 - 0x00007ffab49d8000 	C:\WINDOWS\System32\PSAPI.DLL
0x00007ffa93df0000 - 0x00007ffa93e00000 	C:\Program Files\Java\jdk-21\bin\verify.dll
0x00007ffa85620000 - 0x00007ffa85637000 	C:\WINDOWS\system32\napinsp.dll
0x00007ffa85600000 - 0x00007ffa8561b000 	C:\WINDOWS\system32\pnrpnsp.dll
0x00007ffa855e0000 - 0x00007ffa855f1000 	C:\WINDOWS\System32\winrnr.dll
0x00007ffa855c0000 - 0x00007ffa855d5000 	C:\WINDOWS\system32\wshbth.dll
0x00007ffa85590000 - 0x00007ffa855b1000 	C:\WINDOWS\system32\nlansp_c.dll
0x00007ffa81690000 - 0x00007ffa81698000 	C:\WINDOWS\system32\wshunix.dll

dbghelp: loaded successfully - version: 4.0.5 - missing functions: none
symbol engine: initialized successfully - sym options: 0x614 - pdb path: .;C:\Program Files\Java\jdk-21\bin;C:\WINDOWS\SYSTEM32;C:\WINDOWS\WinSxS\amd64_microsoft.windows.common-controls_6595b64144ccf1df_6.0.22621.6060_none_2712eda17382d24b;C:\Program Files\Java\jdk-21\bin\server

VM Arguments:
java_command: service_administration_api.ServiceAdministrationApiApplication
java_class_path (initial): E:\zenithe\ERP_Projet_Esphere\ESPHERE-ASS\esphere-ass-administration-apio\esphere-ass-administration-api\target\classes;E:\.m2\repository\org\springframework\boot\spring-boot-starter-data-jpa\3.4.4\spring-boot-starter-data-jpa-3.4.4.jar;E:\.m2\repository\org\springframework\boot\spring-boot-starter\3.4.4\spring-boot-starter-3.4.4.jar;E:\.m2\repository\org\springframework\boot\spring-boot\3.4.4\spring-boot-3.4.4.jar;E:\.m2\repository\org\springframework\boot\spring-boot-autoconfigure\3.4.4\spring-boot-autoconfigure-3.4.4.jar;E:\.m2\repository\org\springframework\boot\spring-boot-starter-logging\3.4.4\spring-boot-starter-logging-3.4.4.jar;E:\.m2\repository\ch\qos\logback\logback-classic\1.5.18\logback-classic-1.5.18.jar;E:\.m2\repository\ch\qos\logback\logback-core\1.5.18\logback-core-1.5.18.jar;E:\.m2\repository\org\apache\logging\log4j\log4j-to-slf4j\2.24.3\log4j-to-slf4j-2.24.3.jar;E:\.m2\repository\org\apache\logging\log4j\log4j-api\2.24.3\log4j-api-2.24.3.jar;E:\.m2\repository\org\slf4j\jul-to-slf4j\2.0.17\jul-to-slf4j-2.0.17.jar;E:\.m2\repository\jakarta\annotation\jakarta.annotation-api\2.1.1\jakarta.annotation-api-2.1.1.jar;E:\.m2\repository\org\yaml\snakeyaml\2.3\snakeyaml-2.3.jar;E:\.m2\repository\org\springframework\boot\spring-boot-starter-jdbc\3.4.4\spring-boot-starter-jdbc-3.4.4.jar;E:\.m2\repository\com\zaxxer\HikariCP\5.1.0\HikariCP-5.1.0.jar;E:\.m2\repository\org\springframework\spring-jdbc\6.2.5\spring-jdbc-6.2.5.jar;E:\.m2\repository\org\hibernate\orm\hibernate-core\6.6.11.Final\hibernate-core-6.6.11.Final.jar;E:\.m2\repository\jakarta\persistence\jakarta.persistence-api\3.1.0\jakarta.persistence-api-3.1.0.jar;E:\.m2\repository\jakarta\transaction\jakarta.transaction-api\2.0.1\jakarta.transaction-api-2.0.1.jar;E:\.m2\repository\org\jboss\logging\jboss-logging\3.6.1.Final\jboss-logging-3.6.1.Final.jar;E:\.m2\repository\org\hibernate\common\hibernate-commons-annotations\7.0.3.Final\hibernate-commons-annotations-7.0.3.Final.jar;E:\.m2\repository\io\smallrye\jandex\3.2.0\jandex-3.2.0.jar;E:\.m2\repository\com\fasterxml\classmate\1.7.0\classmate-1.7.0.jar;E:\.m2\repository\net\bytebuddy\byte-buddy\1.15.11\byte-buddy-1.15.11.jar;E:\.m2\repository\org\glassfish\jaxb\jaxb-runtime\4.0.5\jaxb-runtime-4.0.5.jar;E:\.m2\repository\org\glassfish\jaxb\jaxb-core\4.0.5\jaxb-core-4.0.5.jar;E:\.m2\repository\org\eclipse\angus\angus-activation\2.0.2\angus-activation-2.0.2.jar;E:\.m2\repository\org\glassfish\jaxb\txw2\4.0.5\txw2-4.0.5.jar;E:\.m2\repository\com\sun\istack\istack-commons-runtime\4.1.2\istack-commons-runtime-4.1.2.jar;E:\.m2\repository\jakarta\inject\jakarta.inject-api\2.0.1\jakarta.inject-api-2.0.1.jar;E:\.m2\repository\org\antlr\antlr4-runtime\4.13.0\antlr4-runtime-4.13.0.jar;E:\.m2\repository\org\springframework\data\spring-data-jpa\3.4.4\spring-data-jpa-3.4.4.jar;E:\.m2\repository\org\springframework\data\spring-data-commons\3.4.4\spring-data-commons-3.4.4.jar;E:\.m2\repository\org\springframework\spring-orm\6.2.5\spring-orm-6.2.5.jar;E:\.m2\repository\org\springframework\spring-context\6.2.5\spring-context-6.2.5.jar;E:\.m2\repository\org\springframework\spring-aop\6.2.5\spring-aop-6.2.5.jar;E:\.m2\repository\org\springframework\spring-tx\6.2.5\spring-tx-6.2.5.jar;E:\.m2\repository\org\springframework\spring-beans\6.2.5\spring-beans-6.2.5.jar;E:\.m2\repository\org\springframework\spring-aspects\6.2.5\spring-aspects-6.2.5.jar;E:\.m2\repository\org\aspectj\aspectjweaver\1.9.23\aspectjweaver-1.9.23.jar;E:\.m2\repository\org\springframework\boot\spring-boot-starter-data-rest\3.4.4\spring-boot-starter-data-rest-3.4.4.jar;E:\.m2\repository\org\springframework\data\spring-data-rest-webmvc\4.4.4\spring-data-rest-webmvc-4.4.4.jar;E:\.m2\repository\org\springframework\data\spring-data-rest-core\4.4.4\spring-data-rest-core-4.4.4.jar;E:\.m2\repository\org\springframework\hateoas\spring-hateoas\2.4.1\spring-hateoas-2.4.1.jar;E:\.m2\repository\org\springframework\plugin\spring-plugin-core\3.0.0\spring-plugin-core-3.0.0.jar;E:\.m2\repository\org\atteo\evo-inflector\1.3\evo-inflector-1.3.jar;E:\.m2\repository\com\fasterxml\jackson\core\jackson-annotations\2.18.3\jackson-annotations-2.18.3.jar;E:\.m2\repository\org\springframework\boot\spring-boot-starter-web\3.4.4\spring-boot-starter-web-3.4.4.jar;E:\.m2\repository\org\springframework\boot\spring-boot-starter-json\3.4.4\spring-boot-starter-json-3.4.4.jar;E:\.m2\repository\com\fasterxml\jackson\datatype\jackson-datatype-jdk8\2.18.3\jackson-datatype-jdk8-2.18.3.jar;E:\.m2\repository\com\fasterxml\jackson\datatype\jackson-datatype-jsr310\2.18.3\jackson-datatype-jsr310-2.18.3.jar;E:\.m2\repository\com\fasterxml\jackson\module\jackson-module-parameter-names\2.18.3\jackson-module-parameter-names-2.18.3.jar;E:\.m2\repository\org\springframework\boot\spring-boot-starter-tomcat\3.4.4\spring-boot-starter-tomcat-3.4.4.jar;E:\.m2\repository\org\apache\tomcat\embed\tomcat-embed-core\10.1.39\tomcat-embed-core-10.1.39.jar;E:\.m2\repository\org\apache\tomcat\embed\tomcat-embed-el\10.1.39\tomcat-embed-el-10.1.39.jar;E:\.m2\repository\org\apache\tomcat\embed\tomcat-embed-websocket\10.1.39\tomcat-embed-websocket-10.1.39.jar;E:\.m2\repository\org\springframework\spring-web\6.2.5\spring-web-6.2.5.jar;E:\.m2\repository\org\springframework\spring-webmvc\6.2.5\spring-webmvc-6.2.5.jar;E:\.m2\repository\org\springframework\spring-expression\6.2.5\spring-expression-6.2.5.jar;E:\.m2\repository\org\springframework\cloud\spring-cloud-starter\4.2.1\spring-cloud-starter-4.2.1.jar;E:\.m2\repository\org\springframework\cloud\spring-cloud-context\4.2.1\spring-cloud-context-4.2.1.jar;E:\.m2\repository\org\springframework\security\spring-security-crypto\6.4.4\spring-security-crypto-6.4.4.jar;E:\.m2\repository\org\springframework\cloud\spring-cloud-commons\4.2.1\spring-cloud-commons-4.2.1.jar;E:\.m2\repository\org\bouncycastle\bcprov-jdk18on\1.78.1\bcprov-jdk18on-1.78.1.jar;E:\.m2\repository\org\springframework\cloud\spring-cloud-starter-netflix-eureka-client\4.2.1\spring-cloud-starter-netflix-eureka-client-4.2.1.jar;E:\.m2\repository\org\springframework\cloud\spring-cloud-netflix-eureka-client\4.2.1\spring-cloud-netflix-eureka-client-4.2.1.jar;E:\.m2\repository\org\apache\httpcomponents\client5\httpclient5\5.4.2\httpclient5-5.4.2.jar;E:\.m2\repository\org\apache\httpcomponents\core5\httpcore5\5.3.3\httpcore5-5.3.3.jar;E:\.m2\repository\org\apache\httpcomponents\core5\httpcore5-h2\5.3.3\httpcore5-h2-5.3.3.jar;E:\.m2\repository\com\netflix\eureka\eureka-client\2.0.4\eureka-client-2.0.4.jar;E:\.m2\repository\com\thoughtworks\xstream\xstream\1.4.20\xstream-1.4.20.jar;E:\.m2\repository\io\github\x-stream\mxparser\1.2.2\mxparser-1.2.2.jar;E:\.m2\repository\xmlpull\xmlpull\1.1.3.1\xmlpull-1.1.3.1.jar;E:\.m2\repository\jakarta\ws\rs\jakarta.ws.rs-api\3.1.0\jakarta.ws.rs-api-3.1.0.jar;E:\.m2\repository\com\netflix\spectator\spectator-api\1.7.3\spectator-api-1.7.3.jar;E:\.m2\repository\org\apache\httpcomponents\httpclient\4.5.3\httpclient-4.5.3.jar;E:\.m2\repository\org\apache\httpcomponents\httpcore\4.4.16\httpcore-4.4.16.jar;E:\.m2\repository\commons-codec\commons-codec\1.17.2\commons-codec-1.17.2.jar;E:\.m2\repository\commons-configuration\commons-configuration\1.10\commons-configuration-1.10.jar;E:\.m2\repository\commons-lang\commons-lang\2.6\commons-lang-2.6.jar;E:\.m2\repository\com\fasterxml\jackson\core\jackson-core\2.18.3\jackson-core-2.18.3.jar;E:\.m2\repository\com\netflix\netflix-commons\netflix-eventbus\0.3.0\netflix-eventbus-0.3.0.jar;E:\.m2\repository\com\netflix\netflix-commons\netflix-infix\0.3.0\netflix-infix-0.3.0.jar;E:\.m2\repository\commons-jxpath\commons-jxpath\1.3\commons-jxpath-1.3.jar;E:\.m2\repository\joda-time\joda-time\2.3\joda-time-2.3.jar;E:\.m2\repository\org\antlr\antlr-runtime\3.4\antlr-runtime-3.4.jar;E:\.m2\repository\org\antlr\stringtemplate\3.2.1\stringtemplate-3.2.1.jar;E:\.m2\repository\antlr\antlr\2.7.7\antlr-2.7.7.jar;E:\.m2\repository\com\google\guava\guava\14.0.1\guava-14.0.1.jar;E:\.m2\repository\com\google\code\gson\gson\2.11.0\gson-2.11.0.jar;E:\.m2\repository\com\google\errorprone\error_prone_annotations\2.27.0\error_prone_annotations-2.27.0.jar;E:\.m2\repository\com\netflix\servo\servo-core\0.5.3\servo-core-0.5.3.jar;E:\.m2\repository\org\apache\commons\commons-math\2.2\commons-math-2.2.jar;E:\.m2\repository\javax\annotation\javax.annotation-api\1.2\javax.annotation-api-1.2.jar;E:\.m2\repository\org\codehaus\jettison\jettison\1.5.4\jettison-1.5.4.jar;E:\.m2\repository\org\springframework\cloud\spring-cloud-starter-loadbalancer\4.2.1\spring-cloud-starter-loadbalancer-4.2.1.jar;E:\.m2\repository\org\springframework\cloud\spring-cloud-loadbalancer\4.2.1\spring-cloud-loadbalancer-4.2.1.jar;E:\.m2\repository\io\projectreactor\reactor-core\3.7.4\reactor-core-3.7.4.jar;E:\.m2\repository\org\reactivestreams\reactive-streams\1.0.4\reactive-streams-1.0.4.jar;E:\.m2\repository\io\projectreactor\addons\reactor-extra\3.5.2\reactor-extra-3.5.2.jar;E:\.m2\repository\org\springframework\boot\spring-boot-starter-cache\3.4.4\spring-boot-starter-cache-3.4.4.jar;E:\.m2\repository\org\springframework\spring-context-support\6.2.5\spring-context-support-6.2.5.jar;E:\.m2\repository\com\stoyanr\evictor\1.0.0\evictor-1.0.0.jar;E:\.m2\repository\org\springframework\cloud\spring-cloud-starter-config\4.2.1\spring-cloud-starter-config-4.2.1.jar;E:\.m2\repository\org\springframework\cloud\spring-cloud-config-client\4.2.1\spring-cloud-config-client-4.2.1.jar;E:\.m2\repository\com\fasterxml\jackson\core\jackson-databind\2.18.3\jackson-databind-2.18.3.jar;E:\.m2\repository\com\oracle\database\jdbc\ojdbc8\19.21.0.0\ojdbc8-19.21.0.0.jar;E:\.m2\repository\org\springframework\boot\spring-boot-starter-actuator\3.4.4\spring-boot-starter-actuator-3.4.4.jar;E:\.m2\repository\org\springframework\boot\spring-boot-actuator-autoconfigure\3.4.4\spring-boot-actuator-autoconfigure-3.4.4.jar;E:\.m2\repository\org\springframework\boot\spring-boot-actuator\3.4.4\spring-boot-actuator-3.4.4.jar;E:\.m2\repository\io\micrometer\micrometer-observation\1.14.5\micrometer-observation-1.14.5.jar;E:\.m2\repository\io\micrometer\micrometer-commons\1.14.5\micrometer-commons-1.14.5.jar;E:\.m2\repository\io\micrometer\micrometer-jakarta9\1.14.5\micrometer-jakarta9-1.14.5.jar;E:\.m2\repository\org\springframework\cloud\spring-cloud-starter-bootstrap\4.2.1\spring-cloud-starter-bootstrap-4.2.1.jar;E:\.m2\repository\io\micrometer\micrometer-tracing-bridge-brave\1.4.4\micrometer-tracing-bridge-brave-1.4.4.jar;E:\.m2\repository\io\micrometer\micrometer-tracing\1.4.4\micrometer-tracing-1.4.4.jar;E:\.m2\repository\io\micrometer\context-propagation\1.1.2\context-propagation-1.1.2.jar;E:\.m2\repository\aopalliance\aopalliance\1.0\aopalliance-1.0.jar;E:\.m2\repository\org\slf4j\slf4j-api\2.0.17\slf4j-api-2.0.17.jar;E:\.m2\repository\io\zipkin\brave\brave\6.0.3\brave-6.0.3.jar;E:\.m2\repository\io\zipkin\brave\brave-context-slf4j\6.0.3\brave-context-slf4j-6.0.3.jar;E:\.m2\repository\io\zipkin\brave\brave-instrumentation-http\6.0.3\brave-instrumentation-http-6.0.3.jar;E:\.m2\repository\io\zipkin\aws\brave-propagation-aws\1.2.5\brave-propagation-aws-1.2.5.jar;E:\.m2\repository\io\zipkin\contrib\brave-propagation-w3c\brave-propagation-tracecontext\0.2.0\brave-propagation-tracecontext-0.2.0.jar;E:\.m2\repository\io\zipkin\reporter2\zipkin-reporter-brave\3.4.3\zipkin-reporter-brave-3.4.3.jar;E:\.m2\repository\io\zipkin\reporter2\zipkin-reporter\3.4.3\zipkin-reporter-3.4.3.jar;E:\.m2\repository\io\github\openfeign\feign-micrometer\13.5\feign-micrometer-13.5.jar;E:\.m2\repository\io\github\openfeign\feign-core\13.5\feign-core-13.5.jar;E:\.m2\repository\io\micrometer\micrometer-core\1.14.5\micrometer-core-1.14.5.jar;E:\.m2\repository\org\hdrhistogram\HdrHistogram\2.2.2\HdrHistogram-2.2.2.jar;E:\.m2\repository\org\latencyutils\LatencyUtils\2.0.3\LatencyUtils-2.0.3.jar;E:\.m2\repository\io\jsonwebtoken\jjwt-api\0.11.5\jjwt-api-0.11.5.jar;E:\.m2\repository\io\jsonwebtoken\jjwt-impl\0.11.5\jjwt-impl-0.11.5.jar;E:\.m2\repository\io\jsonwebtoken\jjwt-jackson\0.11.5\jjwt-jackson-0.11.5.jar;E:\.m2\repository\com\jayway\jsonpath\json-path\2.9.0\json-path-2.9.0.jar;E:\.m2\repository\jakarta\xml\bind\jakarta.xml.bind-api\4.0.2\jakarta.xml.bind-api-4.0.2.jar;E:\.m2\repository\jakarta\activation\jakarta.activation-api\2.1.3\jakarta.activation-api-2.1.3.jar;E:\.m2\repository\net\minidev\json-smart\2.5.2\json-smart-2.5.2.jar;E:\.m2\repository\net\minidev\accessors-smart\2.5.2\accessors-smart-2.5.2.jar;E:\.m2\repository\org\ow2\asm\asm\9.7.1\asm-9.7.1.jar;E:\.m2\repository\org\springframework\spring-core\6.2.5\spring-core-6.2.5.jar;E:\.m2\repository\org\springframework\spring-jcl\6.2.5\spring-jcl-6.2.5.jar
Launcher Type: SUN_STANDARD

[Global flags]
     intx CICompilerCount                          = 4                                         {product} {ergonomic}
     uint ConcGCThreads                            = 3                                         {product} {ergonomic}
     uint G1ConcRefinementThreads                  = 10                                        {product} {ergonomic}
   size_t G1HeapRegionSize                         = 2097152                                   {product} {ergonomic}
    uintx GCDrainStackTargetSize                   = 64                                        {product} {ergonomic}
   size_t InitialHeapSize                          = 264241152                                 {product} {ergonomic}
   size_t MarkStackSize                            = 4194304                                   {product} {ergonomic}
   size_t MaxHeapSize                              = 4200595456                                {product} {ergonomic}
   size_t MaxNewSize                               = 2518679552                                {product} {ergonomic}
   size_t MinHeapDeltaBytes                        = 2097152                                   {product} {ergonomic}
   size_t MinHeapSize                              = 8388608                                   {product} {ergonomic}
    uintx NonNMethodCodeHeapSize                   = 5839372                                {pd product} {ergonomic}
    uintx NonProfiledCodeHeapSize                  = 122909434                              {pd product} {ergonomic}
    uintx ProfiledCodeHeapSize                     = 122909434                              {pd product} {ergonomic}
    uintx ReservedCodeCacheSize                    = 251658240                              {pd product} {ergonomic}
     bool SegmentedCodeCache                       = true                                      {product} {ergonomic}
   size_t SoftMaxHeapSize                          = 4200595456                             {manageable} {ergonomic}
     bool UseCompressedOops                        = true                           {product lp64_product} {ergonomic}
     bool UseG1GC                                  = true                                      {product} {ergonomic}
     bool UseLargePagesIndividualAllocation        = false                                  {pd product} {ergonomic}

Logging:
Log output configuration:
 #0: stdout all=warning uptime,level,tags foldmultilines=false
 #1: stderr all=off uptime,level,tags foldmultilines=false

Environment Variables:
JAVA_HOME=C:\Program Files\Java\jdk-21
PATH=E:\app\USER01\product\11.2.0\dbhome_1\bin;E:\app\USER01\product\11.1.0\db_2\bin;C:\Program Files\Common Files\Oracle\Java\javapath;C:\ProgramData\Oracle\Java\javapath;C:\WINDOWS\system32;C:\WINDOWS;C:\WINDOWS\System32\Wbem;C:\WINDOWS\System32\WindowsPowerShell\v1.0\;C:\WINDOWS\System32\OpenSSH\;C:\ProgramData\chocolatey\bin;C:\Program Files\Java\jdk-21\bin;C:\Program Files\TortoiseSVN\bin;C:\Program Files\Microsoft SQL Server\150\Tools\Binn\;C:\Program Files\nodejs\;E:\zenithe\Biometrie\Logiciel_enrolement;E:\MySQL\MySQL Server 5.0\bin;C:\Program Files\Git\cmd;C:\Program Files\Docker\Docker\resources\bin;E:\MongoDB\Server\8.0\bin;C:\Program Files\Filestar;C:\ProgramData\Filestar\aliases;C:\Program Files (x86)\Nmap;C:\Users\USER01\AppData\Local\Microsoft\WindowsApps;;C:\Users\USER01\AppData\Local\Programs\Microsoft VS Code\bin;C:\Users\USER01\AppData\Roaming\npm;C:\Users\USER01\AppData\Local\Programs\mongosh\;C:\Users\USER01\AppData\Local\Programs\Antigravity\bin;C:\Program Files (x86)\Nmap
USERNAME=USER01
OS=Windows_NT
PROCESSOR_IDENTIFIER=Intel64 Family 6 Model 154 Stepping 4, GenuineIntel
TMP=C:\Users\USER01\AppData\Local\Temp
TEMP=C:\Users\USER01\AppData\Local\Temp




Periodic native trim disabled

---------------  S Y S T E M  ---------------

OS:
 Windows 11 , 64 bit Build 22621 (10.0.22621.5415)
OS uptime: 0 days 6:19 hours
Hyper-V role detected

CPU: total 12 (initial active 12) (6 cores per cpu, 2 threads per core) family 6 model 154 stepping 4 microcode 0x437, cx8, cmov, fxsr, ht, mmx, 3dnowpref, sse, sse2, sse3, ssse3, sse4.1, sse4.2, popcnt, lzcnt, tsc, tscinvbit, avx, avx2, aes, erms, clmul, bmi1, bmi2, adx, sha, fma, vzeroupper, clflush, clflushopt, clwb, hv, serialize, rdtscp, rdpid, fsrm, f16c, cet_ibt, cet_ss
Processor Information for processor 0
  Max Mhz: 1800, Current Mhz: 1800, Mhz Limit: 1800
Processor Information for processor 1
  Max Mhz: 1800, Current Mhz: 1800, Mhz Limit: 1800
Processor Information for processor 2
  Max Mhz: 1800, Current Mhz: 1800, Mhz Limit: 1800
Processor Information for processor 3
  Max Mhz: 1800, Current Mhz: 1800, Mhz Limit: 1800
Processor Information for processor 4
  Max Mhz: 1800, Current Mhz: 1800, Mhz Limit: 1800
Processor Information for processor 5
  Max Mhz: 1800, Current Mhz: 1523, Mhz Limit: 1800
Processor Information for processor 6
  Max Mhz: 1800, Current Mhz: 1800, Mhz Limit: 1800
Processor Information for processor 7
  Max Mhz: 1800, Current Mhz: 1800, Mhz Limit: 1800
Processor Information for processor 8
  Max Mhz: 1800, Current Mhz: 1523, Mhz Limit: 1800
Processor Information for processor 9
  Max Mhz: 1800, Current Mhz: 1800, Mhz Limit: 1800
Processor Information for processor 10
  Max Mhz: 1800, Current Mhz: 1523, Mhz Limit: 1800
Processor Information for processor 11
  Max Mhz: 1800, Current Mhz: 1800, Mhz Limit: 1800

Memory: 4k page, system-wide physical 16016M (570M free)
TotalPageFile size 37206M (AvailPageFile size 0M)
current process WorkingSet (physical memory assigned to process): 305M, peak: 386M
current process commit charge ("private bytes"): 402M, peak: 435M

vm_info: Java HotSpot(TM) 64-Bit Server VM (21.0.1+12-LTS-29) for windows-amd64 JRE (21.0.1+12-LTS-29), built on 2023-10-05T13:27:09Z by "mach5one" with MS VC++ 17.1 (VS2022)

END.
