#
# There is insufficient memory for the Java Runtime Environment to continue.
# Native memory allocation (mmap) failed to map 5275648 bytes for G1 virtual space
# Possible reasons:
#   The system is out of physical RAM or swap space
#   The process is running with CompressedOops enabled, and the Java Heap may be blocking the growth of the native heap
# Possible solutions:
#   Reduce memory load on the system
#   Increase physical memory or swap space
#   Check if swap backing store is full
#   Decrease Java heap size (-Xmx/-Xms)
#   Decrease number of Java threads
#   Decrease Java thread stack sizes (-Xss)
#   Set larger code cache with -XX:ReservedCodeCacheSize=
#   JVM is running with Zero Based Compressed Oops mode in which the Java heap is
#     placed in the first 32GB address space. The Java Heap base address is the
#     maximum limit for the native heap growth. Please use -XX:HeapBaseMinAddress
#     to set the Java Heap base and to place the Java Heap above 32GB virtual address.
# This output file may be truncated or incomplete.
#
#  Out of Memory Error (os_windows.cpp:3600), pid=19220, tid=16668
#
# JRE version: Java(TM) SE Runtime Environment (21.0.1+12) (build 21.0.1+12-LTS-29)
# Java VM: Java HotSpot(TM) 64-Bit Server VM (21.0.1+12-LTS-29, mixed mode, sharing, tiered, compressed oops, compressed class ptrs, g1 gc, windows-amd64)
# No core dump will be written. Minidumps are not enabled by default on client versions of Windows
#

---------------  S U M M A R Y ------------

Command Line: db.biometry.biometry.BiometryApplication

Host: 12th Gen Intel(R) Core(TM) i7-1265U, 12 cores, 15G,  Windows 11 , 64 bit Build 22621 (10.0.22621.5415)
Time: Thu Feb 26 17:12:20 2026 W. Central Africa Standard Time elapsed time: 17.710595 seconds (0d 0h 0m 17s)

---------------  T H R E A D  ---------------

Current thread (0x000001e8cf525840):  VMThread "VM Thread"          [id=16668, stack(0x0000001ede600000,0x0000001ede700000) (1024K)]

Stack: [0x0000001ede600000,0x0000001ede700000]
Native frames: (J=compiled Java code, j=interpreted, Vv=VM code, C=native code)
V  [jvm.dll+0x6c9029]
V  [jvm.dll+0x854b81]
V  [jvm.dll+0x856e5e]
V  [jvm.dll+0x857543]
V  [jvm.dll+0x280c06]
V  [jvm.dll+0x6c5715]
V  [jvm.dll+0x6ba10a]
V  [jvm.dll+0x3557ea]
V  [jvm.dll+0x35d436]
V  [jvm.dll+0x3ae1d3]
V  [jvm.dll+0x3ae468]
V  [jvm.dll+0x3291fc]
V  [jvm.dll+0x329287]
V  [jvm.dll+0x36db3c]
V  [jvm.dll+0x36c33d]
V  [jvm.dll+0x328971]
V  [jvm.dll+0x36ba4a]
V  [jvm.dll+0x85d048]
V  [jvm.dll+0x85e144]
V  [jvm.dll+0x85e680]
V  [jvm.dll+0x85e923]
V  [jvm.dll+0x7fd728]
V  [jvm.dll+0x6c777d]
C  [ucrtbase.dll+0x29333]
C  [KERNEL32.DLL+0x1259d]
C  [ntdll.dll+0x5af78]

VM_Operation (0x0000001eddffb4d0): G1CollectForAllocation, mode: safepoint, requested by thread 0x000001e8adeb7920


---------------  P R O C E S S  ---------------

Threads class SMR info:
_java_thread_list=0x000001e920107b50, length=17, elements={
0x000001e8adeb7920, 0x000001e8cf5410b0, 0x000001e8cf541fd0, 0x000001e8cf546140,
0x000001e8cf548f70, 0x000001e8cf5499d0, 0x000001e8cf54a560, 0x000001e8cf550b80,
0x000001e8cf551750, 0x000001e8cf82bcc0, 0x000001e8cf831f00, 0x000001e915111f60,
0x000001e915c19950, 0x000001e91827d3a0, 0x000001e91935c070, 0x000001e917272010,
0x000001e91945a060
}

Java Threads: ( => current thread )
  0x000001e8adeb7920 JavaThread "main"                              [_thread_blocked, id=35064, stack(0x0000001eddf00000,0x0000001ede000000) (1024K)]
  0x000001e8cf5410b0 JavaThread "Reference Handler"          daemon [_thread_blocked, id=12420, stack(0x0000001ede700000,0x0000001ede800000) (1024K)]
  0x000001e8cf541fd0 JavaThread "Finalizer"                  daemon [_thread_blocked, id=26312, stack(0x0000001ede800000,0x0000001ede900000) (1024K)]
  0x000001e8cf546140 JavaThread "Signal Dispatcher"          daemon [_thread_blocked, id=26300, stack(0x0000001ede900000,0x0000001edea00000) (1024K)]
  0x000001e8cf548f70 JavaThread "Attach Listener"            daemon [_thread_blocked, id=32692, stack(0x0000001edea00000,0x0000001edeb00000) (1024K)]
  0x000001e8cf5499d0 JavaThread "Service Thread"             daemon [_thread_blocked, id=15912, stack(0x0000001edeb00000,0x0000001edec00000) (1024K)]
  0x000001e8cf54a560 JavaThread "Monitor Deflation Thread"   daemon [_thread_blocked, id=14536, stack(0x0000001edec00000,0x0000001eded00000) (1024K)]
  0x000001e8cf550b80 JavaThread "C2 CompilerThread0"         daemon [_thread_blocked, id=16540, stack(0x0000001eded00000,0x0000001edee00000) (1024K)]
  0x000001e8cf551750 JavaThread "C1 CompilerThread0"         daemon [_thread_blocked, id=19720, stack(0x0000001edee00000,0x0000001edef00000) (1024K)]
  0x000001e8cf82bcc0 JavaThread "Notification Thread"        daemon [_thread_blocked, id=24800, stack(0x0000001edef00000,0x0000001edf000000) (1024K)]
  0x000001e8cf831f00 JavaThread "Common-Cleaner"             daemon [_thread_blocked, id=16812, stack(0x0000001edf000000,0x0000001edf100000) (1024K)]
  0x000001e915111f60 JavaThread "Catalina-utility-1"                [_thread_blocked, id=26808, stack(0x0000001edff00000,0x0000001ee0000000) (1024K)]
  0x000001e915c19950 JavaThread "Catalina-utility-2"                [_thread_blocked, id=6800, stack(0x0000001ee0000000,0x0000001ee0100000) (1024K)]
  0x000001e91827d3a0 JavaThread "container-0"                       [_thread_blocked, id=36624, stack(0x0000001ee0100000,0x0000001ee0200000) (1024K)]
  0x000001e91935c070 JavaThread "mysql-cj-abandoned-connection-cleanup" daemon [_thread_blocked, id=28692, stack(0x0000001ee0200000,0x0000001ee0300000) (1024K)]
  0x000001e917272010 JavaThread "BiometryHikariPool housekeeper" daemon [_thread_blocked, id=33112, stack(0x0000001ee0300000,0x0000001ee0400000) (1024K)]
  0x000001e91945a060 JavaThread "C2 CompilerThread1"         daemon [_thread_blocked, id=37668, stack(0x0000001edf100000,0x0000001edf200000) (1024K)]
Total: 17

Other Threads:
=>0x000001e8cf525840 VMThread "VM Thread"                           [id=16668, stack(0x0000001ede600000,0x0000001ede700000) (1024K)]
  0x000001e8cf50c470 WatcherThread "VM Periodic Task Thread"        [id=28720, stack(0x0000001ede500000,0x0000001ede600000) (1024K)]
  0x000001e8b014a870 WorkerThread "GC Thread#0"                     [id=7676, stack(0x0000001ede000000,0x0000001ede100000) (1024K)]
  0x000001e915794d90 WorkerThread "GC Thread#1"                     [id=16712, stack(0x0000001edf200000,0x0000001edf300000) (1024K)]
  0x000001e915795130 WorkerThread "GC Thread#2"                     [id=25012, stack(0x0000001edf300000,0x0000001edf400000) (1024K)]
  0x000001e9159c7770 WorkerThread "GC Thread#3"                     [id=21984, stack(0x0000001edf400000,0x0000001edf500000) (1024K)]
  0x000001e9159c7b10 WorkerThread "GC Thread#4"                     [id=7888, stack(0x0000001edf500000,0x0000001edf600000) (1024K)]
  0x000001e9159c7eb0 WorkerThread "GC Thread#5"                     [id=36280, stack(0x0000001edf600000,0x0000001edf700000) (1024K)]
  0x000001e9160181a0 WorkerThread "GC Thread#6"                     [id=6768, stack(0x0000001edf900000,0x0000001edfa00000) (1024K)]
  0x000001e9164a4c20 WorkerThread "GC Thread#7"                     [id=36692, stack(0x0000001edfa00000,0x0000001edfb00000) (1024K)]
  0x000001e916452ad0 WorkerThread "GC Thread#8"                     [id=35148, stack(0x0000001edfb00000,0x0000001edfc00000) (1024K)]
  0x000001e916452e70 WorkerThread "GC Thread#9"                     [id=20852, stack(0x0000001edfc00000,0x0000001edfd00000) (1024K)]
  0x000001e8b015c370 ConcurrentGCThread "G1 Main Marker"            [id=3560, stack(0x0000001ede100000,0x0000001ede200000) (1024K)]
  0x000001e8b015d520 WorkerThread "G1 Conc#0"                       [id=27512, stack(0x0000001ede200000,0x0000001ede300000) (1024K)]
  0x000001e916452730 WorkerThread "G1 Conc#1"                       [id=24956, stack(0x0000001edfd00000,0x0000001edfe00000) (1024K)]
  0x000001e9164535b0 WorkerThread "G1 Conc#2"                       [id=33672, stack(0x0000001edfe00000,0x0000001edff00000) (1024K)]
  0x000001e8cf3db7b0 ConcurrentGCThread "G1 Refine#0"               [id=15864, stack(0x0000001ede300000,0x0000001ede400000) (1024K)]
  0x000001e8cf3dc230 ConcurrentGCThread "G1 Service"                [id=28648, stack(0x0000001ede400000,0x0000001ede500000) (1024K)]
Total: 18

Threads with active compile tasks:
Total: 0

VM state: at safepoint (normal execution)

VM Mutex/Monitor currently owned by a thread:  ([mutex/lock_event])
[0x00007ff8df27a5f8] Threads_lock - owner thread: 0x000001e8cf525840
[0x00007ff8df27a6f8] Heap_lock - owner thread: 0x000001e8adeb7920

Heap address: 0x0000000705a00000, size: 4006 MB, Compressed Oops mode: Zero based, Oop shift amount: 3

CDS archive(s) mapped at: [0x000001e8d0000000-0x000001e8d0c90000-0x000001e8d0c90000), size 13172736, SharedBaseAddress: 0x000001e8d0000000, ArchiveRelocationMode: 1.
Compressed class space mapped at: 0x000001e8d1000000-0x000001e911000000, reserved size: 1073741824
Narrow klass base: 0x000001e8d0000000, Narrow klass shift: 0, Narrow klass range: 0x100000000

GC Precious Log:
 CardTable entry size: 512
 Card Set container configuration: InlinePtr #cards 4 size 8 Array Of Cards #cards 16 size 48 Howl #buckets 8 coarsen threshold 3686 Howl Bitmap #cards 512 size 80 coarsen threshold 460 Card regions per heap region 1 cards per card region 4096
 CPUs: 12 total, 12 available
 Memory: 16016M
 Large Page Support: Disabled
 NUMA Support: Disabled
 Compressed Oops: Enabled (Zero based)
 Heap Region Size: 2M
 Heap Min Capacity: 8M
 Heap Initial Capacity: 252M
 Heap Max Capacity: 4006M
 Pre-touch: Disabled
 Parallel Workers: 10
 Concurrent Workers: 3
 Concurrent Refinement Workers: 10
 Periodic GC: Disabled

Heap:
 garbage-first heap   total 479232K, used 202292K [0x0000000705a00000, 0x0000000800000000)
  region size 2048K, 17 young (34816K), 17 survivors (34816K)
 Metaspace       used 88942K, committed 89728K, reserved 1179648K
  class space    used 12063K, committed 12416K, reserved 1048576K

Heap Regions: E=young(eden), S=young(survivor), O=old, HS=humongous(starts), HC=humongous(continues), CS=collection set, F=free, TAMS=top-at-mark-start, PB=parsable bottom
|   0|0x0000000705a00000, 0x0000000705c00000, 0x0000000705c00000|100%| O|  |TAMS 0x0000000705a00000| PB 0x0000000705a00000| Untracked 
|   1|0x0000000705c00000, 0x0000000705e00000, 0x0000000705e00000|100%| O|  |TAMS 0x0000000705c00000| PB 0x0000000705c00000| Untracked 
|   2|0x0000000705e00000, 0x0000000706000000, 0x0000000706000000|100%| O|  |TAMS 0x0000000705e00000| PB 0x0000000705e00000| Untracked 
|   3|0x0000000706000000, 0x0000000706200000, 0x0000000706200000|100%| O|  |TAMS 0x0000000706000000| PB 0x0000000706000000| Untracked 
|   4|0x0000000706200000, 0x0000000706400000, 0x0000000706400000|100%| O|  |TAMS 0x0000000706200000| PB 0x0000000706200000| Untracked 
|   5|0x0000000706400000, 0x0000000706600000, 0x0000000706600000|100%| O|  |TAMS 0x0000000706400000| PB 0x0000000706400000| Untracked 
|   6|0x0000000706600000, 0x0000000706800000, 0x0000000706800000|100%| O|  |TAMS 0x0000000706600000| PB 0x0000000706600000| Untracked 
|   7|0x0000000706800000, 0x0000000706a00000, 0x0000000706a00000|100%| O|  |TAMS 0x0000000706800000| PB 0x0000000706800000| Untracked 
|   8|0x0000000706a00000, 0x0000000706c00000, 0x0000000706c00000|100%| O|  |TAMS 0x0000000706a00000| PB 0x0000000706a00000| Untracked 
|   9|0x0000000706c00000, 0x0000000706e00000, 0x0000000706e00000|100%| O|  |TAMS 0x0000000706c00000| PB 0x0000000706c00000| Untracked 
|  10|0x0000000706e00000, 0x0000000707000000, 0x0000000707000000|100%| O|  |TAMS 0x0000000706e00000| PB 0x0000000706e00000| Untracked 
|  11|0x0000000707000000, 0x0000000707200000, 0x0000000707200000|100%| O|  |TAMS 0x0000000707000000| PB 0x0000000707000000| Untracked 
|  12|0x0000000707200000, 0x0000000707400000, 0x0000000707400000|100%| O|  |TAMS 0x0000000707200000| PB 0x0000000707200000| Untracked 
|  13|0x0000000707400000, 0x0000000707600000, 0x0000000707600000|100%| O|  |TAMS 0x0000000707400000| PB 0x0000000707400000| Untracked 
|  14|0x0000000707600000, 0x0000000707800000, 0x0000000707800000|100%| O|  |TAMS 0x0000000707600000| PB 0x0000000707600000| Untracked 
|  15|0x0000000707800000, 0x0000000707a00000, 0x0000000707a00000|100%| O|  |TAMS 0x0000000707800000| PB 0x0000000707800000| Untracked 
|  16|0x0000000707a00000, 0x0000000707c00000, 0x0000000707c00000|100%| O|  |TAMS 0x0000000707a00000| PB 0x0000000707a00000| Untracked 
|  17|0x0000000707c00000, 0x0000000707e00000, 0x0000000707e00000|100%| O|  |TAMS 0x0000000707c00000| PB 0x0000000707c00000| Untracked 
|  18|0x0000000707e00000, 0x0000000708000000, 0x0000000708000000|100%| O|  |TAMS 0x0000000707e00000| PB 0x0000000707e00000| Untracked 
|  19|0x0000000708000000, 0x0000000708200000, 0x0000000708200000|100%| O|  |TAMS 0x0000000708000000| PB 0x0000000708000000| Untracked 
|  20|0x0000000708200000, 0x0000000708400000, 0x0000000708400000|100%| O|  |TAMS 0x0000000708200000| PB 0x0000000708200000| Untracked 
|  21|0x0000000708400000, 0x0000000708600000, 0x0000000708600000|100%| O|  |TAMS 0x0000000708400000| PB 0x0000000708400000| Untracked 
|  22|0x0000000708600000, 0x0000000708800000, 0x0000000708800000|100%| O|  |TAMS 0x0000000708600000| PB 0x0000000708600000| Untracked 
|  23|0x0000000708800000, 0x0000000708a00000, 0x0000000708a00000|100%| O|  |TAMS 0x0000000708800000| PB 0x0000000708800000| Untracked 
|  24|0x0000000708a00000, 0x0000000708c00000, 0x0000000708c00000|100%| O|  |TAMS 0x0000000708a00000| PB 0x0000000708a00000| Untracked 
|  25|0x0000000708c00000, 0x0000000708e00000, 0x0000000708e00000|100%| O|  |TAMS 0x0000000708c00000| PB 0x0000000708c00000| Untracked 
|  26|0x0000000708e00000, 0x0000000709000000, 0x0000000709000000|100%| O|  |TAMS 0x0000000708e00000| PB 0x0000000708e00000| Untracked 
|  27|0x0000000709000000, 0x0000000709200000, 0x0000000709200000|100%| O|  |TAMS 0x0000000709000000| PB 0x0000000709000000| Untracked 
|  28|0x0000000709200000, 0x0000000709400000, 0x0000000709400000|100%| O|  |TAMS 0x0000000709200000| PB 0x0000000709200000| Untracked 
|  29|0x0000000709400000, 0x0000000709600000, 0x0000000709600000|100%| O|  |TAMS 0x0000000709400000| PB 0x0000000709400000| Untracked 
|  30|0x0000000709600000, 0x0000000709800000, 0x0000000709800000|100%| O|  |TAMS 0x0000000709600000| PB 0x0000000709600000| Untracked 
|  31|0x0000000709800000, 0x0000000709800000, 0x0000000709a00000|  0%| F|  |TAMS 0x0000000709800000| PB 0x0000000709800000| Untracked 
|  32|0x0000000709a00000, 0x0000000709c00000, 0x0000000709c00000|100%| O|  |TAMS 0x0000000709a00000| PB 0x0000000709a00000| Untracked 
|  33|0x0000000709c00000, 0x0000000709c00000, 0x0000000709e00000|  0%| F|  |TAMS 0x0000000709c00000| PB 0x0000000709c00000| Untracked 
|  34|0x0000000709e00000, 0x0000000709e00000, 0x000000070a000000|  0%| F|  |TAMS 0x0000000709e00000| PB 0x0000000709e00000| Untracked 
|  35|0x000000070a000000, 0x000000070a200000, 0x000000070a200000|100%| O|  |TAMS 0x000000070a000000| PB 0x000000070a000000| Untracked 
|  36|0x000000070a200000, 0x000000070a400000, 0x000000070a400000|100%| O|  |TAMS 0x000000070a200000| PB 0x000000070a200000| Untracked 
|  37|0x000000070a400000, 0x000000070a600000, 0x000000070a600000|100%| O|  |TAMS 0x000000070a400000| PB 0x000000070a400000| Untracked 
|  38|0x000000070a600000, 0x000000070a600000, 0x000000070a800000|  0%| F|  |TAMS 0x000000070a600000| PB 0x000000070a600000| Untracked 
|  39|0x000000070a800000, 0x000000070a800000, 0x000000070aa00000|  0%| F|  |TAMS 0x000000070a800000| PB 0x000000070a800000| Untracked 
|  40|0x000000070aa00000, 0x000000070ac00000, 0x000000070ac00000|100%| O|  |TAMS 0x000000070aa00000| PB 0x000000070aa00000| Untracked 
|  41|0x000000070ac00000, 0x000000070ae00000, 0x000000070ae00000|100%| O|  |TAMS 0x000000070ac00000| PB 0x000000070ac00000| Untracked 
|  42|0x000000070ae00000, 0x000000070b000000, 0x000000070b000000|100%| O|  |TAMS 0x000000070ae00000| PB 0x000000070ae00000| Untracked 
|  43|0x000000070b000000, 0x000000070b200000, 0x000000070b200000|100%| O|  |TAMS 0x000000070b000000| PB 0x000000070b000000| Untracked 
|  44|0x000000070b200000, 0x000000070b400000, 0x000000070b400000|100%| O|  |TAMS 0x000000070b200000| PB 0x000000070b200000| Untracked 
|  45|0x000000070b400000, 0x000000070b600000, 0x000000070b600000|100%| O|  |TAMS 0x000000070b400000| PB 0x000000070b400000| Untracked 
|  46|0x000000070b600000, 0x000000070b800000, 0x000000070b800000|100%| O|  |TAMS 0x000000070b600000| PB 0x000000070b600000| Untracked 
|  47|0x000000070b800000, 0x000000070ba00000, 0x000000070ba00000|100%| O|  |TAMS 0x000000070b800000| PB 0x000000070b800000| Untracked 
|  48|0x000000070ba00000, 0x000000070bc00000, 0x000000070bc00000|100%| O|  |TAMS 0x000000070ba00000| PB 0x000000070ba00000| Untracked 
|  49|0x000000070bc00000, 0x000000070be00000, 0x000000070be00000|100%| O|  |TAMS 0x000000070bc00000| PB 0x000000070bc00000| Untracked 
|  50|0x000000070be00000, 0x000000070c000000, 0x000000070c000000|100%| O|  |TAMS 0x000000070be00000| PB 0x000000070be00000| Untracked 
|  51|0x000000070c000000, 0x000000070c200000, 0x000000070c200000|100%| O|  |TAMS 0x000000070c000000| PB 0x000000070c000000| Untracked 
|  52|0x000000070c200000, 0x000000070c400000, 0x000000070c400000|100%| O|  |TAMS 0x000000070c200000| PB 0x000000070c200000| Untracked 
|  53|0x000000070c400000, 0x000000070c600000, 0x000000070c600000|100%| O|  |TAMS 0x000000070c400000| PB 0x000000070c400000| Untracked 
|  54|0x000000070c600000, 0x000000070c800000, 0x000000070c800000|100%| O|  |TAMS 0x000000070c600000| PB 0x000000070c600000| Untracked 
|  55|0x000000070c800000, 0x000000070ca00000, 0x000000070ca00000|100%| O|  |TAMS 0x000000070c800000| PB 0x000000070c800000| Untracked 
|  56|0x000000070ca00000, 0x000000070cc00000, 0x000000070cc00000|100%| O|  |TAMS 0x000000070ca00000| PB 0x000000070ca00000| Untracked 
|  57|0x000000070cc00000, 0x000000070ce00000, 0x000000070ce00000|100%| O|  |TAMS 0x000000070cc00000| PB 0x000000070cc00000| Untracked 
|  58|0x000000070ce00000, 0x000000070d000000, 0x000000070d000000|100%| O|  |TAMS 0x000000070ce00000| PB 0x000000070ce00000| Untracked 
|  59|0x000000070d000000, 0x000000070d200000, 0x000000070d200000|100%| O|  |TAMS 0x000000070d000000| PB 0x000000070d000000| Untracked 
|  60|0x000000070d200000, 0x000000070d400000, 0x000000070d400000|100%| O|  |TAMS 0x000000070d200000| PB 0x000000070d200000| Untracked 
|  61|0x000000070d400000, 0x000000070d600000, 0x000000070d600000|100%| O|  |TAMS 0x000000070d400000| PB 0x000000070d400000| Untracked 
|  62|0x000000070d600000, 0x000000070d800000, 0x000000070d800000|100%| O|  |TAMS 0x000000070d600000| PB 0x000000070d600000| Untracked 
|  63|0x000000070d800000, 0x000000070da00000, 0x000000070da00000|100%| O|  |TAMS 0x000000070d800000| PB 0x000000070d800000| Untracked 
|  64|0x000000070da00000, 0x000000070dc00000, 0x000000070dc00000|100%| O|  |TAMS 0x000000070da00000| PB 0x000000070da00000| Untracked 
|  65|0x000000070dc00000, 0x000000070de00000, 0x000000070de00000|100%| O|  |TAMS 0x000000070dc00000| PB 0x000000070dc00000| Untracked 
|  66|0x000000070de00000, 0x000000070e000000, 0x000000070e000000|100%| O|  |TAMS 0x000000070de00000| PB 0x000000070de00000| Untracked 
|  67|0x000000070e000000, 0x000000070e200000, 0x000000070e200000|100%| O|  |TAMS 0x000000070e000000| PB 0x000000070e000000| Untracked 
|  68|0x000000070e200000, 0x000000070e400000, 0x000000070e400000|100%| O|  |TAMS 0x000000070e200000| PB 0x000000070e200000| Untracked 
|  69|0x000000070e400000, 0x000000070e600000, 0x000000070e600000|100%| O|  |TAMS 0x000000070e400000| PB 0x000000070e400000| Untracked 
|  70|0x000000070e600000, 0x000000070e800000, 0x000000070e800000|100%| O|  |TAMS 0x000000070e600000| PB 0x000000070e600000| Untracked 
|  71|0x000000070e800000, 0x000000070ea00000, 0x000000070ea00000|100%| O|  |TAMS 0x000000070e800000| PB 0x000000070e800000| Untracked 
|  72|0x000000070ea00000, 0x000000070ec00000, 0x000000070ec00000|100%| O|  |TAMS 0x000000070ea00000| PB 0x000000070ea00000| Untracked 
|  73|0x000000070ec00000, 0x000000070ee00000, 0x000000070ee00000|100%| O|  |TAMS 0x000000070ec00000| PB 0x000000070ec00000| Untracked 
|  74|0x000000070ee00000, 0x000000070f000000, 0x000000070f000000|100%| O|  |TAMS 0x000000070ee00000| PB 0x000000070ee00000| Untracked 
|  75|0x000000070f000000, 0x000000070f200000, 0x000000070f200000|100%|HS|  |TAMS 0x000000070f000000| PB 0x000000070f000000| Complete 
|  76|0x000000070f200000, 0x000000070f400000, 0x000000070f400000|100%| O|  |TAMS 0x000000070f200000| PB 0x000000070f200000| Untracked 
|  77|0x000000070f400000, 0x000000070f600000, 0x000000070f600000|100%| O|  |TAMS 0x000000070f400000| PB 0x000000070f400000| Untracked 
|  78|0x000000070f600000, 0x000000070f800000, 0x000000070f800000|100%| O|  |TAMS 0x000000070f600000| PB 0x000000070f600000| Untracked 
|  79|0x000000070f800000, 0x000000070fa00000, 0x000000070fa00000|100%| O|  |TAMS 0x000000070f800000| PB 0x000000070f800000| Untracked 
|  80|0x000000070fa00000, 0x000000070fc00000, 0x000000070fc00000|100%| O|  |TAMS 0x000000070fa00000| PB 0x000000070fa00000| Untracked 
|  81|0x000000070fc00000, 0x000000070fe00000, 0x000000070fe00000|100%| S|CS|TAMS 0x000000070fc00000| PB 0x000000070fc00000| Complete 
|  82|0x000000070fe00000, 0x0000000710000000, 0x0000000710000000|100%| S|CS|TAMS 0x000000070fe00000| PB 0x000000070fe00000| Complete 
|  83|0x0000000710000000, 0x0000000710200000, 0x0000000710200000|100%| S|CS|TAMS 0x0000000710000000| PB 0x0000000710000000| Complete 
|  84|0x0000000710200000, 0x0000000710400000, 0x0000000710400000|100%| S|CS|TAMS 0x0000000710200000| PB 0x0000000710200000| Complete 
|  85|0x0000000710400000, 0x0000000710600000, 0x0000000710600000|100%| S|CS|TAMS 0x0000000710400000| PB 0x0000000710400000| Complete 
|  86|0x0000000710600000, 0x0000000710800000, 0x0000000710800000|100%| S|CS|TAMS 0x0000000710600000| PB 0x0000000710600000| Complete 
|  87|0x0000000710800000, 0x0000000710a00000, 0x0000000710a00000|100%| S|CS|TAMS 0x0000000710800000| PB 0x0000000710800000| Complete 
|  88|0x0000000710a00000, 0x0000000710c00000, 0x0000000710c00000|100%| S|CS|TAMS 0x0000000710a00000| PB 0x0000000710a00000| Complete 
|  89|0x0000000710c00000, 0x0000000710e00000, 0x0000000710e00000|100%| S|CS|TAMS 0x0000000710c00000| PB 0x0000000710c00000| Complete 
|  90|0x0000000710e00000, 0x0000000711000000, 0x0000000711000000|100%| S|CS|TAMS 0x0000000710e00000| PB 0x0000000710e00000| Complete 
|  91|0x0000000711000000, 0x0000000711200000, 0x0000000711200000|100%| S|CS|TAMS 0x0000000711000000| PB 0x0000000711000000| Complete 
|  92|0x0000000711200000, 0x0000000711200000, 0x0000000711400000|  0%| F|  |TAMS 0x0000000711200000| PB 0x0000000711200000| Untracked 
|  93|0x0000000711400000, 0x0000000711400000, 0x0000000711600000|  0%| F|  |TAMS 0x0000000711400000| PB 0x0000000711400000| Untracked 
|  94|0x0000000711600000, 0x0000000711800000, 0x0000000711800000|100%| S|CS|TAMS 0x0000000711600000| PB 0x0000000711600000| Complete 
|  95|0x0000000711800000, 0x0000000711a00000, 0x0000000711a00000|100%| S|CS|TAMS 0x0000000711800000| PB 0x0000000711800000| Complete 
|  96|0x0000000711a00000, 0x0000000711c00000, 0x0000000711c00000|100%| S|CS|TAMS 0x0000000711a00000| PB 0x0000000711a00000| Complete 
|  97|0x0000000711c00000, 0x0000000711e00000, 0x0000000711e00000|100%| S|CS|TAMS 0x0000000711c00000| PB 0x0000000711c00000| Complete 
|  98|0x0000000711e00000, 0x0000000712000000, 0x0000000712000000|100%| S|CS|TAMS 0x0000000711e00000| PB 0x0000000711e00000| Complete 
|  99|0x0000000712000000, 0x0000000712200000, 0x0000000712200000|100%| S|CS|TAMS 0x0000000712000000| PB 0x0000000712000000| Complete 
| 100|0x0000000712200000, 0x0000000712200000, 0x0000000712400000|  0%| F|  |TAMS 0x0000000712200000| PB 0x0000000712200000| Untracked 
| 101|0x0000000712400000, 0x0000000712400000, 0x0000000712600000|  0%| F|  |TAMS 0x0000000712400000| PB 0x0000000712400000| Untracked 
| 102|0x0000000712600000, 0x0000000712600000, 0x0000000712800000|  0%| F|  |TAMS 0x0000000712600000| PB 0x0000000712600000| Untracked 
| 103|0x0000000712800000, 0x0000000712800000, 0x0000000712a00000|  0%| F|  |TAMS 0x0000000712800000| PB 0x0000000712800000| Untracked 
| 104|0x0000000712a00000, 0x0000000712a00000, 0x0000000712c00000|  0%| F|  |TAMS 0x0000000712a00000| PB 0x0000000712a00000| Untracked 
| 105|0x0000000712c00000, 0x0000000712c00000, 0x0000000712e00000|  0%| F|  |TAMS 0x0000000712c00000| PB 0x0000000712c00000| Untracked 
| 106|0x0000000712e00000, 0x0000000712e00000, 0x0000000713000000|  0%| F|  |TAMS 0x0000000712e00000| PB 0x0000000712e00000| Untracked 
| 107|0x0000000713000000, 0x0000000713000000, 0x0000000713200000|  0%| F|  |TAMS 0x0000000713000000| PB 0x0000000713000000| Untracked 
| 108|0x0000000713200000, 0x0000000713200000, 0x0000000713400000|  0%| F|  |TAMS 0x0000000713200000| PB 0x0000000713200000| Untracked 
| 109|0x0000000713400000, 0x0000000713400000, 0x0000000713600000|  0%| F|  |TAMS 0x0000000713400000| PB 0x0000000713400000| Untracked 
| 110|0x0000000713600000, 0x0000000713600000, 0x0000000713800000|  0%| F|  |TAMS 0x0000000713600000| PB 0x0000000713600000| Untracked 
| 111|0x0000000713800000, 0x0000000713800000, 0x0000000713a00000|  0%| F|  |TAMS 0x0000000713800000| PB 0x0000000713800000| Untracked 
| 112|0x0000000713a00000, 0x0000000713a00000, 0x0000000713c00000|  0%| F|  |TAMS 0x0000000713a00000| PB 0x0000000713a00000| Untracked 
| 113|0x0000000713c00000, 0x0000000713c00000, 0x0000000713e00000|  0%| F|  |TAMS 0x0000000713c00000| PB 0x0000000713c00000| Untracked 
| 114|0x0000000713e00000, 0x0000000713e00000, 0x0000000714000000|  0%| F|  |TAMS 0x0000000713e00000| PB 0x0000000713e00000| Untracked 
| 115|0x0000000714000000, 0x0000000714000000, 0x0000000714200000|  0%| F|  |TAMS 0x0000000714000000| PB 0x0000000714000000| Untracked 
| 116|0x0000000714200000, 0x0000000714200000, 0x0000000714400000|  0%| F|  |TAMS 0x0000000714200000| PB 0x0000000714200000| Untracked 
| 117|0x0000000714400000, 0x0000000714400000, 0x0000000714600000|  0%| F|  |TAMS 0x0000000714400000| PB 0x0000000714400000| Untracked 
| 118|0x0000000714600000, 0x0000000714600000, 0x0000000714800000|  0%| F|  |TAMS 0x0000000714600000| PB 0x0000000714600000| Untracked 
| 119|0x0000000714800000, 0x0000000714800000, 0x0000000714a00000|  0%| F|  |TAMS 0x0000000714800000| PB 0x0000000714800000| Untracked 
| 120|0x0000000714a00000, 0x0000000714a00000, 0x0000000714c00000|  0%| F|  |TAMS 0x0000000714a00000| PB 0x0000000714a00000| Untracked 
| 121|0x0000000714c00000, 0x0000000714c00000, 0x0000000714e00000|  0%| F|  |TAMS 0x0000000714c00000| PB 0x0000000714c00000| Untracked 
| 122|0x0000000714e00000, 0x0000000714e00000, 0x0000000715000000|  0%| F|  |TAMS 0x0000000714e00000| PB 0x0000000714e00000| Untracked 
| 123|0x0000000715000000, 0x0000000715000000, 0x0000000715200000|  0%| F|  |TAMS 0x0000000715000000| PB 0x0000000715000000| Untracked 
| 124|0x0000000715200000, 0x0000000715200000, 0x0000000715400000|  0%| F|  |TAMS 0x0000000715200000| PB 0x0000000715200000| Untracked 
| 125|0x0000000715400000, 0x0000000715400000, 0x0000000715600000|  0%| F|  |TAMS 0x0000000715400000| PB 0x0000000715400000| Untracked 
| 126|0x0000000715600000, 0x0000000715600000, 0x0000000715800000|  0%| F|  |TAMS 0x0000000715600000| PB 0x0000000715600000| Untracked 
| 127|0x0000000715800000, 0x0000000715800000, 0x0000000715a00000|  0%| F|  |TAMS 0x0000000715800000| PB 0x0000000715800000| Untracked 
| 128|0x0000000715a00000, 0x0000000715a00000, 0x0000000715c00000|  0%| F|  |TAMS 0x0000000715a00000| PB 0x0000000715a00000| Untracked 
| 129|0x0000000715c00000, 0x0000000715c00000, 0x0000000715e00000|  0%| F|  |TAMS 0x0000000715c00000| PB 0x0000000715c00000| Untracked 
| 130|0x0000000715e00000, 0x0000000715e00000, 0x0000000716000000|  0%| F|  |TAMS 0x0000000715e00000| PB 0x0000000715e00000| Untracked 
| 131|0x0000000716000000, 0x0000000716000000, 0x0000000716200000|  0%| F|  |TAMS 0x0000000716000000| PB 0x0000000716000000| Untracked 
| 132|0x0000000716200000, 0x0000000716200000, 0x0000000716400000|  0%| F|  |TAMS 0x0000000716200000| PB 0x0000000716200000| Untracked 
| 133|0x0000000716400000, 0x0000000716400000, 0x0000000716600000|  0%| F|  |TAMS 0x0000000716400000| PB 0x0000000716400000| Untracked 
| 134|0x0000000716600000, 0x0000000716600000, 0x0000000716800000|  0%| F|  |TAMS 0x0000000716600000| PB 0x0000000716600000| Untracked 
| 135|0x0000000716800000, 0x0000000716800000, 0x0000000716a00000|  0%| F|  |TAMS 0x0000000716800000| PB 0x0000000716800000| Untracked 
| 136|0x0000000716a00000, 0x0000000716a00000, 0x0000000716c00000|  0%| F|  |TAMS 0x0000000716a00000| PB 0x0000000716a00000| Untracked 
| 137|0x0000000716c00000, 0x0000000716c00000, 0x0000000716e00000|  0%| F|  |TAMS 0x0000000716c00000| PB 0x0000000716c00000| Untracked 
| 138|0x0000000716e00000, 0x0000000716e00000, 0x0000000717000000|  0%| F|  |TAMS 0x0000000716e00000| PB 0x0000000716e00000| Untracked 
| 139|0x0000000717000000, 0x0000000717000000, 0x0000000717200000|  0%| F|  |TAMS 0x0000000717000000| PB 0x0000000717000000| Untracked 
| 140|0x0000000717200000, 0x0000000717200000, 0x0000000717400000|  0%| F|  |TAMS 0x0000000717200000| PB 0x0000000717200000| Untracked 
| 141|0x0000000717400000, 0x0000000717400000, 0x0000000717600000|  0%| F|  |TAMS 0x0000000717400000| PB 0x0000000717400000| Untracked 
| 142|0x0000000717600000, 0x0000000717600000, 0x0000000717800000|  0%| F|  |TAMS 0x0000000717600000| PB 0x0000000717600000| Untracked 
| 143|0x0000000717800000, 0x0000000717800000, 0x0000000717a00000|  0%| F|  |TAMS 0x0000000717800000| PB 0x0000000717800000| Untracked 
| 144|0x0000000717a00000, 0x0000000717a00000, 0x0000000717c00000|  0%| F|  |TAMS 0x0000000717a00000| PB 0x0000000717a00000| Untracked 
| 145|0x0000000717c00000, 0x0000000717c00000, 0x0000000717e00000|  0%| F|  |TAMS 0x0000000717c00000| PB 0x0000000717c00000| Untracked 
| 146|0x0000000717e00000, 0x0000000717e00000, 0x0000000718000000|  0%| F|  |TAMS 0x0000000717e00000| PB 0x0000000717e00000| Untracked 
| 147|0x0000000718000000, 0x0000000718000000, 0x0000000718200000|  0%| F|  |TAMS 0x0000000718000000| PB 0x0000000718000000| Untracked 
| 148|0x0000000718200000, 0x0000000718200000, 0x0000000718400000|  0%| F|  |TAMS 0x0000000718200000| PB 0x0000000718200000| Untracked 
| 149|0x0000000718400000, 0x0000000718400000, 0x0000000718600000|  0%| F|  |TAMS 0x0000000718400000| PB 0x0000000718400000| Untracked 
| 150|0x0000000718600000, 0x0000000718600000, 0x0000000718800000|  0%| F|  |TAMS 0x0000000718600000| PB 0x0000000718600000| Untracked 
| 151|0x0000000718800000, 0x0000000718800000, 0x0000000718a00000|  0%| F|  |TAMS 0x0000000718800000| PB 0x0000000718800000| Untracked 
| 152|0x0000000718a00000, 0x0000000718a00000, 0x0000000718c00000|  0%| F|  |TAMS 0x0000000718a00000| PB 0x0000000718a00000| Untracked 
| 153|0x0000000718c00000, 0x0000000718c00000, 0x0000000718e00000|  0%| F|  |TAMS 0x0000000718c00000| PB 0x0000000718c00000| Untracked 
| 154|0x0000000718e00000, 0x0000000718e00000, 0x0000000719000000|  0%| F|  |TAMS 0x0000000718e00000| PB 0x0000000718e00000| Untracked 
| 155|0x0000000719000000, 0x0000000719000000, 0x0000000719200000|  0%| F|  |TAMS 0x0000000719000000| PB 0x0000000719000000| Untracked 
| 156|0x0000000719200000, 0x0000000719200000, 0x0000000719400000|  0%| F|  |TAMS 0x0000000719200000| PB 0x0000000719200000| Untracked 
| 157|0x0000000719400000, 0x0000000719400000, 0x0000000719600000|  0%| F|  |TAMS 0x0000000719400000| PB 0x0000000719400000| Untracked 
| 158|0x0000000719600000, 0x0000000719600000, 0x0000000719800000|  0%| F|  |TAMS 0x0000000719600000| PB 0x0000000719600000| Untracked 
| 159|0x0000000719800000, 0x0000000719800000, 0x0000000719a00000|  0%| F|  |TAMS 0x0000000719800000| PB 0x0000000719800000| Untracked 
| 160|0x0000000719a00000, 0x0000000719a00000, 0x0000000719c00000|  0%| F|  |TAMS 0x0000000719a00000| PB 0x0000000719a00000| Untracked 
| 161|0x0000000719c00000, 0x0000000719c00000, 0x0000000719e00000|  0%| F|  |TAMS 0x0000000719c00000| PB 0x0000000719c00000| Untracked 
| 162|0x0000000719e00000, 0x0000000719e00000, 0x000000071a000000|  0%| F|  |TAMS 0x0000000719e00000| PB 0x0000000719e00000| Untracked 
| 163|0x000000071a000000, 0x000000071a000000, 0x000000071a200000|  0%| F|  |TAMS 0x000000071a000000| PB 0x000000071a000000| Untracked 
| 164|0x000000071a200000, 0x000000071a200000, 0x000000071a400000|  0%| F|  |TAMS 0x000000071a200000| PB 0x000000071a200000| Untracked 
| 165|0x000000071a400000, 0x000000071a400000, 0x000000071a600000|  0%| F|  |TAMS 0x000000071a400000| PB 0x000000071a400000| Untracked 
| 166|0x000000071a600000, 0x000000071a600000, 0x000000071a800000|  0%| F|  |TAMS 0x000000071a600000| PB 0x000000071a600000| Untracked 
| 167|0x000000071a800000, 0x000000071a800000, 0x000000071aa00000|  0%| F|  |TAMS 0x000000071a800000| PB 0x000000071a800000| Untracked 
| 168|0x000000071aa00000, 0x000000071aa00000, 0x000000071ac00000|  0%| F|  |TAMS 0x000000071aa00000| PB 0x000000071aa00000| Untracked 
| 169|0x000000071ac00000, 0x000000071ac00000, 0x000000071ae00000|  0%| F|  |TAMS 0x000000071ac00000| PB 0x000000071ac00000| Untracked 
| 170|0x000000071ae00000, 0x000000071ae00000, 0x000000071b000000|  0%| F|  |TAMS 0x000000071ae00000| PB 0x000000071ae00000| Untracked 
| 171|0x000000071b000000, 0x000000071b000000, 0x000000071b200000|  0%| F|  |TAMS 0x000000071b000000| PB 0x000000071b000000| Untracked 
| 172|0x000000071b200000, 0x000000071b200000, 0x000000071b400000|  0%| F|  |TAMS 0x000000071b200000| PB 0x000000071b200000| Untracked 
| 173|0x000000071b400000, 0x000000071b400000, 0x000000071b600000|  0%| F|  |TAMS 0x000000071b400000| PB 0x000000071b400000| Untracked 
| 174|0x000000071b600000, 0x000000071b600000, 0x000000071b800000|  0%| F|  |TAMS 0x000000071b600000| PB 0x000000071b600000| Untracked 
| 175|0x000000071b800000, 0x000000071b800000, 0x000000071ba00000|  0%| F|  |TAMS 0x000000071b800000| PB 0x000000071b800000| Untracked 
| 176|0x000000071ba00000, 0x000000071ba00000, 0x000000071bc00000|  0%| F|  |TAMS 0x000000071ba00000| PB 0x000000071ba00000| Untracked 
| 177|0x000000071bc00000, 0x000000071bc00000, 0x000000071be00000|  0%| F|  |TAMS 0x000000071bc00000| PB 0x000000071bc00000| Untracked 
| 178|0x000000071be00000, 0x000000071be00000, 0x000000071c000000|  0%| F|  |TAMS 0x000000071be00000| PB 0x000000071be00000| Untracked 
| 179|0x000000071c000000, 0x000000071c000000, 0x000000071c200000|  0%| F|  |TAMS 0x000000071c000000| PB 0x000000071c000000| Untracked 
| 180|0x000000071c200000, 0x000000071c200000, 0x000000071c400000|  0%| F|  |TAMS 0x000000071c200000| PB 0x000000071c200000| Untracked 
| 181|0x000000071c400000, 0x000000071c400000, 0x000000071c600000|  0%| F|  |TAMS 0x000000071c400000| PB 0x000000071c400000| Untracked 
| 182|0x000000071c600000, 0x000000071c600000, 0x000000071c800000|  0%| F|  |TAMS 0x000000071c600000| PB 0x000000071c600000| Untracked 
| 183|0x000000071c800000, 0x000000071c800000, 0x000000071ca00000|  0%| F|  |TAMS 0x000000071c800000| PB 0x000000071c800000| Untracked 
| 184|0x000000071ca00000, 0x000000071ca00000, 0x000000071cc00000|  0%| F|  |TAMS 0x000000071ca00000| PB 0x000000071ca00000| Untracked 
| 185|0x000000071cc00000, 0x000000071cc00000, 0x000000071ce00000|  0%| F|  |TAMS 0x000000071cc00000| PB 0x000000071cc00000| Untracked 
| 186|0x000000071ce00000, 0x000000071ce00000, 0x000000071d000000|  0%| F|  |TAMS 0x000000071ce00000| PB 0x000000071ce00000| Untracked 
| 187|0x000000071d000000, 0x000000071d000000, 0x000000071d200000|  0%| F|  |TAMS 0x000000071d000000| PB 0x000000071d000000| Untracked 
| 188|0x000000071d200000, 0x000000071d200000, 0x000000071d400000|  0%| F|  |TAMS 0x000000071d200000| PB 0x000000071d200000| Untracked 
| 189|0x000000071d400000, 0x000000071d400000, 0x000000071d600000|  0%| F|  |TAMS 0x000000071d400000| PB 0x000000071d400000| Untracked 
| 190|0x000000071d600000, 0x000000071d600000, 0x000000071d800000|  0%| F|  |TAMS 0x000000071d600000| PB 0x000000071d600000| Untracked 
| 191|0x000000071d800000, 0x000000071d800000, 0x000000071da00000|  0%| F|  |TAMS 0x000000071d800000| PB 0x000000071d800000| Untracked 
| 192|0x000000071da00000, 0x000000071da00000, 0x000000071dc00000|  0%| F|  |TAMS 0x000000071da00000| PB 0x000000071da00000| Untracked 
| 193|0x000000071dc00000, 0x000000071dc00000, 0x000000071de00000|  0%| F|  |TAMS 0x000000071dc00000| PB 0x000000071dc00000| Untracked 
| 194|0x000000071de00000, 0x000000071de00000, 0x000000071e000000|  0%| F|  |TAMS 0x000000071de00000| PB 0x000000071de00000| Untracked 
| 195|0x000000071e000000, 0x000000071e000000, 0x000000071e200000|  0%| F|  |TAMS 0x000000071e000000| PB 0x000000071e000000| Untracked 
| 196|0x000000071e200000, 0x000000071e200000, 0x000000071e400000|  0%| F|  |TAMS 0x000000071e200000| PB 0x000000071e200000| Untracked 
| 197|0x000000071e400000, 0x000000071e400000, 0x000000071e600000|  0%| F|  |TAMS 0x000000071e400000| PB 0x000000071e400000| Untracked 
| 198|0x000000071e600000, 0x000000071e600000, 0x000000071e800000|  0%| F|  |TAMS 0x000000071e600000| PB 0x000000071e600000| Untracked 
| 199|0x000000071e800000, 0x000000071e800000, 0x000000071ea00000|  0%| F|  |TAMS 0x000000071e800000| PB 0x000000071e800000| Untracked 
| 200|0x000000071ea00000, 0x000000071ea00000, 0x000000071ec00000|  0%| F|  |TAMS 0x000000071ea00000| PB 0x000000071ea00000| Untracked 
| 201|0x000000071ec00000, 0x000000071ec00000, 0x000000071ee00000|  0%| F|  |TAMS 0x000000071ec00000| PB 0x000000071ec00000| Untracked 
| 202|0x000000071ee00000, 0x000000071ee00000, 0x000000071f000000|  0%| F|  |TAMS 0x000000071ee00000| PB 0x000000071ee00000| Untracked 
| 203|0x000000071f000000, 0x000000071f000000, 0x000000071f200000|  0%| F|  |TAMS 0x000000071f000000| PB 0x000000071f000000| Untracked 
| 204|0x000000071f200000, 0x000000071f200000, 0x000000071f400000|  0%| F|  |TAMS 0x000000071f200000| PB 0x000000071f200000| Untracked 
| 205|0x000000071f400000, 0x000000071f400000, 0x000000071f600000|  0%| F|  |TAMS 0x000000071f400000| PB 0x000000071f400000| Untracked 
| 206|0x000000071f600000, 0x000000071f600000, 0x000000071f800000|  0%| F|  |TAMS 0x000000071f600000| PB 0x000000071f600000| Untracked 
| 207|0x000000071f800000, 0x000000071f800000, 0x000000071fa00000|  0%| F|  |TAMS 0x000000071f800000| PB 0x000000071f800000| Untracked 
| 208|0x000000071fa00000, 0x000000071fa00000, 0x000000071fc00000|  0%| F|  |TAMS 0x000000071fa00000| PB 0x000000071fa00000| Untracked 
| 209|0x000000071fc00000, 0x000000071fc00000, 0x000000071fe00000|  0%| F|  |TAMS 0x000000071fc00000| PB 0x000000071fc00000| Untracked 
| 210|0x000000071fe00000, 0x000000071fe00000, 0x0000000720000000|  0%| F|  |TAMS 0x000000071fe00000| PB 0x000000071fe00000| Untracked 
| 211|0x0000000720000000, 0x0000000720000000, 0x0000000720200000|  0%| F|  |TAMS 0x0000000720000000| PB 0x0000000720000000| Untracked 
| 212|0x0000000720200000, 0x0000000720200000, 0x0000000720400000|  0%| F|  |TAMS 0x0000000720200000| PB 0x0000000720200000| Untracked 
| 213|0x0000000720400000, 0x0000000720400000, 0x0000000720600000|  0%| F|  |TAMS 0x0000000720400000| PB 0x0000000720400000| Untracked 
| 214|0x0000000720600000, 0x0000000720600000, 0x0000000720800000|  0%| F|  |TAMS 0x0000000720600000| PB 0x0000000720600000| Untracked 
| 215|0x0000000720800000, 0x0000000720800000, 0x0000000720a00000|  0%| F|  |TAMS 0x0000000720800000| PB 0x0000000720800000| Untracked 
| 216|0x0000000720a00000, 0x0000000720a00000, 0x0000000720c00000|  0%| F|  |TAMS 0x0000000720a00000| PB 0x0000000720a00000| Untracked 
| 217|0x0000000720c00000, 0x0000000720c00000, 0x0000000720e00000|  0%| F|  |TAMS 0x0000000720c00000| PB 0x0000000720c00000| Untracked 
| 218|0x0000000720e00000, 0x0000000720e00000, 0x0000000721000000|  0%| F|  |TAMS 0x0000000720e00000| PB 0x0000000720e00000| Untracked 
| 219|0x0000000721000000, 0x0000000721000000, 0x0000000721200000|  0%| F|  |TAMS 0x0000000721000000| PB 0x0000000721000000| Untracked 
| 220|0x0000000721200000, 0x0000000721200000, 0x0000000721400000|  0%| F|  |TAMS 0x0000000721200000| PB 0x0000000721200000| Untracked 
| 221|0x0000000721400000, 0x0000000721400000, 0x0000000721600000|  0%| F|  |TAMS 0x0000000721400000| PB 0x0000000721400000| Untracked 
| 222|0x0000000721600000, 0x0000000721600000, 0x0000000721800000|  0%| F|  |TAMS 0x0000000721600000| PB 0x0000000721600000| Untracked 
| 223|0x0000000721800000, 0x0000000721800000, 0x0000000721a00000|  0%| F|  |TAMS 0x0000000721800000| PB 0x0000000721800000| Untracked 
| 224|0x0000000721a00000, 0x0000000721a00000, 0x0000000721c00000|  0%| F|  |TAMS 0x0000000721a00000| PB 0x0000000721a00000| Untracked 
| 225|0x0000000721c00000, 0x0000000721c00000, 0x0000000721e00000|  0%| F|  |TAMS 0x0000000721c00000| PB 0x0000000721c00000| Untracked 
| 226|0x0000000721e00000, 0x0000000721e00000, 0x0000000722000000|  0%| F|  |TAMS 0x0000000721e00000| PB 0x0000000721e00000| Untracked 
|1996|0x00000007ff200000, 0x00000007ff38d128, 0x00000007ff400000| 77%| O|  |TAMS 0x00000007ff200000| PB 0x00000007ff200000| Untracked 
|1997|0x00000007ff400000, 0x00000007ff600000, 0x00000007ff600000|100%| O|  |TAMS 0x00000007ff400000| PB 0x00000007ff400000| Untracked 
|1998|0x00000007ff600000, 0x00000007ff800000, 0x00000007ff800000|100%| O|  |TAMS 0x00000007ff600000| PB 0x00000007ff600000| Untracked 
|1999|0x00000007ff800000, 0x00000007ffa00000, 0x00000007ffa00000|100%| O|  |TAMS 0x00000007ff800000| PB 0x00000007ff800000| Untracked 
|2000|0x00000007ffa00000, 0x00000007ffc00000, 0x00000007ffc00000|100%| O|  |TAMS 0x00000007ffa00000| PB 0x00000007ffa00000| Untracked 
|2001|0x00000007ffc00000, 0x00000007ffe00000, 0x00000007ffe00000|100%| O|  |TAMS 0x00000007ffc00000| PB 0x00000007ffc00000| Untracked 
|2002|0x00000007ffe00000, 0x00000007ffe00000, 0x0000000800000000|  0%| F|  |TAMS 0x00000007ffe00000| PB 0x00000007ffe00000| Untracked 

Card table byte_map: [0x000001e8c8250000,0x000001e8c8a30000] _byte_map_base: 0x000001e8c4a23000

Marking Bits: (CMBitMap*) 0x000001e8b014ae80
 Bits: [0x000001e8c8a30000, 0x000001e8cc8c8000)

Polling page: 0x000001e8ae070000

Metaspace:

Usage:
  Non-class:     75.08 MB used.
      Class:     11.78 MB used.
       Both:     86.86 MB used.

Virtual space:
  Non-class space:      128.00 MB reserved,      75.50 MB ( 59%) committed,  2 nodes.
      Class space:        1.00 GB reserved,      12.12 MB (  1%) committed,  1 nodes.
             Both:        1.12 GB reserved,      87.62 MB (  8%) committed. 

Chunk freelists:
   Non-Class:  4.11 MB
       Class:  3.81 MB
        Both:  7.92 MB

MaxMetaspaceSize: unlimited
CompressedClassSpaceSize: 1.00 GB
Initial GC threshold: 21.00 MB
Current GC threshold: 145.25 MB
CDS: on
 - commit_granule_bytes: 65536.
 - commit_granule_words: 8192.
 - virtual_space_node_default_size: 8388608.
 - enlarge_chunks_in_place: 1.
 - use_allocation_guard: 0.


Internal statistics:

num_allocs_failed_limit: 9.
num_arena_births: 1172.
num_arena_deaths: 0.
num_vsnodes_births: 3.
num_vsnodes_deaths: 0.
num_space_committed: 1401.
num_space_uncommitted: 0.
num_chunks_returned_to_freelist: 9.
num_chunks_taken_from_freelist: 4467.
num_chunk_merges: 9.
num_chunk_splits: 3216.
num_chunks_enlarged: 2525.
num_inconsistent_stats: 0.

CodeHeap 'non-profiled nmethods': size=120000Kb used=6916Kb max_used=7095Kb free=113083Kb
 bounds [0x000001e8bfff0000, 0x000001e8c06f0000, 0x000001e8c7520000]
CodeHeap 'profiled nmethods': size=120000Kb used=17949Kb max_used=19643Kb free=102050Kb
 bounds [0x000001e8b8520000, 0x000001e8b9870000, 0x000001e8bfa50000]
CodeHeap 'non-nmethods': size=5760Kb used=1730Kb max_used=1840Kb free=4029Kb
 bounds [0x000001e8bfa50000, 0x000001e8bfcc0000, 0x000001e8bfff0000]
 total_blobs=10223 nmethods=9470 adapters=655
 compilation: enabled
              stopped_count=0, restarted_count=0
 full_count=0

Compilation events (20 events):
Event: 17.229 Thread 0x000001e91945a060 nmethod 11501 0x000001e8c00dd710 code [0x000001e8c00dd900, 0x000001e8c00ddb00]
Event: 17.229 Thread 0x000001e91945a060 11524   !   4       org.aspectj.weaver.ReferenceType::getSuperclass (170 bytes)
Event: 17.254 Thread 0x000001e91945a060 nmethod 11524 0x000001e8c0175310 code [0x000001e8c0175600, 0x000001e8c0176780]
Event: 17.254 Thread 0x000001e91945a060 11431       4       ch.qos.logback.classic.spi.LoggingEvent::getMDCPropertyMap (65 bytes)
Event: 17.263 Thread 0x000001e91945a060 nmethod 11431 0x000001e8c0218c90 code [0x000001e8c0218ea0, 0x000001e8c02194c8]
Event: 17.263 Thread 0x000001e91945a060 11525       4       java.util.regex.Pattern::nextEscaped (19 bytes)
Event: 17.264 Thread 0x000001e91945a060 nmethod 11525 0x000001e8c06b9b90 code [0x000001e8c06b9d20, 0x000001e8c06b9e00]
Event: 17.264 Thread 0x000001e91945a060 11472       4       java.util.ArrayList::elementData (7 bytes)
Event: 17.264 Thread 0x000001e91945a060 nmethod 11472 0x000001e8c0218810 code [0x000001e8c02189a0, 0x000001e8c0218a78]
Event: 17.264 Thread 0x000001e91945a060 11483       4       org.aspectj.weaver.reflect.ShadowMatchImpl::neverMatches (8 bytes)
Event: 17.265 Thread 0x000001e91945a060 nmethod 11483 0x000001e8c01de910 code [0x000001e8c01deaa0, 0x000001e8c01deb68]
Event: 17.291 Thread 0x000001e8cf550b80 nmethod 11437 0x000001e8c0507f10 code [0x000001e8c05087c0, 0x000001e8c050dac8]
Event: 17.297 Thread 0x000001e8cf550b80 11571 %     4       org.antlr.v4.runtime.atn.ParserATNSimulator::computeReachSet @ 68 (575 bytes)
Event: 17.335 Thread 0x000001e91945a060 11572       4       org.antlr.v4.runtime.atn.ATNConfigSet::<init> (44 bytes)
Event: 17.343 Thread 0x000001e91945a060 nmethod 11572 0x000001e8c01dde10 code [0x000001e8c01de000, 0x000001e8c01de718]
Event: 17.369 Thread 0x000001e8cf551750 11573       3       org.springframework.data.jpa.repository.query.HqlParser$GeneralPathFragmentContext::accept (26 bytes)
Event: 17.369 Thread 0x000001e8cf551750 nmethod 11573 0x000001e8b9279490 code [0x000001e8b9279680, 0x000001e8b9279be8]
Event: 17.415 Thread 0x000001e8cf550b80 nmethod 11571% 0x000001e8c0401c10 code [0x000001e8c04020c0, 0x000001e8c0405a88]
Event: 17.418 Thread 0x000001e8cf550b80 11574       4       org.antlr.v4.runtime.atn.ParserATNSimulator::computeReachSet (575 bytes)
Event: 17.528 Thread 0x000001e8cf550b80 nmethod 11574 0x000001e8c0486e90 code [0x000001e8c0487380, 0x000001e8c048b0c8]

GC Heap History (20 events):
Event: 15.329 GC heap after
{Heap after GC invocations=24 (full 0):
 garbage-first heap   total 172032K, used 65453K [0x0000000705a00000, 0x0000000800000000)
  region size 2048K, 3 young (6144K), 3 survivors (6144K)
 Metaspace       used 88119K, committed 88960K, reserved 1179648K
  class space    used 11947K, committed 12352K, reserved 1048576K
}
Event: 15.484 GC heap before
{Heap before GC invocations=24 (full 0):
 garbage-first heap   total 172032K, used 153517K [0x0000000705a00000, 0x0000000800000000)
  region size 2048K, 46 young (94208K), 3 survivors (6144K)
 Metaspace       used 88119K, committed 88960K, reserved 1179648K
  class space    used 11947K, committed 12352K, reserved 1048576K
}
Event: 15.490 GC heap after
{Heap after GC invocations=25 (full 0):
 garbage-first heap   total 172032K, used 74644K [0x0000000705a00000, 0x0000000800000000)
  region size 2048K, 6 young (12288K), 6 survivors (12288K)
 Metaspace       used 88119K, committed 88960K, reserved 1179648K
  class space    used 11947K, committed 12352K, reserved 1048576K
}
Event: 15.569 GC heap before
{Heap before GC invocations=25 (full 0):
 garbage-first heap   total 172032K, used 148372K [0x0000000705a00000, 0x0000000800000000)
  region size 2048K, 42 young (86016K), 6 survivors (12288K)
 Metaspace       used 88120K, committed 88960K, reserved 1179648K
  class space    used 11947K, committed 12352K, reserved 1048576K
}
Event: 15.580 GC heap after
{Heap after GC invocations=26 (full 0):
 garbage-first heap   total 176128K, used 89269K [0x0000000705a00000, 0x0000000800000000)
  region size 2048K, 6 young (12288K), 6 survivors (12288K)
 Metaspace       used 88120K, committed 88960K, reserved 1179648K
  class space    used 11947K, committed 12352K, reserved 1048576K
}
Event: 15.662 GC heap before
{Heap before GC invocations=26 (full 0):
 garbage-first heap   total 176128K, used 150709K [0x0000000705a00000, 0x0000000800000000)
  region size 2048K, 36 young (73728K), 6 survivors (12288K)
 Metaspace       used 88125K, committed 88960K, reserved 1179648K
  class space    used 11949K, committed 12352K, reserved 1048576K
}
Event: 15.669 GC heap after
{Heap after GC invocations=27 (full 0):
 garbage-first heap   total 176128K, used 95645K [0x0000000705a00000, 0x0000000800000000)
  region size 2048K, 3 young (6144K), 3 survivors (6144K)
 Metaspace       used 88125K, committed 88960K, reserved 1179648K
  class space    used 11949K, committed 12352K, reserved 1048576K
}
Event: 15.799 GC heap before
{Heap before GC invocations=28 (full 0):
 garbage-first heap   total 212992K, used 152989K [0x0000000705a00000, 0x0000000800000000)
  region size 2048K, 31 young (63488K), 3 survivors (6144K)
 Metaspace       used 88125K, committed 88960K, reserved 1179648K
  class space    used 11949K, committed 12352K, reserved 1048576K
}
Event: 15.812 GC heap after
{Heap after GC invocations=29 (full 0):
 garbage-first heap   total 212992K, used 116736K [0x0000000705a00000, 0x0000000800000000)
  region size 2048K, 4 young (8192K), 4 survivors (8192K)
 Metaspace       used 88125K, committed 88960K, reserved 1179648K
  class space    used 11949K, committed 12352K, reserved 1048576K
}
Event: 15.897 GC heap before
{Heap before GC invocations=29 (full 0):
 garbage-first heap   total 212992K, used 178176K [0x0000000705a00000, 0x0000000800000000)
  region size 2048K, 33 young (67584K), 4 survivors (8192K)
 Metaspace       used 88125K, committed 88960K, reserved 1179648K
  class space    used 11949K, committed 12352K, reserved 1048576K
}
Event: 15.914 GC heap after
{Heap after GC invocations=30 (full 0):
 garbage-first heap   total 466944K, used 141707K [0x0000000705a00000, 0x0000000800000000)
  region size 2048K, 5 young (10240K), 5 survivors (10240K)
 Metaspace       used 88125K, committed 88960K, reserved 1179648K
  class space    used 11949K, committed 12352K, reserved 1048576K
}
Event: 16.222 GC heap before
{Heap before GC invocations=30 (full 0):
 garbage-first heap   total 466944K, used 334219K [0x0000000705a00000, 0x0000000800000000)
  region size 2048K, 99 young (202752K), 5 survivors (10240K)
 Metaspace       used 88126K, committed 88960K, reserved 1179648K
  class space    used 11949K, committed 12352K, reserved 1048576K
}
Event: 16.237 GC heap after
{Heap after GC invocations=31 (full 0):
 garbage-first heap   total 466944K, used 157182K [0x0000000705a00000, 0x0000000800000000)
  region size 2048K, 13 young (26624K), 13 survivors (26624K)
 Metaspace       used 88126K, committed 88960K, reserved 1179648K
  class space    used 11949K, committed 12352K, reserved 1048576K
}
Event: 16.458 GC heap before
{Heap before GC invocations=31 (full 0):
 garbage-first heap   total 466944K, used 353790K [0x0000000705a00000, 0x0000000800000000)
  region size 2048K, 109 young (223232K), 13 survivors (26624K)
 Metaspace       used 88128K, committed 88960K, reserved 1179648K
  class space    used 11949K, committed 12352K, reserved 1048576K
}
Event: 16.471 GC heap after
{Heap after GC invocations=32 (full 0):
 garbage-first heap   total 466944K, used 159079K [0x0000000705a00000, 0x0000000800000000)
  region size 2048K, 8 young (16384K), 8 survivors (16384K)
 Metaspace       used 88128K, committed 88960K, reserved 1179648K
  class space    used 11949K, committed 12352K, reserved 1048576K
}
Event: 16.753 GC heap before
{Heap before GC invocations=32 (full 0):
 garbage-first heap   total 466944K, used 394599K [0x0000000705a00000, 0x0000000800000000)
  region size 2048K, 123 young (251904K), 8 survivors (16384K)
 Metaspace       used 88343K, committed 89152K, reserved 1179648K
  class space    used 12011K, committed 12416K, reserved 1048576K
}
Event: 16.764 GC heap after
{Heap after GC invocations=33 (full 0):
 garbage-first heap   total 466944K, used 165229K [0x0000000705a00000, 0x0000000800000000)
  region size 2048K, 11 young (22528K), 11 survivors (22528K)
 Metaspace       used 88343K, committed 89152K, reserved 1179648K
  class space    used 12011K, committed 12416K, reserved 1048576K
}
Event: 17.315 GC heap before
{Heap before GC invocations=34 (full 0):
 garbage-first heap   total 466944K, used 406893K [0x0000000705a00000, 0x0000000800000000)
  region size 2048K, 130 young (266240K), 11 survivors (22528K)
 Metaspace       used 88932K, committed 89664K, reserved 1179648K
  class space    used 12061K, committed 12416K, reserved 1048576K
}
Event: 17.324 GC heap after
{Heap after GC invocations=35 (full 0):
 garbage-first heap   total 466944K, used 163217K [0x0000000705a00000, 0x0000000800000000)
  region size 2048K, 6 young (12288K), 6 survivors (12288K)
 Metaspace       used 88932K, committed 89664K, reserved 1179648K
  class space    used 12061K, committed 12416K, reserved 1048576K
}
Event: 17.679 GC heap before
{Heap before GC invocations=35 (full 0):
 garbage-first heap   total 466944K, used 419217K [0x0000000705a00000, 0x0000000800000000)
  region size 2048K, 130 young (266240K), 6 survivors (12288K)
 Metaspace       used 88942K, committed 89728K, reserved 1179648K
  class space    used 12063K, committed 12416K, reserved 1048576K
}

Dll operation events (11 events):
Event: 0.013 Loaded shared library C:\Program Files\Java\jdk-21\bin\java.dll
Event: 0.058 Loaded shared library C:\Program Files\Java\jdk-21\bin\jsvml.dll
Event: 0.143 Loaded shared library C:\Program Files\Java\jdk-21\bin\net.dll
Event: 0.145 Loaded shared library C:\Program Files\Java\jdk-21\bin\nio.dll
Event: 0.148 Loaded shared library C:\Program Files\Java\jdk-21\bin\zip.dll
Event: 0.311 Loaded shared library C:\Program Files\Java\jdk-21\bin\verify.dll
Event: 0.358 Loaded shared library C:\Program Files\Java\jdk-21\bin\jimage.dll
Event: 2.417 Loaded shared library C:\Program Files\Java\jdk-21\bin\sunmscapi.dll
Event: 2.920 Loaded shared library C:\Program Files\Java\jdk-21\bin\extnet.dll
Event: 6.998 Loaded shared library C:\Program Files\Java\jdk-21\bin\management.dll
Event: 7.001 Loaded shared library C:\Program Files\Java\jdk-21\bin\management_ext.dll

Deoptimization events (20 events):
Event: 17.200 Thread 0x000001e8adeb7920 Uncommon trap: trap_request=0xffffff66 fr.pc=0x000001e8c0409190 relative=0x0000000000000070
Event: 17.200 Thread 0x000001e8adeb7920 Uncommon trap: reason=speculate_class_check action=maybe_recompile pc=0x000001e8c0409190 method=java.lang.invoke.DirectMethodHandle$Holder.getReference(Ljava/lang/Object;Ljava/lang/Object;)Ljava/lang/Object; @ 24 c2
Event: 17.200 Thread 0x000001e8adeb7920 DEOPT PACKING pc=0x000001e8c0409190 sp=0x0000001eddffce20
Event: 17.200 Thread 0x000001e8adeb7920 DEOPT UNPACKING pc=0x000001e8bfaa46a2 sp=0x0000001eddffcd78 mode 2
Event: 17.200 Thread 0x000001e8adeb7920 Uncommon trap: trap_request=0xffffff66 fr.pc=0x000001e8c0409190 relative=0x0000000000000070
Event: 17.200 Thread 0x000001e8adeb7920 Uncommon trap: reason=speculate_class_check action=maybe_recompile pc=0x000001e8c0409190 method=java.lang.invoke.DirectMethodHandle$Holder.getReference(Ljava/lang/Object;Ljava/lang/Object;)Ljava/lang/Object; @ 24 c2
Event: 17.200 Thread 0x000001e8adeb7920 DEOPT PACKING pc=0x000001e8c0409190 sp=0x0000001eddffce20
Event: 17.200 Thread 0x000001e8adeb7920 DEOPT UNPACKING pc=0x000001e8bfaa46a2 sp=0x0000001eddffcd78 mode 2
Event: 17.201 Thread 0x000001e8adeb7920 Uncommon trap: trap_request=0xffffff66 fr.pc=0x000001e8c0409190 relative=0x0000000000000070
Event: 17.201 Thread 0x000001e8adeb7920 Uncommon trap: reason=speculate_class_check action=maybe_recompile pc=0x000001e8c0409190 method=java.lang.invoke.DirectMethodHandle$Holder.getReference(Ljava/lang/Object;Ljava/lang/Object;)Ljava/lang/Object; @ 24 c2
Event: 17.201 Thread 0x000001e8adeb7920 DEOPT PACKING pc=0x000001e8c0409190 sp=0x0000001eddffce20
Event: 17.201 Thread 0x000001e8adeb7920 DEOPT UNPACKING pc=0x000001e8bfaa46a2 sp=0x0000001eddffcd78 mode 2
Event: 17.222 Thread 0x000001e8adeb7920 DEOPT PACKING pc=0x000001e8b9375f67 sp=0x0000001eddffc8b0
Event: 17.222 Thread 0x000001e8adeb7920 DEOPT UNPACKING pc=0x000001e8bfaa4e42 sp=0x0000001eddffbe48 mode 0
Event: 17.368 Thread 0x000001e8adeb7920 DEOPT PACKING pc=0x000001e8b9375f67 sp=0x0000001eddffc490
Event: 17.368 Thread 0x000001e8adeb7920 DEOPT UNPACKING pc=0x000001e8bfaa4e42 sp=0x0000001eddffba28 mode 0
Event: 17.418 Thread 0x000001e8adeb7920 DEOPT PACKING pc=0x000001e8b9375f88 sp=0x0000001eddffc600
Event: 17.418 Thread 0x000001e8adeb7920 DEOPT UNPACKING pc=0x000001e8bfaa4e42 sp=0x0000001eddffbb98 mode 0
Event: 17.470 Thread 0x000001e8adeb7920 DEOPT PACKING pc=0x000001e8b9375f88 sp=0x0000001eddffc380
Event: 17.470 Thread 0x000001e8adeb7920 DEOPT UNPACKING pc=0x000001e8bfaa4e42 sp=0x0000001eddffb918 mode 0

Classes loaded (20 events):
Event: 14.406 Loading class java/util/WeakHashMap$KeyIterator
Event: 14.406 Loading class java/util/WeakHashMap$KeyIterator done
Event: 14.628 Loading class java/lang/Package$1PackageInfoProxy
Event: 14.628 Loading class java/lang/Package$1PackageInfoProxy done
Event: 14.649 Loading class java/util/stream/ReduceOps$5
Event: 14.649 Loading class java/util/stream/ReduceOps$5 done
Event: 14.649 Loading class java/util/stream/ReduceOps$CountingSink$OfRef
Event: 14.649 Loading class java/util/stream/ReduceOps$CountingSink
Event: 14.649 Loading class java/util/stream/ReduceOps$CountingSink done
Event: 14.649 Loading class java/util/stream/ReduceOps$CountingSink$OfRef done
Event: 14.691 Loading class java/lang/invoke/WrongMethodTypeException
Event: 14.691 Loading class java/lang/invoke/WrongMethodTypeException done
Event: 14.704 Loading class java/util/regex/Pattern$Bound
Event: 14.704 Loading class java/util/regex/Pattern$Bound done
Event: 14.705 Loading class java/util/regex/Pattern$Behind
Event: 14.705 Loading class java/util/regex/Pattern$Behind done
Event: 17.148 Loading class java/lang/Character$UnicodeBlock
Event: 17.150 Loading class java/lang/Character$Subset
Event: 17.150 Loading class java/lang/Character$Subset done
Event: 17.151 Loading class java/lang/Character$UnicodeBlock done

Classes unloaded (0 events):
No events

Classes redefined (0 events):
No events

Internal exceptions (20 events):
Event: 11.884 Thread 0x000001e8adeb7920 Exception <a 'java/lang/NoSuchMethodError'{0x000000070a6810d8}: 'void java.lang.invoke.DirectMethodHandle$Holder.invokeSpecial(java.lang.Object, java.lang.Object, int, java.lang.Object)'> (0x000000070a6810d8) 
thrown [s\open\src\hotspot\share\interpreter\linkResolver.cpp, line 773]
Event: 11.918 Thread 0x000001e8adeb7920 Exception <a 'java/lang/NoSuchMethodError'{0x000000070a7e1370}: 'java.lang.Object java.lang.invoke.DirectMethodHandle$Holder.newInvokeSpecial(java.lang.Object, java.lang.Object, java.lang.Object, java.lang.Object, java.lang.Object, int, java.lang.Object)'> (0x000000070a7e1370) 
thrown [s\open\src\hotspot\share\interpreter\linkResolver.cpp, line 773]
Event: 11.924 Thread 0x000001e8adeb7920 Exception <a 'java/lang/NoSuchMethodError'{0x000000070a4141b8}: 'java.lang.Object java.lang.invoke.DirectMethodHandle$Holder.newInvokeSpecial(java.lang.Object, java.lang.Object, java.lang.Object, java.lang.Object, java.lang.Object, java.lang.Object, java.lang.Object, java.lang.Object, java.lang.Object, java.lang.Object, java.lang.Object, java.lang.Object)'> (0x000000070a4141b8) 
thrown [s\open\src\hotspot\share\interpreter\linkResolver.cpp, line 773]
Event: 11.924 Thread 0x000001e8adeb7920 Exception <a 'java/lang/NoSuchMethodError'{0x000000070a418a50}: 'java.lang.Object java.lang.invoke.DirectMethodHandle$Holder.invokeSpecial(java.lang.Object, java.lang.Object, java.lang.Object, java.lang.Object, java.lang.Object, java.lang.Object, java.lang.Object, java.lang.Object, java.lang.Object, java.lang.Object, java.lang.Object, java.lang.Object, java.lang.Object)'> (0x000000070a418a50) 
thrown [s\open\src\hotspot\share\interpreter\linkResolver.cpp, line 773]
Event: 11.924 Thread 0x000001e8adeb7920 Exception <a 'java/lang/NoSuchMethodError'{0x000000070a41cee0}: 'java.lang.Object java.lang.invoke.Invokers$Holder.linkToTargetMethod(java.lang.Object, java.lang.Object, java.lang.Object, java.lang.Object, java.lang.Object, java.lang.Object, java.lang.Object, java.lang.Object, java.lang.Object, java.lang.Object, java.lang.Object, java.lang.Object)'> (0x000000070a41cee0) 
thrown [s\open\src\hotspot\share\interpreter\linkResolver.cpp, line 773]
Event: 11.941 Thread 0x000001e8adeb7920 Exception <a 'java/lang/IncompatibleClassChangeError'{0x000000070a49e110}: Found class java.lang.Object, but interface was expected> (0x000000070a49e110) 
thrown [s\open\src\hotspot\share\interpreter\linkResolver.cpp, line 840]
Event: 11.982 Thread 0x000001e8adeb7920 Exception <a 'java/lang/IncompatibleClassChangeError'{0x000000070a269830}: Found class java.lang.Object, but interface was expected> (0x000000070a269830) 
thrown [s\open\src\hotspot\share\interpreter\linkResolver.cpp, line 840]
Event: 11.991 Thread 0x000001e8adeb7920 Exception <a 'java/lang/NoSuchMethodError'{0x000000070a2e9288}: 'java.lang.Object java.lang.invoke.DirectMethodHandle$Holder.newInvokeSpecial(java.lang.Object, java.lang.Object, java.lang.Object, java.lang.Object, java.lang.Object, java.lang.Object, java.lang.Object, int)'> (0x000000070a2e9288) 
thrown [s\open\src\hotspot\share\interpreter\linkResolver.cpp, line 773]
Event: 11.992 Thread 0x000001e8adeb7920 Exception <a 'java/lang/NoSuchMethodError'{0x000000070a2ed7a0}: 'java.lang.Object java.lang.invoke.DirectMethodHandle$Holder.invokeSpecial(java.lang.Object, java.lang.Object, java.lang.Object, java.lang.Object, java.lang.Object, java.lang.Object, java.lang.Object, java.lang.Object, int)'> (0x000000070a2ed7a0) 
thrown [s\open\src\hotspot\share\interpreter\linkResolver.cpp, line 773]
Event: 11.992 Thread 0x000001e8adeb7920 Exception <a 'java/lang/NoSuchMethodError'{0x000000070a2f1770}: 'java.lang.Object java.lang.invoke.Invokers$Holder.linkToTargetMethod(java.lang.Object, java.lang.Object, java.lang.Object, java.lang.Object, java.lang.Object, java.lang.Object, int, java.lang.Object)'> (0x000000070a2f1770) 
thrown [s\open\src\hotspot\share\interpreter\linkResolver.cpp, line 773]
Event: 12.013 Thread 0x000001e8adeb7920 Exception <a 'java/lang/NoSuchMethodError'{0x000000070a0164f0}: 'java.lang.Object java.lang.invoke.DirectMethodHandle$Holder.newInvokeSpecial(java.lang.Object, java.lang.Object, int, java.lang.Object, int, java.lang.Object, java.lang.Object)'> (0x000000070a0164f0) 
thrown [s\open\src\hotspot\share\interpreter\linkResolver.cpp, line 773]
Event: 12.151 Thread 0x000001e8adeb7920 Exception <a 'java/lang/NoSuchMethodError'{0x000000071547d1a0}: 'void java.lang.invoke.DirectMethodHandle$Holder.invokeInterface(java.lang.Object, java.lang.Object)'> (0x000000071547d1a0) 
thrown [s\open\src\hotspot\share\interpreter\linkResolver.cpp, line 773]
Event: 13.766 Thread 0x000001e8adeb7920 Exception <a 'java/lang/NoSuchMethodError'{0x000000070ba9a7e0}: 'java.lang.Object java.lang.invoke.DirectMethodHandle$Holder.invokeSpecial(java.lang.Object, java.lang.Object, int, java.lang.Object, int)'> (0x000000070ba9a7e0) 
thrown [s\open\src\hotspot\share\interpreter\linkResolver.cpp, line 773]
Event: 14.156 Thread 0x000001e8adeb7920 Implicit null exception at 0x000001e8c043b5d4 to 0x000001e8c043db58
Event: 14.169 Thread 0x000001e8adeb7920 Exception <a 'java/lang/IncompatibleClassChangeError'{0x000000070ae95dd0}: Found class java.lang.Object, but interface was expected> (0x000000070ae95dd0) 
thrown [s\open\src\hotspot\share\interpreter\linkResolver.cpp, line 840]
Event: 14.236 Thread 0x000001e8adeb7920 Exception <a 'java/lang/IncompatibleClassChangeError'{0x000000070ace5b50}: Found class java.lang.Object, but interface was expected> (0x000000070ace5b50) 
thrown [s\open\src\hotspot\share\interpreter\linkResolver.cpp, line 840]
Event: 14.617 Thread 0x000001e8adeb7920 Exception <a 'java/lang/IncompatibleClassChangeError'{0x000000070c21ee78}: Found class java.lang.Object, but interface was expected> (0x000000070c21ee78) 
thrown [s\open\src\hotspot\share\interpreter\linkResolver.cpp, line 840]
Event: 14.852 Thread 0x000001e8adeb7920 Implicit null exception at 0x000001e8c0108fe9 to 0x000001e8c0109a94
Event: 16.683 Thread 0x000001e8adeb7920 Implicit null exception at 0x000001e8c0054dde to 0x000001e8c0054e1c
Event: 17.174 Thread 0x000001e8adeb7920 Exception <a 'java/lang/IncompatibleClassChangeError'{0x0000000718352da0}: Found class java.lang.Object, but interface was expected> (0x0000000718352da0) 
thrown [s\open\src\hotspot\share\interpreter\linkResolver.cpp, line 840]

ZGC Phase Switch (0 events):
No events

VM Operations (20 events):
Event: 15.743 Executing VM operation: G1PauseRemark done
Event: 15.780 Executing VM operation: G1PauseCleanup
Event: 15.780 Executing VM operation: G1PauseCleanup done
Event: 15.799 Executing VM operation: G1CollectForAllocation (G1 Evacuation Pause)
Event: 15.812 Executing VM operation: G1CollectForAllocation (G1 Evacuation Pause) done
Event: 15.897 Executing VM operation: G1CollectForAllocation (G1 Evacuation Pause)
Event: 15.914 Executing VM operation: G1CollectForAllocation (G1 Evacuation Pause) done
Event: 16.222 Executing VM operation: G1CollectForAllocation (G1 Evacuation Pause)
Event: 16.237 Executing VM operation: G1CollectForAllocation (G1 Evacuation Pause) done
Event: 16.458 Executing VM operation: G1CollectForAllocation (G1 Evacuation Pause)
Event: 16.471 Executing VM operation: G1CollectForAllocation (G1 Evacuation Pause) done
Event: 16.753 Executing VM operation: G1CollectForAllocation (G1 Evacuation Pause)
Event: 16.764 Executing VM operation: G1CollectForAllocation (G1 Evacuation Pause) done
Event: 16.860 Executing VM operation: G1PauseRemark
Event: 16.871 Executing VM operation: G1PauseRemark done
Event: 16.914 Executing VM operation: G1PauseCleanup
Event: 16.915 Executing VM operation: G1PauseCleanup done
Event: 17.315 Executing VM operation: G1CollectForAllocation (G1 Evacuation Pause)
Event: 17.324 Executing VM operation: G1CollectForAllocation (G1 Evacuation Pause) done
Event: 17.679 Executing VM operation: G1CollectForAllocation (G1 Evacuation Pause)

Events (20 events):
Event: 16.870 Thread 0x000001e8cf525840 flushing nmethod 0x000001e8b9710790
Event: 16.871 Thread 0x000001e8cf525840 flushing nmethod 0x000001e8b96d1d10
Event: 16.871 Thread 0x000001e8cf525840 flushing nmethod 0x000001e8b96d0690
Event: 16.871 Thread 0x000001e8cf525840 flushing nmethod 0x000001e8b9680390
Event: 16.871 Thread 0x000001e8cf525840 flushing nmethod 0x000001e8b96cc510
Event: 16.871 Thread 0x000001e8cf525840 flushing nmethod 0x000001e8b96d9290
Event: 16.871 Thread 0x000001e8cf525840 flushing nmethod 0x000001e8b96c3a90
Event: 16.871 Thread 0x000001e8cf525840 flushing nmethod 0x000001e8b96cae10
Event: 16.871 Thread 0x000001e8cf525840 flushing nmethod 0x000001e8b96c7090
Event: 16.871 Thread 0x000001e8cf525840 flushing nmethod 0x000001e8b96b7790
Event: 16.871 Thread 0x000001e8cf525840 flushing nmethod 0x000001e8b9356b90
Event: 16.871 Thread 0x000001e8cf525840 flushing nmethod 0x000001e8b869be90
Event: 16.871 Thread 0x000001e8cf525840 flushing nmethod 0x000001e8b8780e90
Event: 16.871 Thread 0x000001e8cf525840 flushing nmethod 0x000001e8b8704010
Event: 16.871 Thread 0x000001e8cf525840 flushing nmethod 0x000001e8c06c6990
Event: 16.871 Thread 0x000001e8cf525840 flushing nmethod 0x000001e8c06b9b90
Event: 16.871 Thread 0x000001e8cf525840 flushing nmethod 0x000001e8c06b1890
Event: 16.871 Thread 0x000001e8cf525840 flushing nmethod 0x000001e8c0697a10
Event: 16.871 Thread 0x000001e8cf525840 flushing nmethod 0x000001e8c0140090
Event: 16.893 Thread 0x000001e91945a060 Thread added: 0x000001e91945a060


Dynamic libraries:
0x00007ff7db2a0000 - 0x00007ff7db2b0000 	C:\Program Files\Java\jdk-21\bin\java.exe
0x00007ff988b30000 - 0x00007ff988d48000 	C:\WINDOWS\SYSTEM32\ntdll.dll
0x00007ff987b90000 - 0x00007ff987c54000 	C:\WINDOWS\System32\KERNEL32.DLL
0x00007ff986020000 - 0x00007ff9863f3000 	C:\WINDOWS\System32\KERNELBASE.dll
0x00007ff986400000 - 0x00007ff986511000 	C:\WINDOWS\System32\ucrtbase.dll
0x00007ff967a50000 - 0x00007ff967a6b000 	C:\Program Files\Java\jdk-21\bin\VCRUNTIME140.dll
0x00007ff967ae0000 - 0x00007ff967af9000 	C:\Program Files\Java\jdk-21\bin\jli.dll
0x00007ff9867d0000 - 0x00007ff986881000 	C:\WINDOWS\System32\ADVAPI32.dll
0x00007ff987c60000 - 0x00007ff987d07000 	C:\WINDOWS\System32\msvcrt.dll
0x00007ff987470000 - 0x00007ff987518000 	C:\WINDOWS\System32\sechost.dll
0x00007ff985d90000 - 0x00007ff985db8000 	C:\WINDOWS\System32\bcrypt.dll
0x00007ff9880a0000 - 0x00007ff9881b8000 	C:\WINDOWS\System32\RPCRT4.dll
0x00007ff9881c0000 - 0x00007ff988372000 	C:\WINDOWS\System32\USER32.dll
0x00007ff968880000 - 0x00007ff968b1c000 	C:\WINDOWS\WinSxS\amd64_microsoft.windows.common-controls_6595b64144ccf1df_6.0.22621.6060_none_2712eda17382d24b\COMCTL32.dll
0x00007ff985d60000 - 0x00007ff985d86000 	C:\WINDOWS\System32\win32u.dll
0x00007ff987260000 - 0x00007ff987289000 	C:\WINDOWS\System32\GDI32.dll
0x00007ff985c40000 - 0x00007ff985d5b000 	C:\WINDOWS\System32\gdi32full.dll
0x00007ff985f80000 - 0x00007ff98601a000 	C:\WINDOWS\System32\msvcp_win.dll
0x00007ff9737f0000 - 0x00007ff9737fa000 	C:\WINDOWS\SYSTEM32\VERSION.dll
0x00007ff988470000 - 0x00007ff9884a1000 	C:\WINDOWS\System32\IMM32.DLL
0x00007ff980e50000 - 0x00007ff980e5c000 	C:\Program Files\Java\jdk-21\bin\vcruntime140_1.dll
0x00007ff9660e0000 - 0x00007ff96616e000 	C:\Program Files\Java\jdk-21\bin\msvcp140.dll
0x00007ff8de640000 - 0x00007ff8df355000 	C:\Program Files\Java\jdk-21\bin\server\jvm.dll
0x00007ff9883f0000 - 0x00007ff988461000 	C:\WINDOWS\System32\WS2_32.dll
0x00007ff985b10000 - 0x00007ff985b5d000 	C:\WINDOWS\SYSTEM32\POWRPROF.dll
0x00007ff9824a0000 - 0x00007ff9824d4000 	C:\WINDOWS\SYSTEM32\WINMM.dll
0x00007ff985af0000 - 0x00007ff985b03000 	C:\WINDOWS\SYSTEM32\UMPDC.dll
0x00007ff984be0000 - 0x00007ff984bf8000 	C:\WINDOWS\SYSTEM32\kernel.appcore.dll
0x00007ff97e2f0000 - 0x00007ff97e2fa000 	C:\Program Files\Java\jdk-21\bin\jimage.dll
0x00007ff983380000 - 0x00007ff9835b3000 	C:\WINDOWS\SYSTEM32\DBGHELP.DLL
0x00007ff987520000 - 0x00007ff9878b1000 	C:\WINDOWS\System32\combase.dll
0x00007ff988510000 - 0x00007ff9885e8000 	C:\WINDOWS\System32\OLEAUT32.dll
0x00007ff95bd80000 - 0x00007ff95bdb2000 	C:\WINDOWS\SYSTEM32\dbgcore.DLL
0x00007ff986520000 - 0x00007ff98659b000 	C:\WINDOWS\System32\bcryptPrimitives.dll
0x00007ff967a30000 - 0x00007ff967a4f000 	C:\Program Files\Java\jdk-21\bin\java.dll
0x00007ff9869c0000 - 0x00007ff98725c000 	C:\WINDOWS\System32\SHELL32.dll
0x00007ff985dc0000 - 0x00007ff985eff000 	C:\WINDOWS\System32\wintypes.dll
0x00007ff983920000 - 0x00007ff98423a000 	C:\WINDOWS\SYSTEM32\windows.storage.dll
0x00007ff986890000 - 0x00007ff986994000 	C:\WINDOWS\System32\SHCORE.dll
0x00007ff988380000 - 0x00007ff9883e9000 	C:\WINDOWS\System32\shlwapi.dll
0x00007ff985b70000 - 0x00007ff985b95000 	C:\WINDOWS\SYSTEM32\profapi.dll
0x00007ff959f00000 - 0x00007ff959fd7000 	C:\Program Files\Java\jdk-21\bin\jsvml.dll
0x00007ff96b6d0000 - 0x00007ff96b6e0000 	C:\Program Files\Java\jdk-21\bin\net.dll
0x00007ff981950000 - 0x00007ff981a7c000 	C:\WINDOWS\SYSTEM32\WINHTTP.dll
0x00007ff9850a0000 - 0x00007ff985109000 	C:\WINDOWS\system32\mswsock.dll
0x00007ff967a10000 - 0x00007ff967a26000 	C:\Program Files\Java\jdk-21\bin\nio.dll
0x00007ff9679f0000 - 0x00007ff967a08000 	C:\Program Files\Java\jdk-21\bin\zip.dll
0x00007ff968360000 - 0x00007ff968370000 	C:\Program Files\Java\jdk-21\bin\verify.dll
0x00007ff984490000 - 0x00007ff9844bd000 	C:\WINDOWS\SYSTEM32\IPHLPAPI.DLL
0x00007ff987910000 - 0x00007ff987919000 	C:\WINDOWS\System32\NSI.dll
0x00007ff9844c0000 - 0x00007ff9845b8000 	C:\WINDOWS\SYSTEM32\DNSAPI.dll
0x00007ff980970000 - 0x00007ff98097a000 	C:\Windows\System32\rasadhlp.dll
0x00007ff981470000 - 0x00007ff9814f4000 	C:\WINDOWS\System32\fwpuclnt.dll
0x00007ff9682d0000 - 0x00007ff9682de000 	C:\Program Files\Java\jdk-21\bin\sunmscapi.dll
0x00007ff986660000 - 0x00007ff9867c8000 	C:\WINDOWS\System32\CRYPT32.dll
0x00007ff985490000 - 0x00007ff9854be000 	C:\WINDOWS\SYSTEM32\ncrypt.dll
0x00007ff985430000 - 0x00007ff985467000 	C:\WINDOWS\SYSTEM32\NTASN1.dll
0x00007ff967aa0000 - 0x00007ff967aa7000 	C:\Program Files\Java\jdk-21\bin\extnet.dll
0x00007ff985390000 - 0x00007ff9853ab000 	C:\WINDOWS\SYSTEM32\CRYPTSP.dll
0x00007ff984b40000 - 0x00007ff984b77000 	C:\WINDOWS\system32\rsaenh.dll
0x00007ff985140000 - 0x00007ff985168000 	C:\WINDOWS\SYSTEM32\USERENV.dll
0x00007ff985370000 - 0x00007ff98537c000 	C:\WINDOWS\SYSTEM32\CRYPTBASE.dll
0x00007ff968170000 - 0x00007ff96817a000 	C:\Program Files\Java\jdk-21\bin\management.dll
0x00007ff967cc0000 - 0x00007ff967ccb000 	C:\Program Files\Java\jdk-21\bin\management_ext.dll
0x00007ff987ed0000 - 0x00007ff987ed8000 	C:\WINDOWS\System32\PSAPI.DLL

dbghelp: loaded successfully - version: 4.0.5 - missing functions: none
symbol engine: initialized successfully - sym options: 0x614 - pdb path: .;C:\Program Files\Java\jdk-21\bin;C:\WINDOWS\SYSTEM32;C:\WINDOWS\WinSxS\amd64_microsoft.windows.common-controls_6595b64144ccf1df_6.0.22621.6060_none_2712eda17382d24b;C:\Program Files\Java\jdk-21\bin\server

VM Arguments:
java_command: db.biometry.biometry.BiometryApplication
java_class_path (initial): E:\zenithe\ERP_Projet_Esphere\ESPHERE-ASS\biometry-partenaire\biometry\target\classes;E:\.m2\repository\org\springframework\boot\spring-boot-starter-data-jpa\3.4.4\spring-boot-starter-data-jpa-3.4.4.jar;E:\.m2\repository\org\springframework\boot\spring-boot-starter\3.4.4\spring-boot-starter-3.4.4.jar;E:\.m2\repository\org\springframework\boot\spring-boot\3.4.4\spring-boot-3.4.4.jar;E:\.m2\repository\org\springframework\boot\spring-boot-autoconfigure\3.4.4\spring-boot-autoconfigure-3.4.4.jar;E:\.m2\repository\org\springframework\boot\spring-boot-starter-logging\3.4.4\spring-boot-starter-logging-3.4.4.jar;E:\.m2\repository\ch\qos\logback\logback-classic\1.5.18\logback-classic-1.5.18.jar;E:\.m2\repository\ch\qos\logback\logback-core\1.5.18\logback-core-1.5.18.jar;E:\.m2\repository\org\apache\logging\log4j\log4j-to-slf4j\2.24.3\log4j-to-slf4j-2.24.3.jar;E:\.m2\repository\org\slf4j\jul-to-slf4j\2.0.17\jul-to-slf4j-2.0.17.jar;E:\.m2\repository\jakarta\annotation\jakarta.annotation-api\2.1.1\jakarta.annotation-api-2.1.1.jar;E:\.m2\repository\org\yaml\snakeyaml\2.3\snakeyaml-2.3.jar;E:\.m2\repository\org\springframework\boot\spring-boot-starter-jdbc\3.4.4\spring-boot-starter-jdbc-3.4.4.jar;E:\.m2\repository\com\zaxxer\HikariCP\5.1.0\HikariCP-5.1.0.jar;E:\.m2\repository\org\springframework\spring-jdbc\6.2.5\spring-jdbc-6.2.5.jar;E:\.m2\repository\org\hibernate\orm\hibernate-core\6.6.11.Final\hibernate-core-6.6.11.Final.jar;E:\.m2\repository\jakarta\persistence\jakarta.persistence-api\3.1.0\jakarta.persistence-api-3.1.0.jar;E:\.m2\repository\jakarta\transaction\jakarta.transaction-api\2.0.1\jakarta.transaction-api-2.0.1.jar;E:\.m2\repository\org\jboss\logging\jboss-logging\3.6.1.Final\jboss-logging-3.6.1.Final.jar;E:\.m2\repository\org\hibernate\common\hibernate-commons-annotations\7.0.3.Final\hibernate-commons-annotations-7.0.3.Final.jar;E:\.m2\repository\io\smallrye\jandex\3.2.0\jandex-3.2.0.jar;E:\.m2\repository\com\fasterxml\classmate\1.7.0\classmate-1.7.0.jar;E:\.m2\repository\net\bytebuddy\byte-buddy\1.15.11\byte-buddy-1.15.11.jar;E:\.m2\repository\org\glassfish\jaxb\jaxb-runtime\4.0.5\jaxb-runtime-4.0.5.jar;E:\.m2\repository\org\glassfish\jaxb\jaxb-core\4.0.5\jaxb-core-4.0.5.jar;E:\.m2\repository\org\eclipse\angus\angus-activation\2.0.2\angus-activation-2.0.2.jar;E:\.m2\repository\org\glassfish\jaxb\txw2\4.0.5\txw2-4.0.5.jar;E:\.m2\repository\com\sun\istack\istack-commons-runtime\4.1.2\istack-commons-runtime-4.1.2.jar;E:\.m2\repository\jakarta\inject\jakarta.inject-api\2.0.1\jakarta.inject-api-2.0.1.jar;E:\.m2\repository\org\antlr\antlr4-runtime\4.13.0\antlr4-runtime-4.13.0.jar;E:\.m2\repository\org\springframework\data\spring-data-jpa\3.4.4\spring-data-jpa-3.4.4.jar;E:\.m2\repository\org\springframework\data\spring-data-commons\3.4.4\spring-data-commons-3.4.4.jar;E:\.m2\repository\org\springframework\spring-orm\6.2.5\spring-orm-6.2.5.jar;E:\.m2\repository\org\springframework\spring-context\6.2.5\spring-context-6.2.5.jar;E:\.m2\repository\org\springframework\spring-aop\6.2.5\spring-aop-6.2.5.jar;E:\.m2\repository\org\springframework\spring-tx\6.2.5\spring-tx-6.2.5.jar;E:\.m2\repository\org\springframework\spring-beans\6.2.5\spring-beans-6.2.5.jar;E:\.m2\repository\org\springframework\spring-aspects\6.2.5\spring-aspects-6.2.5.jar;E:\.m2\repository\org\aspectj\aspectjweaver\1.9.23\aspectjweaver-1.9.23.jar;E:\.m2\repository\org\springframework\boot\spring-boot-starter-web\3.4.4\spring-boot-starter-web-3.4.4.jar;E:\.m2\repository\org\springframework\boot\spring-boot-starter-json\3.4.4\spring-boot-starter-json-3.4.4.jar;E:\.m2\repository\com\fasterxml\jackson\datatype\jackson-datatype-jdk8\2.18.3\jackson-datatype-jdk8-2.18.3.jar;E:\.m2\repository\com\fasterxml\jackson\datatype\jackson-datatype-jsr310\2.18.3\jackson-datatype-jsr310-2.18.3.jar;E:\.m2\repository\com\fasterxml\jackson\module\jackson-module-parameter-names\2.18.3\jackson-module-parameter-names-2.18.3.jar;E:\.m2\repository\org\springframework\boot\spring-boot-starter-tomcat\3.4.4\spring-boot-starter-tomcat-3.4.4.jar;E:\.m2\repository\org\apache\tomcat\embed\tomcat-embed-core\10.1.39\tomcat-embed-core-10.1.39.jar;E:\.m2\repository\org\apache\tomcat\embed\tomcat-embed-websocket\10.1.39\tomcat-embed-websocket-10.1.39.jar;E:\.m2\repository\org\springframework\spring-web\6.2.5\spring-web-6.2.5.jar;E:\.m2\repository\org\springframework\spring-webmvc\6.2.5\spring-webmvc-6.2.5.jar;E:\.m2\repository\org\springframework\spring-expression\6.2.5\spring-expression-6.2.5.jar;E:\.m2\repository\org\springframework\boot\spring-boot-starter-data-rest\3.4.4\spring-boot-starter-data-rest-3.4.4.jar;E:\.m2\repository\org\springframework\data\spring-data-rest-webmvc\4.4.4\spring-data-rest-webmvc-4.4.4.jar;E:\.m2\repository\org\springframework\data\spring-data-rest-core\4.4.4\spring-data-rest-core-4.4.4.jar;E:\.m2\repository\org\springframework\hateoas\spring-hateoas\2.4.1\spring-hateoas-2.4.1.jar;E:\.m2\repository\org\springframework\plugin\spring-plugin-core\3.0.0\spring-plugin-core-3.0.0.jar;E:\.m2\repository\org\atteo\evo-inflector\1.3\evo-inflector-1.3.jar;E:\.m2\repository\org\springframework\cloud\spring-cloud-starter\4.2.1\spring-cloud-starter-4.2.1.jar;E:\.m2\repository\org\springframework\cloud\spring-cloud-context\4.2.1\spring-cloud-context-4.2.1.jar;E:\.m2\repository\org\springframework\security\spring-security-crypto\6.4.4\spring-security-crypto-6.4.4.jar;E:\.m2\repository\org\springframework\cloud\spring-cloud-commons\4.2.1\spring-cloud-commons-4.2.1.jar;E:\.m2\repository\org\bouncycastle\bcprov-jdk18on\1.78.1\bcprov-jdk18on-1.78.1.jar;E:\.m2\repository\org\springframework\cloud\spring-cloud-starter-netflix-eureka-client\4.2.1\spring-cloud-starter-netflix-eureka-client-4.2.1.jar;E:\.m2\repository\org\springframework\cloud\spring-cloud-netflix-eureka-client\4.2.1\spring-cloud-netflix-eureka-client-4.2.1.jar;E:\.m2\repository\org\apache\httpcomponents\client5\httpclient5\5.4.2\httpclient5-5.4.2.jar;E:\.m2\repository\org\apache\httpcomponents\core5\httpcore5\5.3.3\httpcore5-5.3.3.jar;E:\.m2\repository\org\apache\httpcomponents\core5\httpcore5-h2\5.3.3\httpcore5-h2-5.3.3.jar;E:\.m2\repository\com\netflix\eureka\eureka-client\2.0.4\eureka-client-2.0.4.jar;E:\.m2\repository\com\thoughtworks\xstream\xstream\1.4.20\xstream-1.4.20.jar;E:\.m2\repository\io\github\x-stream\mxparser\1.2.2\mxparser-1.2.2.jar;E:\.m2\repository\xmlpull\xmlpull\1.1.3.1\xmlpull-1.1.3.1.jar;E:\.m2\repository\jakarta\ws\rs\jakarta.ws.rs-api\3.1.0\jakarta.ws.rs-api-3.1.0.jar;E:\.m2\repository\com\netflix\spectator\spectator-api\1.7.3\spectator-api-1.7.3.jar;E:\.m2\repository\org\apache\httpcomponents\httpclient\4.5.3\httpclient-4.5.3.jar;E:\.m2\repository\org\apache\httpcomponents\httpcore\4.4.16\httpcore-4.4.16.jar;E:\.m2\repository\commons-configuration\commons-configuration\1.10\commons-configuration-1.10.jar;E:\.m2\repository\commons-lang\commons-lang\2.6\commons-lang-2.6.jar;E:\.m2\repository\com\netflix\netflix-commons\netflix-eventbus\0.3.0\netflix-eventbus-0.3.0.jar;E:\.m2\repository\com\netflix\netflix-commons\netflix-infix\0.3.0\netflix-infix-0.3.0.jar;E:\.m2\repository\commons-jxpath\commons-jxpath\1.3\commons-jxpath-1.3.jar;E:\.m2\repository\joda-time\joda-time\2.3\joda-time-2.3.jar;E:\.m2\repository\org\antlr\antlr-runtime\3.4\antlr-runtime-3.4.jar;E:\.m2\repository\org\antlr\stringtemplate\3.2.1\stringtemplate-3.2.1.jar;E:\.m2\repository\antlr\antlr\2.7.7\antlr-2.7.7.jar;E:\.m2\repository\com\google\guava\guava\14.0.1\guava-14.0.1.jar;E:\.m2\repository\com\google\code\gson\gson\2.11.0\gson-2.11.0.jar;E:\.m2\repository\com\google\errorprone\error_prone_annotations\2.27.0\error_prone_annotations-2.27.0.jar;E:\.m2\repository\com\netflix\servo\servo-core\0.5.3\servo-core-0.5.3.jar;E:\.m2\repository\org\apache\commons\commons-math\2.2\commons-math-2.2.jar;E:\.m2\repository\javax\annotation\javax.annotation-api\1.2\javax.annotation-api-1.2.jar;E:\.m2\repository\org\codehaus\jettison\jettison\1.5.4\jettison-1.5.4.jar;E:\.m2\repository\org\springframework\cloud\spring-cloud-starter-loadbalancer\4.2.1\spring-cloud-starter-loadbalancer-4.2.1.jar;E:\.m2\repository\org\springframework\cloud\spring-cloud-loadbalancer\4.2.1\spring-cloud-loadbalancer-4.2.1.jar;E:\.m2\repository\io\projectreactor\reactor-core\3.7.4\reactor-core-3.7.4.jar;E:\.m2\repository\org\reactivestreams\reactive-streams\1.0.4\reactive-streams-1.0.4.jar;E:\.m2\repository\io\projectreactor\addons\reactor-extra\3.5.2\reactor-extra-3.5.2.jar;E:\.m2\repository\com\stoyanr\evictor\1.0.0\evictor-1.0.0.jar;E:\.m2\repository\org\springframework\cloud\spring-cloud-starter-config\4.2.1\spring-cloud-starter-config-4.2.1.jar;E:\.m2\repository\org\springframework\cloud\spring-cloud-config-client\4.2.1\spring-cloud-config-client-4.2.1.jar;E:\.m2\repository\com\fasterxml\jackson\core\jackson-databind\2.18.3\jackson-databind-2.18.3.jar;E:\.m2\repository\org\springframework\boot\spring-boot-starter-validation\3.4.4\spring-boot-starter-validation-3.4.4.jar;E:\.m2\repository\org\apache\tomcat\embed\tomcat-embed-el\10.1.39\tomcat-embed-el-10.1.39.jar;E:\.m2\repository\org\hibernate\validator\hibernate-validator\8.0.2.Final\hibernate-validator-8.0.2.Final.jar;E:\.m2\repository\jakarta\validation\jakarta.validation-api\3.0.2\jakarta.validation-api-3.0.2.jar;E:\.m2\repository\org\springframework\boot\spring-boot-starter-cache\3.4.4\spring-boot-starter-cache-3.4.4.jar;E:\.m2\repository\org\springframework\spring-context-support\6.2.5\spring-context-support-6.2.5.jar;E:\.m2\repository\com\mysql\mysql-connector-j\9.1.0\mysql-connector-j-9.1.0.jar;E:\.m2\repository\io\jsonwebtoken\jjwt-api\0.12.3\jjwt-api-0.12.3.jar;E:\.m2\repository\io\jsonwebtoken\jjwt-impl\0.12.3\jjwt-impl-0.12.3.jar;E:\.m2\repository\io\jsonwebtoken\jjwt-jackson\0.12.3\jjwt-jackson-0.12.3.jar;E:\.m2\repository\org\mapstruct\mapstruct\1.5.5.Final\mapstruct-1.5.5.Final.jar;E:\.m2\repository\org\springdoc\springdoc-openapi-starter-webmvc-ui\2.3.0\springdoc-openapi-starter-webmvc-ui-2.3.0.jar;E:\.m2\repository\org\springdoc\springdoc-openapi-starter-webmvc-api\2.3.0\springdoc-openapi-starter-webmvc-api-2.3.0.jar;E:\.m2\repository\org\springdoc\springdoc-openapi-starter-common\2.3.0\springdoc-openapi-starter-common-2.3.0.jar;E:\.m2\repository\io\swagger\core\v3\swagger-core-jakarta\2.2.19\swagger-core-jakarta-2.2.19.jar;E:\.m2\repository\org\apache\commons\commons-lang3\3.17.0\commons-lang3-3.17.0.jar;E:\.m2\repository\io\swagger\core\v3\swagger-annotations-jakarta\2.2.19\swagger-annotations-jakarta-2.2.19.jar;E:\.m2\repository\io\swagger\core\v3\swagger-models-jakarta\2.2.19\swagger-models-jakarta-2.2.19.jar;E:\.m2\repository\com\fasterxml\jackson\dataformat\jackson-dataformat-yaml\2.18.3\jackson-dataformat-yaml-2.18.3.jar;E:\.m2\repository\org\webjars\swagger-ui\5.10.3\swagger-ui-5.10.3.jar;E:\.m2\repository\org\springframework\boot\spring-boot-starter-actuator\3.4.4\spring-boot-starter-actuator-3.4.4.jar;E:\.m2\repository\org\springframework\boot\spring-boot-actuator-autoconfigure\3.4.4\spring-boot-actuator-autoconfigure-3.4.4.jar;E:\.m2\repository\org\springframework\boot\spring-boot-actuator\3.4.4\spring-boot-actuator-3.4.4.jar;E:\.m2\repository\io\micrometer\micrometer-observation\1.14.5\micrometer-observation-1.14.5.jar;E:\.m2\repository\io\micrometer\micrometer-commons\1.14.5\micrometer-commons-1.14.5.jar;E:\.m2\repository\io\micrometer\micrometer-jakarta9\1.14.5\micrometer-jakarta9-1.14.5.jar;E:\.m2\repository\net\sf\jasperreports\jasperreports\6.21.3\jasperreports-6.21.3.jar;E:\.m2\repository\commons-beanutils\commons-beanutils\1.9.4\commons-beanutils-1.9.4.jar;E:\.m2\repository\commons-collections\commons-collections\3.2.2\commons-collections-3.2.2.jar;E:\.m2\repository\commons-digester\commons-digester\2.1\commons-digester-2.1.jar;E:\.m2\repository\commons-logging\commons-logging\1.1.1\commons-logging-1.1.1.jar;E:\.m2\repository\org\apache\commons\commons-collections4\4.2\commons-collections4-4.2.jar;E:\.m2\repository\org\jfree\jcommon\1.0.23\jcommon-1.0.23.jar;E:\.m2\repository\org\jfree\jfreechart\1.0.19\jfreechart-1.0.19.jar;E:\.m2\repository\org\eclipse\jdt\ecj\3.21.0\ecj-3.21.0.jar;E:\.m2\repository\com\fasterxml\jackson\core\jackson-core\2.18.3\jackson-core-2.18.3.jar;E:\.m2\repository\com\fasterxml\jackson\core\jackson-annotations\2.18.3\jackson-annotations-2.18.3.jar;E:\.m2\repository\com\fasterxml\jackson\dataformat\jackson-dataformat-xml\2.18.3\jackson-dataformat-xml-2.18.3.jar;E:\.m2\repository\org\codehaus\woodstox\stax2-api\4.2.2\stax2-api-4.2.2.jar;E:\.m2\repository\com\fasterxml\woodstox\woodstox-core\7.0.0\woodstox-core-7.0.0.jar;E:\.m2\repository\com\github\librepdf\openpdf\1.3.30\openpdf-1.3.30.jar;E:\.m2\repository\com\google\code\findbugs\jsr305\3.0.2\jsr305-3.0.2.jar;E:\.m2\repository\org\springframework\cloud\spring-cloud-starter-bootstrap\4.2.1\spring-cloud-starter-bootstrap-4.2.1.jar;E:\.m2\repository\io\micrometer\micrometer-tracing-bridge-brave\1.4.4\micrometer-tracing-bridge-brave-1.4.4.jar;E:\.m2\repository\io\micrometer\micrometer-tracing\1.4.4\micrometer-tracing-1.4.4.jar;E:\.m2\repository\io\micrometer\context-propagation\1.1.2\context-propagation-1.1.2.jar;E:\.m2\repository\aopalliance\aopalliance\1.0\aopalliance-1.0.jar;E:\.m2\repository\org\slf4j\slf4j-api\2.0.17\slf4j-api-2.0.17.jar;E:\.m2\repository\io\zipkin\brave\brave\6.0.3\brave-6.0.3.jar;E:\.m2\repository\io\zipkin\brave\brave-context-slf4j\6.0.3\brave-context-slf4j-6.0.3.jar;E:\.m2\repository\io\zipkin\brave\brave-instrumentation-http\6.0.3\brave-instrumentation-http-6.0.3.jar;E:\.m2\repository\io\zipkin\aws\brave-propagation-aws\1.2.5\brave-propagation-aws-1.2.5.jar;E:\.m2\repository\io\zipkin\contrib\brave-propagation-w3c\brave-propagation-tracecontext\0.2.0\brave-propagation-tracecontext-0.2.0.jar;E:\.m2\repository\io\zipkin\reporter2\zipkin-reporter-brave\3.4.3\zipkin-reporter-brave-3.4.3.jar;E:\.m2\repository\io\zipkin\reporter2\zipkin-reporter\3.4.3\zipkin-reporter-3.4.3.jar;E:\.m2\repository\io\github\openfeign\feign-micrometer\13.5\feign-micrometer-13.5.jar;E:\.m2\repository\io\github\openfeign\feign-core\13.5\feign-core-13.5.jar;E:\.m2\repository\io\micrometer\micrometer-core\1.14.5\micrometer-core-1.14.5.jar;E:\.m2\repository\org\hdrhistogram\HdrHistogram\2.2.2\HdrHistogram-2.2.2.jar;E:\.m2\repository\org\latencyutils\LatencyUtils\2.0.3\LatencyUtils-2.0.3.jar;E:\.m2\repository\org\apache\poi\poi-ooxml\5.2.5\poi-ooxml-5.2.5.jar;E:\.m2\repository\org\apache\poi\poi\5.2.5\poi-5.2.5.jar;E:\.m2\repository\commons-codec\commons-codec\1.17.2\commons-codec-1.17.2.jar;E:\.m2\repository\org\apache\commons\commons-math3\3.6.1\commons-math3-3.6.1.jar;E:\.m2\repository\com\zaxxer\SparseBitSet\1.3\SparseBitSet-1.3.jar;E:\.m2\repository\org\apache\poi\poi-ooxml-lite\5.2.5\poi-ooxml-lite-5.2.5.jar;E:\.m2\repository\org\apache\xmlbeans\xmlbeans\5.2.0\xmlbeans-5.2.0.jar;E:\.m2\repository\org\apache\commons\commons-compress\1.25.0\commons-compress-1.25.0.jar;E:\.m2\repository\commons-io\commons-io\2.15.0\commons-io-2.15.0.jar;E:\.m2\repository\com\github\virtuald\curvesapi\1.08\curvesapi-1.08.jar;E:\.m2\repository\org\apache\logging\log4j\log4j-api\2.24.3\log4j-api-2.24.3.jar;E:\.m2\repository\com\itextpdf\kernel\8.0.2\kernel-8.0.2.jar;E:\.m2\repository\com\itextpdf\bouncy-castle-connector\8.0.2\bouncy-castle-connector-8.0.2.jar;E:\.m2\repository\com\itextpdf\io\8.0.2\io-8.0.2.jar;E:\.m2\repository\com\itextpdf\commons\8.0.2\commons-8.0.2.jar;E:\.m2\repository\com\itextpdf\layout\8.0.2\layout-8.0.2.jar;E:\.m2\repository\com\jayway\jsonpath\json-path\2.9.0\json-path-2.9.0.jar;E:\.m2\repository\jakarta\xml\bind\jakarta.xml.bind-api\4.0.2\jakarta.xml.bind-api-4.0.2.jar;E:\.m2\repository\jakarta\activation\jakarta.activation-api\2.1.3\jakarta.activation-api-2.1.3.jar;E:\.m2\repository\net\minidev\json-smart\2.5.2\json-smart-2.5.2.jar;E:\.m2\repository\net\minidev\accessors-smart\2.5.2\accessors-smart-2.5.2.jar;E:\.m2\repository\org\ow2\asm\asm\9.7.1\asm-9.7.1.jar;E:\.m2\repository\org\springframework\spring-core\6.2.5\spring-core-6.2.5.jar;E:\.m2\repository\org\springframework\spring-jcl\6.2.5\spring-jcl-6.2.5.jar
Launcher Type: SUN_STANDARD

[Global flags]
     intx CICompilerCount                          = 4                                         {product} {ergonomic}
     uint ConcGCThreads                            = 3                                         {product} {ergonomic}
     uint G1ConcRefinementThreads                  = 10                                        {product} {ergonomic}
   size_t G1HeapRegionSize                         = 2097152                                   {product} {ergonomic}
    uintx GCDrainStackTargetSize                   = 64                                        {product} {ergonomic}
   size_t InitialHeapSize                          = 264241152                                 {product} {ergonomic}
   size_t MarkStackSize                            = 4194304                                   {product} {ergonomic}
   size_t MaxHeapSize                              = 4200595456                                {product} {ergonomic}
   size_t MaxNewSize                               = 2518679552                                {product} {ergonomic}
   size_t MinHeapDeltaBytes                        = 2097152                                   {product} {ergonomic}
   size_t MinHeapSize                              = 8388608                                   {product} {ergonomic}
    uintx NonNMethodCodeHeapSize                   = 5839372                                {pd product} {ergonomic}
    uintx NonProfiledCodeHeapSize                  = 122909434                              {pd product} {ergonomic}
    uintx ProfiledCodeHeapSize                     = 122909434                              {pd product} {ergonomic}
    uintx ReservedCodeCacheSize                    = 251658240                              {pd product} {ergonomic}
     bool SegmentedCodeCache                       = true                                      {product} {ergonomic}
   size_t SoftMaxHeapSize                          = 4200595456                             {manageable} {ergonomic}
     bool UseCompressedOops                        = true                           {product lp64_product} {ergonomic}
     bool UseG1GC                                  = true                                      {product} {ergonomic}
     bool UseLargePagesIndividualAllocation        = false                                  {pd product} {ergonomic}

Logging:
Log output configuration:
 #0: stdout all=warning uptime,level,tags foldmultilines=false
 #1: stderr all=off uptime,level,tags foldmultilines=false

Environment Variables:
JAVA_HOME=C:\Program Files\Java\jdk-21
PATH=E:\app\USER01\product\11.2.0\dbhome_1\bin;E:\app\USER01\product\11.1.0\db_2\bin;C:\Program Files\Common Files\Oracle\Java\javapath;C:\ProgramData\Oracle\Java\javapath;C:\WINDOWS\system32;C:\WINDOWS;C:\WINDOWS\System32\Wbem;C:\WINDOWS\System32\WindowsPowerShell\v1.0\;C:\WINDOWS\System32\OpenSSH\;C:\ProgramData\chocolatey\bin;C:\Program Files\Java\jdk-21\bin;C:\Program Files\TortoiseSVN\bin;C:\Program Files\Microsoft SQL Server\150\Tools\Binn\;C:\Program Files\nodejs\;E:\zenithe\Biometrie\Logiciel_enrolement;E:\MySQL\MySQL Server 5.0\bin;C:\Program Files\Git\cmd;C:\Program Files\Docker\Docker\resources\bin;E:\MongoDB\Server\8.0\bin;;C:\Program Files\Filestar;C:\ProgramData\Filestar\aliases;C:\Users\USER01\AppData\Local\Microsoft\WindowsApps;;C:\Users\USER01\AppData\Local\Programs\Microsoft VS Code\bin;C:\Users\USER01\AppData\Roaming\npm;C:\Users\USER01\AppData\Local\Programs\mongosh\;C:\Users\USER01\AppData\Local\Programs\Antigravity\bin
USERNAME=USER01
OS=Windows_NT
PROCESSOR_IDENTIFIER=Intel64 Family 6 Model 154 Stepping 4, GenuineIntel
TMP=C:\Users\USER01\AppData\Local\Temp
TEMP=C:\Users\USER01\AppData\Local\Temp




Periodic native trim disabled

---------------  S Y S T E M  ---------------

OS:
 Windows 11 , 64 bit Build 22621 (10.0.22621.5415)
OS uptime: 16 days 21:27 hours
Hyper-V role detected

CPU: total 12 (initial active 12) (6 cores per cpu, 2 threads per core) family 6 model 154 stepping 4 microcode 0x437, cx8, cmov, fxsr, ht, mmx, 3dnowpref, sse, sse2, sse3, ssse3, sse4.1, sse4.2, popcnt, lzcnt, tsc, tscinvbit, avx, avx2, aes, erms, clmul, bmi1, bmi2, adx, sha, fma, vzeroupper, clflush, clflushopt, clwb, hv, serialize, rdtscp, rdpid, fsrm, f16c, cet_ibt, cet_ss
Processor Information for all 12 processors :
  Max Mhz: 1800, Current Mhz: 1800, Mhz Limit: 1800

Memory: 4k page, system-wide physical 16016M (569M free)
TotalPageFile size 38961M (AvailPageFile size 4M)
current process WorkingSet (physical memory assigned to process): 728M, peak: 728M
current process commit charge ("private bytes"): 1092M, peak: 1097M

vm_info: Java HotSpot(TM) 64-Bit Server VM (21.0.1+12-LTS-29) for windows-amd64 JRE (21.0.1+12-LTS-29), built on 2023-10-05T13:27:09Z by "mach5one" with MS VC++ 17.1 (VS2022)

END.
