#
# There is insufficient memory for the Java Runtime Environment to continue.
# Native memory allocation (mmap) failed to map 402653184 bytes for G1 virtual space
# Possible reasons:
#   The system is out of physical RAM or swap space
#   The process is running with CompressedOops enabled, and the Java Heap may be blocking the growth of the native heap
# Possible solutions:
#   Reduce memory load on the system
#   Increase physical memory or swap space
#   Check if swap backing store is full
#   Decrease Java heap size (-Xmx/-Xms)
#   Decrease number of Java threads
#   Decrease Java thread stack sizes (-Xss)
#   Set larger code cache with -XX:ReservedCodeCacheSize=
#   JVM is running with Zero Based Compressed Oops mode in which the Java heap is
#     placed in the first 32GB address space. The Java Heap base address is the
#     maximum limit for the native heap growth. Please use -XX:HeapBaseMinAddress
#     to set the Java Heap base and to place the Java Heap above 32GB virtual address.
# This output file may be truncated or incomplete.
#
#  Out of Memory Error (os_windows.cpp:3600), pid=27824, tid=36364
#
# JRE version: Java(TM) SE Runtime Environment (21.0.1+12) (build 21.0.1+12-LTS-29)
# Java VM: Java HotSpot(TM) 64-Bit Server VM (21.0.1+12-LTS-29, mixed mode, sharing, tiered, compressed oops, compressed class ptrs, g1 gc, windows-amd64)
# No core dump will be written. Minidumps are not enabled by default on client versions of Windows
#

---------------  S U M M A R Y ------------

Command Line: db.biometry.biometry.BiometryApplication

Host: 12th Gen Intel(R) Core(TM) i7-1265U, 12 cores, 15G,  Windows 11 , 64 bit Build 22621 (10.0.22621.5415)
Time: Thu Feb 26 17:09:47 2026 W. Central Africa Standard Time elapsed time: 37.040561 seconds (0d 0h 0m 37s)

---------------  T H R E A D  ---------------

Current thread (0x00000235d6873e10):  VMThread "VM Thread"          [id=36364, stack(0x000000d917600000,0x000000d917700000) (1024K)]

Stack: [0x000000d917600000,0x000000d917700000]
Native frames: (J=compiled Java code, j=interpreted, Vv=VM code, C=native code)
V  [jvm.dll+0x6c9029]
V  [jvm.dll+0x854b81]
V  [jvm.dll+0x856e5e]
V  [jvm.dll+0x857543]
V  [jvm.dll+0x280c06]
V  [jvm.dll+0x6c5715]
V  [jvm.dll+0x6ba10a]
V  [jvm.dll+0x3557ea]
V  [jvm.dll+0x35d436]
V  [jvm.dll+0x3ae1be]
V  [jvm.dll+0x3ae468]
V  [jvm.dll+0x3291fc]
V  [jvm.dll+0x329287]
V  [jvm.dll+0x36db3c]
V  [jvm.dll+0x36c33d]
V  [jvm.dll+0x328971]
V  [jvm.dll+0x36ba4a]
V  [jvm.dll+0x85d048]
V  [jvm.dll+0x85e144]
V  [jvm.dll+0x85e680]
V  [jvm.dll+0x85e923]
V  [jvm.dll+0x7fd728]
V  [jvm.dll+0x6c777d]
C  [ucrtbase.dll+0x29333]
C  [KERNEL32.DLL+0x1259d]
C  [ntdll.dll+0x5af78]

VM_Operation (0x000000d916ffa9b0): G1CollectForAllocation, mode: safepoint, requested by thread 0x00000235b5486d80


---------------  P R O C E S S  ---------------

Threads class SMR info:
_java_thread_list=0x00000235d6f2e3d0, length=17, elements={
0x00000235b5486d80, 0x00000235d6bd2500, 0x00000235d6bd2f60, 0x00000235d6bd4b30,
0x00000235d6bd65a0, 0x00000235d6bdf290, 0x00000235d6bdfcf0, 0x00000235d6be3f80,
0x00000235d6be4a20, 0x00000235d6d270f0, 0x00000235d6d31980, 0x000002361cc90230,
0x000002361cc908c0, 0x000002361cc91c70, 0x000002361cc92990, 0x000002361cc92300,
0x000002361f4d5720
}

Java Threads: ( => current thread )
  0x00000235b5486d80 JavaThread "main"                              [_thread_blocked, id=21192, stack(0x000000d916f00000,0x000000d917000000) (1024K)]
  0x00000235d6bd2500 JavaThread "Reference Handler"          daemon [_thread_blocked, id=21360, stack(0x000000d917700000,0x000000d917800000) (1024K)]
  0x00000235d6bd2f60 JavaThread "Finalizer"                  daemon [_thread_blocked, id=5432, stack(0x000000d917800000,0x000000d917900000) (1024K)]
  0x00000235d6bd4b30 JavaThread "Signal Dispatcher"          daemon [_thread_blocked, id=38648, stack(0x000000d917900000,0x000000d917a00000) (1024K)]
  0x00000235d6bd65a0 JavaThread "Attach Listener"            daemon [_thread_blocked, id=26928, stack(0x000000d917a00000,0x000000d917b00000) (1024K)]
  0x00000235d6bdf290 JavaThread "Service Thread"             daemon [_thread_blocked, id=24912, stack(0x000000d917b00000,0x000000d917c00000) (1024K)]
  0x00000235d6bdfcf0 JavaThread "Monitor Deflation Thread"   daemon [_thread_blocked, id=20264, stack(0x000000d917c00000,0x000000d917d00000) (1024K)]
  0x00000235d6be3f80 JavaThread "C2 CompilerThread0"         daemon [_thread_blocked, id=27000, stack(0x000000d917d00000,0x000000d917e00000) (1024K)]
  0x00000235d6be4a20 JavaThread "C1 CompilerThread0"         daemon [_thread_blocked, id=29252, stack(0x000000d917e00000,0x000000d917f00000) (1024K)]
  0x00000235d6d270f0 JavaThread "Notification Thread"        daemon [_thread_blocked, id=27924, stack(0x000000d917f00000,0x000000d918000000) (1024K)]
  0x00000235d6d31980 JavaThread "Common-Cleaner"             daemon [_thread_blocked, id=19104, stack(0x000000d918000000,0x000000d918100000) (1024K)]
  0x000002361cc90230 JavaThread "Catalina-utility-1"                [_thread_blocked, id=35320, stack(0x000000d918600000,0x000000d918700000) (1024K)]
  0x000002361cc908c0 JavaThread "Catalina-utility-2"                [_thread_blocked, id=22844, stack(0x000000d918e00000,0x000000d918f00000) (1024K)]
  0x000002361cc91c70 JavaThread "container-0"                       [_thread_blocked, id=36700, stack(0x000000d918f00000,0x000000d919000000) (1024K)]
  0x000002361cc92990 JavaThread "mysql-cj-abandoned-connection-cleanup" daemon [_thread_blocked, id=11488, stack(0x000000d919000000,0x000000d919100000) (1024K)]
  0x000002361cc92300 JavaThread "BiometryHikariPool housekeeper" daemon [_thread_blocked, id=34600, stack(0x000000d919100000,0x000000d919200000) (1024K)]
  0x000002361f4d5720 JavaThread "C2 CompilerThread1"         daemon [_thread_blocked, id=6884, stack(0x000000d919400000,0x000000d919500000) (1024K)]
Total: 17

Other Threads:
=>0x00000235d6873e10 VMThread "VM Thread"                           [id=36364, stack(0x000000d917600000,0x000000d917700000) (1024K)]
  0x00000235d6858af0 WatcherThread "VM Periodic Task Thread"        [id=27812, stack(0x000000d917500000,0x000000d917600000) (1024K)]
  0x00000235b7664160 WorkerThread "GC Thread#0"                     [id=1976, stack(0x000000d917000000,0x000000d917100000) (1024K)]
  0x000002361c6fdd50 WorkerThread "GC Thread#1"                     [id=37508, stack(0x000000d918100000,0x000000d918200000) (1024K)]
  0x000002361c6fe0f0 WorkerThread "GC Thread#2"                     [id=25592, stack(0x000000d918200000,0x000000d918300000) (1024K)]
  0x000002361c1eb790 WorkerThread "GC Thread#3"                     [id=22160, stack(0x000000d918300000,0x000000d918400000) (1024K)]
  0x000002361c71db40 WorkerThread "GC Thread#4"                     [id=33648, stack(0x000000d918400000,0x000000d918500000) (1024K)]
  0x000002361c71dee0 WorkerThread "GC Thread#5"                     [id=28780, stack(0x000000d918500000,0x000000d918600000) (1024K)]
  0x000002361d2225e0 WorkerThread "GC Thread#6"                     [id=3432, stack(0x000000d918700000,0x000000d918800000) (1024K)]
  0x000002361d222980 WorkerThread "GC Thread#7"                     [id=34804, stack(0x000000d918800000,0x000000d918900000) (1024K)]
  0x000002361d222d20 WorkerThread "GC Thread#8"                     [id=37592, stack(0x000000d918900000,0x000000d918a00000) (1024K)]
  0x000002361d2230c0 WorkerThread "GC Thread#9"                     [id=30372, stack(0x000000d918a00000,0x000000d918b00000) (1024K)]
  0x00000235b7675eb0 ConcurrentGCThread "G1 Main Marker"            [id=30008, stack(0x000000d917100000,0x000000d917200000) (1024K)]
  0x00000235b76768c0 WorkerThread "G1 Conc#0"                       [id=5004, stack(0x000000d917200000,0x000000d917300000) (1024K)]
  0x000002361d09c9f0 WorkerThread "G1 Conc#1"                       [id=37000, stack(0x000000d918b00000,0x000000d918c00000) (1024K)]
  0x000002361d09bf10 WorkerThread "G1 Conc#2"                       [id=7784, stack(0x000000d918c00000,0x000000d918d00000) (1024K)]
  0x00000235d672d980 ConcurrentGCThread "G1 Refine#0"               [id=11960, stack(0x000000d917300000,0x000000d917400000) (1024K)]
  0x00000235d6730310 ConcurrentGCThread "G1 Service"                [id=1980, stack(0x000000d917400000,0x000000d917500000) (1024K)]
Total: 18

Threads with active compile tasks:
C2 CompilerThread0    37076 12106 %     4       org.antlr.v4.runtime.atn.ParserATNSimulator::computeReachSet @ 223 (575 bytes)
Total: 1

VM state: at safepoint (normal execution)

VM Mutex/Monitor currently owned by a thread:  ([mutex/lock_event])
[0x00007ff8df27a5f8] Threads_lock - owner thread: 0x00000235d6873e10
[0x00007ff8df27a6f8] Heap_lock - owner thread: 0x00000235b5486d80

Heap address: 0x0000000705a00000, size: 4006 MB, Compressed Oops mode: Zero based, Oop shift amount: 3

CDS archive(s) mapped at: [0x00000235d7000000-0x00000235d7c90000-0x00000235d7c90000), size 13172736, SharedBaseAddress: 0x00000235d7000000, ArchiveRelocationMode: 1.
Compressed class space mapped at: 0x00000235d8000000-0x0000023618000000, reserved size: 1073741824
Narrow klass base: 0x00000235d7000000, Narrow klass shift: 0, Narrow klass range: 0x100000000

GC Precious Log:
 CardTable entry size: 512
 Card Set container configuration: InlinePtr #cards 4 size 8 Array Of Cards #cards 16 size 48 Howl #buckets 8 coarsen threshold 3686 Howl Bitmap #cards 512 size 80 coarsen threshold 460 Card regions per heap region 1 cards per card region 4096
 CPUs: 12 total, 12 available
 Memory: 16016M
 Large Page Support: Disabled
 NUMA Support: Disabled
 Compressed Oops: Enabled (Zero based)
 Heap Region Size: 2M
 Heap Min Capacity: 8M
 Heap Initial Capacity: 252M
 Heap Max Capacity: 4006M
 Pre-touch: Disabled
 Parallel Workers: 10
 Concurrent Workers: 3
 Concurrent Refinement Workers: 10
 Periodic GC: Disabled

Heap:
 garbage-first heap   total 393216K, used 106388K [0x0000000705a00000, 0x0000000800000000)
  region size 2048K, 5 young (10240K), 5 survivors (10240K)
 Metaspace       used 89398K, committed 90240K, reserved 1179648K
  class space    used 12089K, committed 12480K, reserved 1048576K

Heap Regions: E=young(eden), S=young(survivor), O=old, HS=humongous(starts), HC=humongous(continues), CS=collection set, F=free, TAMS=top-at-mark-start, PB=parsable bottom
|   0|0x0000000705a00000, 0x0000000705c00000, 0x0000000705c00000|100%| O|  |TAMS 0x0000000705a00000| PB 0x0000000705a00000| Untracked 
|   1|0x0000000705c00000, 0x0000000705e00000, 0x0000000705e00000|100%| O|  |TAMS 0x0000000705c00000| PB 0x0000000705c00000| Untracked 
|   2|0x0000000705e00000, 0x0000000706000000, 0x0000000706000000|100%| O|  |TAMS 0x0000000705e00000| PB 0x0000000705e00000| Untracked 
|   3|0x0000000706000000, 0x0000000706200000, 0x0000000706200000|100%| O|  |TAMS 0x0000000706000000| PB 0x0000000706000000| Untracked 
|   4|0x0000000706200000, 0x0000000706400000, 0x0000000706400000|100%| O|  |TAMS 0x0000000706200000| PB 0x0000000706200000| Untracked 
|   5|0x0000000706400000, 0x0000000706600000, 0x0000000706600000|100%| O|  |TAMS 0x0000000706400000| PB 0x0000000706400000| Untracked 
|   6|0x0000000706600000, 0x0000000706800000, 0x0000000706800000|100%| O|  |TAMS 0x0000000706600000| PB 0x0000000706600000| Untracked 
|   7|0x0000000706800000, 0x0000000706a00000, 0x0000000706a00000|100%| O|  |TAMS 0x0000000706800000| PB 0x0000000706800000| Untracked 
|   8|0x0000000706a00000, 0x0000000706c00000, 0x0000000706c00000|100%| O|  |TAMS 0x0000000706a00000| PB 0x0000000706a00000| Untracked 
|   9|0x0000000706c00000, 0x0000000706e00000, 0x0000000706e00000|100%| O|  |TAMS 0x0000000706c00000| PB 0x0000000706c00000| Untracked 
|  10|0x0000000706e00000, 0x0000000707000000, 0x0000000707000000|100%| O|  |TAMS 0x0000000706e00000| PB 0x0000000706e00000| Untracked 
|  11|0x0000000707000000, 0x0000000707200000, 0x0000000707200000|100%| O|  |TAMS 0x0000000707000000| PB 0x0000000707000000| Untracked 
|  12|0x0000000707200000, 0x0000000707400000, 0x0000000707400000|100%| O|  |TAMS 0x0000000707200000| PB 0x0000000707200000| Untracked 
|  13|0x0000000707400000, 0x0000000707600000, 0x0000000707600000|100%| O|  |TAMS 0x0000000707400000| PB 0x0000000707400000| Untracked 
|  14|0x0000000707600000, 0x0000000707800000, 0x0000000707800000|100%| O|  |TAMS 0x0000000707600000| PB 0x0000000707600000| Untracked 
|  15|0x0000000707800000, 0x0000000707a00000, 0x0000000707a00000|100%| O|  |TAMS 0x0000000707800000| PB 0x0000000707800000| Untracked 
|  16|0x0000000707a00000, 0x0000000707c00000, 0x0000000707c00000|100%| O|  |TAMS 0x0000000707a00000| PB 0x0000000707a00000| Untracked 
|  17|0x0000000707c00000, 0x0000000707e00000, 0x0000000707e00000|100%| O|  |TAMS 0x0000000707c00000| PB 0x0000000707c00000| Untracked 
|  18|0x0000000707e00000, 0x0000000708000000, 0x0000000708000000|100%| O|  |TAMS 0x0000000707e00000| PB 0x0000000707e00000| Untracked 
|  19|0x0000000708000000, 0x0000000708200000, 0x0000000708200000|100%| O|  |TAMS 0x0000000708000000| PB 0x0000000708000000| Untracked 
|  20|0x0000000708200000, 0x0000000708400000, 0x0000000708400000|100%| O|  |TAMS 0x0000000708200000| PB 0x0000000708200000| Untracked 
|  21|0x0000000708400000, 0x0000000708400000, 0x0000000708600000|  0%| F|  |TAMS 0x0000000708400000| PB 0x0000000708400000| Untracked 
|  22|0x0000000708600000, 0x0000000708800000, 0x0000000708800000|100%| O|  |TAMS 0x0000000708600000| PB 0x0000000708600000| Untracked 
|  23|0x0000000708800000, 0x0000000708a00000, 0x0000000708a00000|100%| O|  |TAMS 0x0000000708800000| PB 0x0000000708800000| Untracked 
|  24|0x0000000708a00000, 0x0000000708c00000, 0x0000000708c00000|100%| O|  |TAMS 0x0000000708a00000| PB 0x0000000708a00000| Untracked 
|  25|0x0000000708c00000, 0x0000000708e00000, 0x0000000708e00000|100%| O|  |TAMS 0x0000000708c00000| PB 0x0000000708c00000| Untracked 
|  26|0x0000000708e00000, 0x0000000709000000, 0x0000000709000000|100%| O|  |TAMS 0x0000000708e00000| PB 0x0000000708e00000| Untracked 
|  27|0x0000000709000000, 0x0000000709200000, 0x0000000709200000|100%| O|  |TAMS 0x0000000709000000| PB 0x0000000709000000| Untracked 
|  28|0x0000000709200000, 0x0000000709400000, 0x0000000709400000|100%| O|  |TAMS 0x0000000709200000| PB 0x0000000709200000| Untracked 
|  29|0x0000000709400000, 0x0000000709400000, 0x0000000709600000|  0%| F|  |TAMS 0x0000000709400000| PB 0x0000000709400000| Untracked 
|  30|0x0000000709600000, 0x0000000709800000, 0x0000000709800000|100%| O|  |TAMS 0x0000000709600000| PB 0x0000000709600000| Untracked 
|  31|0x0000000709800000, 0x0000000709a00000, 0x0000000709a00000|100%| O|  |TAMS 0x0000000709800000| PB 0x0000000709800000| Untracked 
|  32|0x0000000709a00000, 0x0000000709a00000, 0x0000000709c00000|  0%| F|  |TAMS 0x0000000709a00000| PB 0x0000000709a00000| Untracked 
|  33|0x0000000709c00000, 0x0000000709e00000, 0x0000000709e00000|100%| O|Cm|TAMS 0x0000000709c00000| PB 0x0000000709c00000| Complete 
|  34|0x0000000709e00000, 0x000000070a000000, 0x000000070a000000|100%| O|Cm|TAMS 0x0000000709e00000| PB 0x0000000709e00000| Complete 
|  35|0x000000070a000000, 0x000000070a000000, 0x000000070a200000|  0%| F|  |TAMS 0x000000070a000000| PB 0x000000070a000000| Untracked 
|  36|0x000000070a200000, 0x000000070a400000, 0x000000070a400000|100%| O|  |TAMS 0x000000070a200000| PB 0x000000070a200000| Untracked 
|  37|0x000000070a400000, 0x000000070a600000, 0x000000070a600000|100%| O|  |TAMS 0x000000070a400000| PB 0x000000070a400000| Untracked 
|  38|0x000000070a600000, 0x000000070a800000, 0x000000070a800000|100%| O|  |TAMS 0x000000070a600000| PB 0x000000070a600000| Untracked 
|  39|0x000000070a800000, 0x000000070a800000, 0x000000070aa00000|  0%| F|  |TAMS 0x000000070a800000| PB 0x000000070a800000| Untracked 
|  40|0x000000070aa00000, 0x000000070aa00000, 0x000000070ac00000|  0%| F|  |TAMS 0x000000070aa00000| PB 0x000000070aa00000| Untracked 
|  41|0x000000070ac00000, 0x000000070ac00000, 0x000000070ae00000|  0%| F|  |TAMS 0x000000070ac00000| PB 0x000000070ac00000| Untracked 
|  42|0x000000070ae00000, 0x000000070ae00000, 0x000000070b000000|  0%| F|  |TAMS 0x000000070ae00000| PB 0x000000070ae00000| Untracked 
|  43|0x000000070b000000, 0x000000070b000000, 0x000000070b200000|  0%| F|  |TAMS 0x000000070b000000| PB 0x000000070b000000| Untracked 
|  44|0x000000070b200000, 0x000000070b200000, 0x000000070b400000|  0%| F|  |TAMS 0x000000070b200000| PB 0x000000070b200000| Untracked 
|  45|0x000000070b400000, 0x000000070b600000, 0x000000070b600000|100%| O|  |TAMS 0x000000070b400000| PB 0x000000070b400000| Untracked 
|  46|0x000000070b600000, 0x000000070b600000, 0x000000070b800000|  0%| F|  |TAMS 0x000000070b600000| PB 0x000000070b600000| Untracked 
|  47|0x000000070b800000, 0x000000070b800000, 0x000000070ba00000|  0%| F|  |TAMS 0x000000070b800000| PB 0x000000070b800000| Untracked 
|  48|0x000000070ba00000, 0x000000070ba00000, 0x000000070bc00000|  0%| F|  |TAMS 0x000000070ba00000| PB 0x000000070ba00000| Untracked 
|  49|0x000000070bc00000, 0x000000070bc00000, 0x000000070be00000|  0%| F|  |TAMS 0x000000070bc00000| PB 0x000000070bc00000| Untracked 
|  50|0x000000070be00000, 0x000000070be00000, 0x000000070c000000|  0%| F|  |TAMS 0x000000070be00000| PB 0x000000070be00000| Untracked 
|  51|0x000000070c000000, 0x000000070c000000, 0x000000070c200000|  0%| F|  |TAMS 0x000000070c000000| PB 0x000000070c000000| Untracked 
|  52|0x000000070c200000, 0x000000070c200000, 0x000000070c400000|  0%| F|  |TAMS 0x000000070c200000| PB 0x000000070c200000| Untracked 
|  53|0x000000070c400000, 0x000000070c600000, 0x000000070c600000|100%| O|  |TAMS 0x000000070c400000| PB 0x000000070c400000| Untracked 
|  54|0x000000070c600000, 0x000000070c800000, 0x000000070c800000|100%| O|  |TAMS 0x000000070c600000| PB 0x000000070c600000| Untracked 
|  55|0x000000070c800000, 0x000000070ca00000, 0x000000070ca00000|100%| O|  |TAMS 0x000000070c800000| PB 0x000000070c800000| Untracked 
|  56|0x000000070ca00000, 0x000000070cc00000, 0x000000070cc00000|100%| O|  |TAMS 0x000000070ca00000| PB 0x000000070ca00000| Untracked 
|  57|0x000000070cc00000, 0x000000070ce00000, 0x000000070ce00000|100%| O|  |TAMS 0x000000070cc00000| PB 0x000000070cc00000| Untracked 
|  58|0x000000070ce00000, 0x000000070d000000, 0x000000070d000000|100%| O|  |TAMS 0x000000070ce00000| PB 0x000000070ce00000| Untracked 
|  59|0x000000070d000000, 0x000000070d000000, 0x000000070d200000|  0%| F|  |TAMS 0x000000070d000000| PB 0x000000070d000000| Untracked 
|  60|0x000000070d200000, 0x000000070d200000, 0x000000070d400000|  0%| F|  |TAMS 0x000000070d200000| PB 0x000000070d200000| Untracked 
|  61|0x000000070d400000, 0x000000070d400000, 0x000000070d600000|  0%| F|  |TAMS 0x000000070d400000| PB 0x000000070d400000| Untracked 
|  62|0x000000070d600000, 0x000000070d600000, 0x000000070d800000|  0%| F|  |TAMS 0x000000070d600000| PB 0x000000070d600000| Untracked 
|  63|0x000000070d800000, 0x000000070d800000, 0x000000070da00000|  0%| F|  |TAMS 0x000000070d800000| PB 0x000000070d800000| Untracked 
|  64|0x000000070da00000, 0x000000070da00000, 0x000000070dc00000|  0%| F|  |TAMS 0x000000070da00000| PB 0x000000070da00000| Untracked 
|  65|0x000000070dc00000, 0x000000070dc00000, 0x000000070de00000|  0%| F|  |TAMS 0x000000070dc00000| PB 0x000000070dc00000| Untracked 
|  66|0x000000070de00000, 0x000000070e000000, 0x000000070e000000|100%| O|  |TAMS 0x000000070de00000| PB 0x000000070de00000| Untracked 
|  67|0x000000070e000000, 0x000000070e200000, 0x000000070e200000|100%| O|  |TAMS 0x000000070e000000| PB 0x000000070e000000| Untracked 
|  68|0x000000070e200000, 0x000000070e400000, 0x000000070e400000|100%| O|  |TAMS 0x000000070e200000| PB 0x000000070e200000| Untracked 
|  69|0x000000070e400000, 0x000000070e600000, 0x000000070e600000|100%| O|  |TAMS 0x000000070e400000| PB 0x000000070e400000| Untracked 
|  70|0x000000070e600000, 0x000000070e800000, 0x000000070e800000|100%| O|  |TAMS 0x000000070e600000| PB 0x000000070e600000| Untracked 
|  71|0x000000070e800000, 0x000000070e928290, 0x000000070ea00000| 57%| O|  |TAMS 0x000000070e800000| PB 0x000000070e800000| Untracked 
|  72|0x000000070ea00000, 0x000000070ea00000, 0x000000070ec00000|  0%| F|  |TAMS 0x000000070ea00000| PB 0x000000070ea00000| Untracked 
|  73|0x000000070ec00000, 0x000000070ec00000, 0x000000070ee00000|  0%| F|  |TAMS 0x000000070ec00000| PB 0x000000070ec00000| Untracked 
|  74|0x000000070ee00000, 0x000000070ee00000, 0x000000070f000000|  0%| F|  |TAMS 0x000000070ee00000| PB 0x000000070ee00000| Untracked 
|  75|0x000000070f000000, 0x000000070f000000, 0x000000070f200000|  0%| F|  |TAMS 0x000000070f000000| PB 0x000000070f000000| Untracked 
|  76|0x000000070f200000, 0x000000070f200000, 0x000000070f400000|  0%| F|  |TAMS 0x000000070f200000| PB 0x000000070f200000| Untracked 
|  77|0x000000070f400000, 0x000000070f400000, 0x000000070f600000|  0%| F|  |TAMS 0x000000070f400000| PB 0x000000070f400000| Untracked 
|  78|0x000000070f600000, 0x000000070f600000, 0x000000070f800000|  0%| F|  |TAMS 0x000000070f600000| PB 0x000000070f600000| Untracked 
|  79|0x000000070f800000, 0x000000070f800000, 0x000000070fa00000|  0%| F|  |TAMS 0x000000070f800000| PB 0x000000070f800000| Untracked 
|  80|0x000000070fa00000, 0x000000070fa00000, 0x000000070fc00000|  0%| F|  |TAMS 0x000000070fa00000| PB 0x000000070fa00000| Untracked 
|  81|0x000000070fc00000, 0x000000070fc00000, 0x000000070fe00000|  0%| F|  |TAMS 0x000000070fc00000| PB 0x000000070fc00000| Untracked 
|  82|0x000000070fe00000, 0x000000070fe00000, 0x0000000710000000|  0%| F|  |TAMS 0x000000070fe00000| PB 0x000000070fe00000| Untracked 
|  83|0x0000000710000000, 0x0000000710000000, 0x0000000710200000|  0%| F|  |TAMS 0x0000000710000000| PB 0x0000000710000000| Untracked 
|  84|0x0000000710200000, 0x0000000710200000, 0x0000000710400000|  0%| F|  |TAMS 0x0000000710200000| PB 0x0000000710200000| Untracked 
|  85|0x0000000710400000, 0x0000000710400000, 0x0000000710600000|  0%| F|  |TAMS 0x0000000710400000| PB 0x0000000710400000| Untracked 
|  86|0x0000000710600000, 0x0000000710600000, 0x0000000710800000|  0%| F|  |TAMS 0x0000000710600000| PB 0x0000000710600000| Untracked 
|  87|0x0000000710800000, 0x0000000710800000, 0x0000000710a00000|  0%| F|  |TAMS 0x0000000710800000| PB 0x0000000710800000| Untracked 
|  88|0x0000000710a00000, 0x0000000710a00000, 0x0000000710c00000|  0%| F|  |TAMS 0x0000000710a00000| PB 0x0000000710a00000| Untracked 
|  89|0x0000000710c00000, 0x0000000710c00000, 0x0000000710e00000|  0%| F|  |TAMS 0x0000000710c00000| PB 0x0000000710c00000| Untracked 
|  90|0x0000000710e00000, 0x0000000710e00000, 0x0000000711000000|  0%| F|  |TAMS 0x0000000710e00000| PB 0x0000000710e00000| Untracked 
|  91|0x0000000711000000, 0x0000000711000000, 0x0000000711200000|  0%| F|  |TAMS 0x0000000711000000| PB 0x0000000711000000| Untracked 
|  92|0x0000000711200000, 0x00000007112bce80, 0x0000000711400000| 36%| S|CS|TAMS 0x0000000711200000| PB 0x0000000711200000| Complete 
|  93|0x0000000711400000, 0x0000000711600000, 0x0000000711600000|100%| S|CS|TAMS 0x0000000711400000| PB 0x0000000711400000| Complete 
|  94|0x0000000711600000, 0x0000000711800000, 0x0000000711800000|100%| S|CS|TAMS 0x0000000711600000| PB 0x0000000711600000| Complete 
|  95|0x0000000711800000, 0x0000000711a00000, 0x0000000711a00000|100%| S|CS|TAMS 0x0000000711800000| PB 0x0000000711800000| Complete 
|  96|0x0000000711a00000, 0x0000000711c00000, 0x0000000711c00000|100%| S|CS|TAMS 0x0000000711a00000| PB 0x0000000711a00000| Complete 
|  97|0x0000000711c00000, 0x0000000711c00000, 0x0000000711e00000|  0%| F|  |TAMS 0x0000000711c00000| PB 0x0000000711c00000| Untracked 
|  98|0x0000000711e00000, 0x0000000711e00000, 0x0000000712000000|  0%| F|  |TAMS 0x0000000711e00000| PB 0x0000000711e00000| Untracked 
|  99|0x0000000712000000, 0x0000000712000000, 0x0000000712200000|  0%| F|  |TAMS 0x0000000712000000| PB 0x0000000712000000| Untracked 
| 100|0x0000000712200000, 0x0000000712200000, 0x0000000712400000|  0%| F|  |TAMS 0x0000000712200000| PB 0x0000000712200000| Untracked 
| 101|0x0000000712400000, 0x0000000712400000, 0x0000000712600000|  0%| F|  |TAMS 0x0000000712400000| PB 0x0000000712400000| Untracked 
| 102|0x0000000712600000, 0x0000000712600000, 0x0000000712800000|  0%| F|  |TAMS 0x0000000712600000| PB 0x0000000712600000| Untracked 
| 103|0x0000000712800000, 0x0000000712800000, 0x0000000712a00000|  0%| F|  |TAMS 0x0000000712800000| PB 0x0000000712800000| Untracked 
| 104|0x0000000712a00000, 0x0000000712a00000, 0x0000000712c00000|  0%| F|  |TAMS 0x0000000712a00000| PB 0x0000000712a00000| Untracked 
| 105|0x0000000712c00000, 0x0000000712c00000, 0x0000000712e00000|  0%| F|  |TAMS 0x0000000712c00000| PB 0x0000000712c00000| Untracked 
| 106|0x0000000712e00000, 0x0000000712e00000, 0x0000000713000000|  0%| F|  |TAMS 0x0000000712e00000| PB 0x0000000712e00000| Untracked 
| 107|0x0000000713000000, 0x0000000713000000, 0x0000000713200000|  0%| F|  |TAMS 0x0000000713000000| PB 0x0000000713000000| Untracked 
| 108|0x0000000713200000, 0x0000000713200000, 0x0000000713400000|  0%| F|  |TAMS 0x0000000713200000| PB 0x0000000713200000| Untracked 
| 109|0x0000000713400000, 0x0000000713400000, 0x0000000713600000|  0%| F|  |TAMS 0x0000000713400000| PB 0x0000000713400000| Untracked 
| 110|0x0000000713600000, 0x0000000713600000, 0x0000000713800000|  0%| F|  |TAMS 0x0000000713600000| PB 0x0000000713600000| Untracked 
| 111|0x0000000713800000, 0x0000000713800000, 0x0000000713a00000|  0%| F|  |TAMS 0x0000000713800000| PB 0x0000000713800000| Untracked 
| 112|0x0000000713a00000, 0x0000000713a00000, 0x0000000713c00000|  0%| F|  |TAMS 0x0000000713a00000| PB 0x0000000713a00000| Untracked 
| 113|0x0000000713c00000, 0x0000000713c00000, 0x0000000713e00000|  0%| F|  |TAMS 0x0000000713c00000| PB 0x0000000713c00000| Untracked 
| 114|0x0000000713e00000, 0x0000000713e00000, 0x0000000714000000|  0%| F|  |TAMS 0x0000000713e00000| PB 0x0000000713e00000| Untracked 
| 115|0x0000000714000000, 0x0000000714000000, 0x0000000714200000|  0%| F|  |TAMS 0x0000000714000000| PB 0x0000000714000000| Untracked 
| 116|0x0000000714200000, 0x0000000714200000, 0x0000000714400000|  0%| F|  |TAMS 0x0000000714200000| PB 0x0000000714200000| Untracked 
| 117|0x0000000714400000, 0x0000000714400000, 0x0000000714600000|  0%| F|  |TAMS 0x0000000714400000| PB 0x0000000714400000| Untracked 
| 118|0x0000000714600000, 0x0000000714600000, 0x0000000714800000|  0%| F|  |TAMS 0x0000000714600000| PB 0x0000000714600000| Untracked 
| 119|0x0000000714800000, 0x0000000714800000, 0x0000000714a00000|  0%| F|  |TAMS 0x0000000714800000| PB 0x0000000714800000| Untracked 
| 120|0x0000000714a00000, 0x0000000714a00000, 0x0000000714c00000|  0%| F|  |TAMS 0x0000000714a00000| PB 0x0000000714a00000| Untracked 
| 121|0x0000000714c00000, 0x0000000714c00000, 0x0000000714e00000|  0%| F|  |TAMS 0x0000000714c00000| PB 0x0000000714c00000| Untracked 
| 122|0x0000000714e00000, 0x0000000714e00000, 0x0000000715000000|  0%| F|  |TAMS 0x0000000714e00000| PB 0x0000000714e00000| Untracked 
| 123|0x0000000715000000, 0x0000000715000000, 0x0000000715200000|  0%| F|  |TAMS 0x0000000715000000| PB 0x0000000715000000| Untracked 
| 124|0x0000000715200000, 0x0000000715200000, 0x0000000715400000|  0%| F|  |TAMS 0x0000000715200000| PB 0x0000000715200000| Untracked 
| 125|0x0000000715400000, 0x0000000715400000, 0x0000000715600000|  0%| F|  |TAMS 0x0000000715400000| PB 0x0000000715400000| Untracked 
| 126|0x0000000715600000, 0x0000000715600000, 0x0000000715800000|  0%| F|  |TAMS 0x0000000715600000| PB 0x0000000715600000| Untracked 
| 127|0x0000000715800000, 0x0000000715800000, 0x0000000715a00000|  0%| F|  |TAMS 0x0000000715800000| PB 0x0000000715800000| Untracked 
| 128|0x0000000715a00000, 0x0000000715a00000, 0x0000000715c00000|  0%| F|  |TAMS 0x0000000715a00000| PB 0x0000000715a00000| Untracked 
| 129|0x0000000715c00000, 0x0000000715c00000, 0x0000000715e00000|  0%| F|  |TAMS 0x0000000715c00000| PB 0x0000000715c00000| Untracked 
| 130|0x0000000715e00000, 0x0000000715e00000, 0x0000000716000000|  0%| F|  |TAMS 0x0000000715e00000| PB 0x0000000715e00000| Untracked 
| 131|0x0000000716000000, 0x0000000716000000, 0x0000000716200000|  0%| F|  |TAMS 0x0000000716000000| PB 0x0000000716000000| Untracked 
| 132|0x0000000716200000, 0x0000000716200000, 0x0000000716400000|  0%| F|  |TAMS 0x0000000716200000| PB 0x0000000716200000| Untracked 
| 133|0x0000000716400000, 0x0000000716400000, 0x0000000716600000|  0%| F|  |TAMS 0x0000000716400000| PB 0x0000000716400000| Untracked 
| 134|0x0000000716600000, 0x0000000716600000, 0x0000000716800000|  0%| F|  |TAMS 0x0000000716600000| PB 0x0000000716600000| Untracked 
| 135|0x0000000716800000, 0x0000000716800000, 0x0000000716a00000|  0%| F|  |TAMS 0x0000000716800000| PB 0x0000000716800000| Untracked 
| 136|0x0000000716a00000, 0x0000000716a00000, 0x0000000716c00000|  0%| F|  |TAMS 0x0000000716a00000| PB 0x0000000716a00000| Untracked 
| 137|0x0000000716c00000, 0x0000000716c00000, 0x0000000716e00000|  0%| F|  |TAMS 0x0000000716c00000| PB 0x0000000716c00000| Untracked 
| 138|0x0000000716e00000, 0x0000000716e00000, 0x0000000717000000|  0%| F|  |TAMS 0x0000000716e00000| PB 0x0000000716e00000| Untracked 
| 139|0x0000000717000000, 0x0000000717000000, 0x0000000717200000|  0%| F|  |TAMS 0x0000000717000000| PB 0x0000000717000000| Untracked 
| 140|0x0000000717200000, 0x0000000717200000, 0x0000000717400000|  0%| F|  |TAMS 0x0000000717200000| PB 0x0000000717200000| Untracked 
| 141|0x0000000717400000, 0x0000000717400000, 0x0000000717600000|  0%| F|  |TAMS 0x0000000717400000| PB 0x0000000717400000| Untracked 
| 142|0x0000000717600000, 0x0000000717600000, 0x0000000717800000|  0%| F|  |TAMS 0x0000000717600000| PB 0x0000000717600000| Untracked 
| 143|0x0000000717800000, 0x0000000717800000, 0x0000000717a00000|  0%| F|  |TAMS 0x0000000717800000| PB 0x0000000717800000| Untracked 
| 144|0x0000000717a00000, 0x0000000717a00000, 0x0000000717c00000|  0%| F|  |TAMS 0x0000000717a00000| PB 0x0000000717a00000| Untracked 
| 145|0x0000000717c00000, 0x0000000717c00000, 0x0000000717e00000|  0%| F|  |TAMS 0x0000000717c00000| PB 0x0000000717c00000| Untracked 
| 146|0x0000000717e00000, 0x0000000717e00000, 0x0000000718000000|  0%| F|  |TAMS 0x0000000717e00000| PB 0x0000000717e00000| Untracked 
| 147|0x0000000718000000, 0x0000000718000000, 0x0000000718200000|  0%| F|  |TAMS 0x0000000718000000| PB 0x0000000718000000| Untracked 
| 148|0x0000000718200000, 0x0000000718200000, 0x0000000718400000|  0%| F|  |TAMS 0x0000000718200000| PB 0x0000000718200000| Untracked 
| 149|0x0000000718400000, 0x0000000718400000, 0x0000000718600000|  0%| F|  |TAMS 0x0000000718400000| PB 0x0000000718400000| Untracked 
| 150|0x0000000718600000, 0x0000000718600000, 0x0000000718800000|  0%| F|  |TAMS 0x0000000718600000| PB 0x0000000718600000| Untracked 
| 151|0x0000000718800000, 0x0000000718800000, 0x0000000718a00000|  0%| F|  |TAMS 0x0000000718800000| PB 0x0000000718800000| Untracked 
| 152|0x0000000718a00000, 0x0000000718a00000, 0x0000000718c00000|  0%| F|  |TAMS 0x0000000718a00000| PB 0x0000000718a00000| Untracked 
| 153|0x0000000718c00000, 0x0000000718c00000, 0x0000000718e00000|  0%| F|  |TAMS 0x0000000718c00000| PB 0x0000000718c00000| Untracked 
| 154|0x0000000718e00000, 0x0000000718e00000, 0x0000000719000000|  0%| F|  |TAMS 0x0000000718e00000| PB 0x0000000718e00000| Untracked 
| 155|0x0000000719000000, 0x0000000719000000, 0x0000000719200000|  0%| F|  |TAMS 0x0000000719000000| PB 0x0000000719000000| Untracked 
| 156|0x0000000719200000, 0x0000000719200000, 0x0000000719400000|  0%| F|  |TAMS 0x0000000719200000| PB 0x0000000719200000| Untracked 
| 157|0x0000000719400000, 0x0000000719400000, 0x0000000719600000|  0%| F|  |TAMS 0x0000000719400000| PB 0x0000000719400000| Untracked 
| 158|0x0000000719600000, 0x0000000719600000, 0x0000000719800000|  0%| F|  |TAMS 0x0000000719600000| PB 0x0000000719600000| Untracked 
| 159|0x0000000719800000, 0x0000000719800000, 0x0000000719a00000|  0%| F|  |TAMS 0x0000000719800000| PB 0x0000000719800000| Untracked 
| 160|0x0000000719a00000, 0x0000000719a00000, 0x0000000719c00000|  0%| F|  |TAMS 0x0000000719a00000| PB 0x0000000719a00000| Untracked 
| 161|0x0000000719c00000, 0x0000000719c00000, 0x0000000719e00000|  0%| F|  |TAMS 0x0000000719c00000| PB 0x0000000719c00000| Untracked 
| 162|0x0000000719e00000, 0x0000000719e00000, 0x000000071a000000|  0%| F|  |TAMS 0x0000000719e00000| PB 0x0000000719e00000| Untracked 
| 163|0x000000071a000000, 0x000000071a000000, 0x000000071a200000|  0%| F|  |TAMS 0x000000071a000000| PB 0x000000071a000000| Untracked 
| 164|0x000000071a200000, 0x000000071a200000, 0x000000071a400000|  0%| F|  |TAMS 0x000000071a200000| PB 0x000000071a200000| Untracked 
| 165|0x000000071a400000, 0x000000071a400000, 0x000000071a600000|  0%| F|  |TAMS 0x000000071a400000| PB 0x000000071a400000| Untracked 
| 166|0x000000071a600000, 0x000000071a600000, 0x000000071a800000|  0%| F|  |TAMS 0x000000071a600000| PB 0x000000071a600000| Untracked 
| 167|0x000000071a800000, 0x000000071a800000, 0x000000071aa00000|  0%| F|  |TAMS 0x000000071a800000| PB 0x000000071a800000| Untracked 
| 168|0x000000071aa00000, 0x000000071aa00000, 0x000000071ac00000|  0%| F|  |TAMS 0x000000071aa00000| PB 0x000000071aa00000| Untracked 
| 169|0x000000071ac00000, 0x000000071ac00000, 0x000000071ae00000|  0%| F|  |TAMS 0x000000071ac00000| PB 0x000000071ac00000| Untracked 
| 170|0x000000071ae00000, 0x000000071ae00000, 0x000000071b000000|  0%| F|  |TAMS 0x000000071ae00000| PB 0x000000071ae00000| Untracked 
| 171|0x000000071b000000, 0x000000071b000000, 0x000000071b200000|  0%| F|  |TAMS 0x000000071b000000| PB 0x000000071b000000| Untracked 
| 172|0x000000071b200000, 0x000000071b200000, 0x000000071b400000|  0%| F|  |TAMS 0x000000071b200000| PB 0x000000071b200000| Untracked 
| 173|0x000000071b400000, 0x000000071b400000, 0x000000071b600000|  0%| F|  |TAMS 0x000000071b400000| PB 0x000000071b400000| Untracked 
| 174|0x000000071b600000, 0x000000071b600000, 0x000000071b800000|  0%| F|  |TAMS 0x000000071b600000| PB 0x000000071b600000| Untracked 
| 175|0x000000071b800000, 0x000000071b800000, 0x000000071ba00000|  0%| F|  |TAMS 0x000000071b800000| PB 0x000000071b800000| Untracked 
| 176|0x000000071ba00000, 0x000000071ba00000, 0x000000071bc00000|  0%| F|  |TAMS 0x000000071ba00000| PB 0x000000071ba00000| Untracked 
| 177|0x000000071bc00000, 0x000000071bc00000, 0x000000071be00000|  0%| F|  |TAMS 0x000000071bc00000| PB 0x000000071bc00000| Untracked 
| 178|0x000000071be00000, 0x000000071be00000, 0x000000071c000000|  0%| F|  |TAMS 0x000000071be00000| PB 0x000000071be00000| Untracked 
| 179|0x000000071c000000, 0x000000071c000000, 0x000000071c200000|  0%| F|  |TAMS 0x000000071c000000| PB 0x000000071c000000| Untracked 
| 180|0x000000071c200000, 0x000000071c200000, 0x000000071c400000|  0%| F|  |TAMS 0x000000071c200000| PB 0x000000071c200000| Untracked 
| 181|0x000000071c400000, 0x000000071c400000, 0x000000071c600000|  0%| F|  |TAMS 0x000000071c400000| PB 0x000000071c400000| Untracked 
| 182|0x000000071c600000, 0x000000071c600000, 0x000000071c800000|  0%| F|  |TAMS 0x000000071c600000| PB 0x000000071c600000| Untracked 
| 183|0x000000071c800000, 0x000000071c800000, 0x000000071ca00000|  0%| F|  |TAMS 0x000000071c800000| PB 0x000000071c800000| Untracked 
| 184|0x000000071ca00000, 0x000000071ca00000, 0x000000071cc00000|  0%| F|  |TAMS 0x000000071ca00000| PB 0x000000071ca00000| Untracked 
| 185|0x000000071cc00000, 0x000000071cc00000, 0x000000071ce00000|  0%| F|  |TAMS 0x000000071cc00000| PB 0x000000071cc00000| Untracked 
| 186|0x000000071ce00000, 0x000000071ce00000, 0x000000071d000000|  0%| F|  |TAMS 0x000000071ce00000| PB 0x000000071ce00000| Untracked 
| 187|0x000000071d000000, 0x000000071d000000, 0x000000071d200000|  0%| F|  |TAMS 0x000000071d000000| PB 0x000000071d000000| Untracked 
|1999|0x00000007ff800000, 0x00000007ff800000, 0x00000007ffa00000|  0%| F|  |TAMS 0x00000007ff800000| PB 0x00000007ff800000| Untracked 
|2000|0x00000007ffa00000, 0x00000007ffa00000, 0x00000007ffc00000|  0%| F|  |TAMS 0x00000007ffa00000| PB 0x00000007ffa00000| Untracked 
|2001|0x00000007ffc00000, 0x00000007ffc00000, 0x00000007ffe00000|  0%| F|  |TAMS 0x00000007ffc00000| PB 0x00000007ffc00000| Untracked 
|2002|0x00000007ffe00000, 0x00000007ffe00000, 0x0000000800000000|  0%| F|  |TAMS 0x00000007ffe00000| PB 0x00000007ffe00000| Untracked 

Card table byte_map: [0x00000235cf770000,0x00000235cff50000] _byte_map_base: 0x00000235cbf43000

Marking Bits: (CMBitMap*) 0x00000235b7664770
 Bits: [0x00000235cff50000, 0x00000235d3de8000)

Polling page: 0x00000235b6da0000

Metaspace:

Usage:
  Non-class:     75.50 MB used.
      Class:     11.81 MB used.
       Both:     87.30 MB used.

Virtual space:
  Non-class space:      128.00 MB reserved,      75.94 MB ( 59%) committed,  2 nodes.
      Class space:        1.00 GB reserved,      12.19 MB (  1%) committed,  1 nodes.
             Both:        1.12 GB reserved,      88.12 MB (  8%) committed. 

Chunk freelists:
   Non-Class:  3.48 MB
       Class:  3.86 MB
        Both:  7.34 MB

MaxMetaspaceSize: unlimited
CompressedClassSpaceSize: 1.00 GB
Initial GC threshold: 21.00 MB
Current GC threshold: 145.62 MB
CDS: on
 - commit_granule_bytes: 65536.
 - commit_granule_words: 8192.
 - virtual_space_node_default_size: 8388608.
 - enlarge_chunks_in_place: 1.
 - use_allocation_guard: 0.


Internal statistics:

num_allocs_failed_limit: 9.
num_arena_births: 1182.
num_arena_deaths: 0.
num_vsnodes_births: 3.
num_vsnodes_deaths: 0.
num_space_committed: 1409.
num_space_uncommitted: 0.
num_chunks_returned_to_freelist: 9.
num_chunks_taken_from_freelist: 4463.
num_chunk_merges: 9.
num_chunk_splits: 3240.
num_chunks_enlarged: 2553.
num_inconsistent_stats: 0.

CodeHeap 'non-profiled nmethods': size=120000Kb used=5589Kb max_used=5589Kb free=114410Kb
 bounds [0x00000235c7500000, 0x00000235c7a80000, 0x00000235cea30000]
CodeHeap 'profiled nmethods': size=120000Kb used=18416Kb max_used=19660Kb free=101583Kb
 bounds [0x00000235bfa30000, 0x00000235c0d90000, 0x00000235c6f60000]
CodeHeap 'non-nmethods': size=5760Kb used=1734Kb max_used=1778Kb free=4025Kb
 bounds [0x00000235c6f60000, 0x00000235c71d0000, 0x00000235c7500000]
 total_blobs=10666 nmethods=9910 adapters=659
 compilation: enabled
              stopped_count=0, restarted_count=0
 full_count=0

Compilation events (20 events):
Event: 36.765 Thread 0x00000235d6be4a20 nmethod 12096 0x00000235c0169710 code [0x00000235c0169900, 0x00000235c0169ee8]
Event: 36.773 Thread 0x00000235d6be4a20 12097       3       org.springframework.data.repository.core.RepositoryInformationSupport::getMetadata (13 bytes)
Event: 36.774 Thread 0x00000235d6be4a20 nmethod 12097 0x00000235c084e910 code [0x00000235c084eac0, 0x00000235c084eda8]
Event: 36.774 Thread 0x00000235d6be3f80 12098       4       java.lang.StringLatin1::indexOfNonWhitespace (49 bytes)
Event: 36.777 Thread 0x00000235d6be3f80 nmethod 12098 0x00000235c7a74690 code [0x00000235c7a74820, 0x00000235c7a74928]
Event: 36.785 Thread 0x00000235d6be4a20 12099       3       org.hibernate.internal.AbstractSharedSessionContract::isClosed (23 bytes)
Event: 36.786 Thread 0x00000235d6be4a20 nmethod 12099 0x00000235bfe75790 code [0x00000235bfe75940, 0x00000235bfe75bd0]
Event: 36.786 Thread 0x00000235d6be4a20 12100       3       org.hibernate.internal.SessionFactoryImpl::isClosed (16 bytes)
Event: 36.786 Thread 0x00000235d6be4a20 nmethod 12100 0x00000235c00acf10 code [0x00000235c00ad0c0, 0x00000235c00ad238]
Event: 36.786 Thread 0x000002361f4d5720 12101       4       java.lang.ClassValue::get (31 bytes)
Event: 36.786 Thread 0x00000235d6be4a20 12102       3       java.util.Arrays::copyOfRange (11 bytes)
Event: 36.787 Thread 0x00000235d6be4a20 nmethod 12102 0x00000235c00fe390 code [0x00000235c00fe540, 0x00000235c00fe690]
Event: 36.787 Thread 0x00000235d6be4a20 12103       3       java.util.regex.Matcher::group (65 bytes)
Event: 36.788 Thread 0x00000235d6be4a20 nmethod 12103 0x00000235bfff8990 code [0x00000235bfff8bc0, 0x00000235bfff9248]
Event: 36.788 Thread 0x00000235d6be4a20 12104       1       org.springframework.data.domain.Range$Bound::getValue (5 bytes)
Event: 36.789 Thread 0x00000235d6be4a20 nmethod 12104 0x00000235c7a74a90 code [0x00000235c7a74c20, 0x00000235c7a74cf0]
Event: 36.789 Thread 0x00000235d6be4a20 12105       1       org.springframework.data.domain.Range$Bound::isInclusive (5 bytes)
Event: 36.789 Thread 0x00000235d6be4a20 nmethod 12105 0x00000235c7a74d90 code [0x00000235c7a74f20, 0x00000235c7a74ff0]
Event: 36.789 Thread 0x00000235d6be3f80 12106 %     4       org.antlr.v4.runtime.atn.ParserATNSimulator::computeReachSet @ 223 (575 bytes)
Event: 36.792 Thread 0x000002361f4d5720 nmethod 12101 0x00000235c7a75090 code [0x00000235c7a75240, 0x00000235c7a75440]

GC Heap History (20 events):
Event: 32.148 GC heap after
{Heap after GC invocations=25 (full 0):
 garbage-first heap   total 145408K, used 63392K [0x0000000705a00000, 0x0000000800000000)
  region size 2048K, 2 young (4096K), 2 survivors (4096K)
 Metaspace       used 87423K, committed 88256K, reserved 1179648K
  class space    used 11844K, committed 12224K, reserved 1048576K
}
Event: 32.462 GC heap before
{Heap before GC invocations=25 (full 0):
 garbage-first heap   total 145408K, used 128928K [0x0000000705a00000, 0x0000000800000000)
  region size 2048K, 34 young (69632K), 2 survivors (4096K)
 Metaspace       used 87423K, committed 88256K, reserved 1179648K
  class space    used 11844K, committed 12224K, reserved 1048576K
}
Event: 32.469 GC heap after
{Heap after GC invocations=26 (full 0):
 garbage-first heap   total 145408K, used 71155K [0x0000000705a00000, 0x0000000800000000)
  region size 2048K, 5 young (10240K), 5 survivors (10240K)
 Metaspace       used 87423K, committed 88256K, reserved 1179648K
  class space    used 11844K, committed 12224K, reserved 1048576K
}
Event: 32.584 GC heap before
{Heap before GC invocations=26 (full 0):
 garbage-first heap   total 145408K, used 124403K [0x0000000705a00000, 0x0000000800000000)
  region size 2048K, 31 young (63488K), 5 survivors (10240K)
 Metaspace       used 87423K, committed 88256K, reserved 1179648K
  class space    used 11844K, committed 12224K, reserved 1048576K
}
Event: 32.601 GC heap after
{Heap after GC invocations=27 (full 0):
 garbage-first heap   total 145408K, used 78892K [0x0000000705a00000, 0x0000000800000000)
  region size 2048K, 4 young (8192K), 4 survivors (8192K)
 Metaspace       used 87423K, committed 88256K, reserved 1179648K
  class space    used 11844K, committed 12224K, reserved 1048576K
}
Event: 32.702 GC heap before
{Heap before GC invocations=27 (full 0):
 garbage-first heap   total 145408K, used 125996K [0x0000000705a00000, 0x0000000800000000)
  region size 2048K, 27 young (55296K), 4 survivors (8192K)
 Metaspace       used 87423K, committed 88256K, reserved 1179648K
  class space    used 11844K, committed 12224K, reserved 1048576K
}
Event: 32.715 GC heap after
{Heap after GC invocations=28 (full 0):
 garbage-first heap   total 145408K, used 83426K [0x0000000705a00000, 0x0000000800000000)
  region size 2048K, 4 young (8192K), 4 survivors (8192K)
 Metaspace       used 87423K, committed 88256K, reserved 1179648K
  class space    used 11844K, committed 12224K, reserved 1048576K
}
Event: 32.850 GC heap before
{Heap before GC invocations=29 (full 0):
 garbage-first heap   total 188416K, used 122338K [0x0000000705a00000, 0x0000000800000000)
  region size 2048K, 23 young (47104K), 4 survivors (8192K)
 Metaspace       used 87423K, committed 88256K, reserved 1179648K
  class space    used 11844K, committed 12224K, reserved 1048576K
}
Event: 32.853 GC heap after
{Heap after GC invocations=30 (full 0):
 garbage-first heap   total 188416K, used 79453K [0x0000000705a00000, 0x0000000800000000)
  region size 2048K, 1 young (2048K), 1 survivors (2048K)
 Metaspace       used 87423K, committed 88256K, reserved 1179648K
  class space    used 11844K, committed 12224K, reserved 1048576K
}
Event: 33.144 GC heap before
{Heap before GC invocations=30 (full 0):
 garbage-first heap   total 188416K, used 161373K [0x0000000705a00000, 0x0000000800000000)
  region size 2048K, 41 young (83968K), 1 survivors (2048K)
 Metaspace       used 87871K, committed 88704K, reserved 1179648K
  class space    used 11890K, committed 12288K, reserved 1048576K
}
Event: 33.247 GC heap after
{Heap after GC invocations=31 (full 0):
 garbage-first heap   total 393216K, used 107381K [0x0000000705a00000, 0x0000000800000000)
  region size 2048K, 6 young (12288K), 6 survivors (12288K)
 Metaspace       used 87871K, committed 88704K, reserved 1179648K
  class space    used 11890K, committed 12288K, reserved 1048576K
}
Event: 34.256 GC heap before
{Heap before GC invocations=31 (full 0):
 garbage-first heap   total 393216K, used 316277K [0x0000000705a00000, 0x0000000800000000)
  region size 2048K, 107 young (219136K), 6 survivors (12288K)
 Metaspace       used 87874K, committed 88704K, reserved 1179648K
  class space    used 11890K, committed 12288K, reserved 1048576K
}
Event: 34.300 GC heap after
{Heap after GC invocations=32 (full 0):
 garbage-first heap   total 393216K, used 145072K [0x0000000705a00000, 0x0000000800000000)
  region size 2048K, 14 young (28672K), 14 survivors (28672K)
 Metaspace       used 87874K, committed 88704K, reserved 1179648K
  class space    used 11890K, committed 12288K, reserved 1048576K
}
Event: 34.675 GC heap before
{Heap before GC invocations=32 (full 0):
 garbage-first heap   total 393216K, used 302768K [0x0000000705a00000, 0x0000000800000000)
  region size 2048K, 91 young (186368K), 14 survivors (28672K)
 Metaspace       used 87879K, committed 88704K, reserved 1179648K
  class space    used 11890K, committed 12288K, reserved 1048576K
}
Event: 34.720 GC heap after
{Heap after GC invocations=33 (full 0):
 garbage-first heap   total 393216K, used 161618K [0x0000000705a00000, 0x0000000800000000)
  region size 2048K, 7 young (14336K), 7 survivors (14336K)
 Metaspace       used 87879K, committed 88704K, reserved 1179648K
  class space    used 11890K, committed 12288K, reserved 1048576K
}
Event: 35.273 GC heap before
{Heap before GC invocations=33 (full 0):
 garbage-first heap   total 393216K, used 319314K [0x0000000705a00000, 0x0000000800000000)
  region size 2048K, 84 young (172032K), 7 survivors (14336K)
 Metaspace       used 88563K, committed 89408K, reserved 1179648K
  class space    used 12009K, committed 12416K, reserved 1048576K
}
Event: 35.282 GC heap after
{Heap after GC invocations=34 (full 0):
 garbage-first heap   total 393216K, used 157867K [0x0000000705a00000, 0x0000000800000000)
  region size 2048K, 2 young (4096K), 2 survivors (4096K)
 Metaspace       used 88563K, committed 89408K, reserved 1179648K
  class space    used 12009K, committed 12416K, reserved 1048576K
}
Event: 35.727 GC heap before
{Heap before GC invocations=35 (full 0):
 garbage-first heap   total 393216K, used 311467K [0x0000000705a00000, 0x0000000800000000)
  region size 2048K, 85 young (174080K), 2 survivors (4096K)
 Metaspace       used 88617K, committed 89472K, reserved 1179648K
  class space    used 12016K, committed 12416K, reserved 1048576K
}
Event: 35.732 GC heap after
{Heap after GC invocations=36 (full 0):
 garbage-first heap   total 393216K, used 142221K [0x0000000705a00000, 0x0000000800000000)
  region size 2048K, 3 young (6144K), 3 survivors (6144K)
 Metaspace       used 88617K, committed 89472K, reserved 1179648K
  class space    used 12016K, committed 12416K, reserved 1048576K
}
Event: 36.805 GC heap before
{Heap before GC invocations=36 (full 0):
 garbage-first heap   total 393216K, used 328589K [0x0000000705a00000, 0x0000000800000000)
  region size 2048K, 94 young (192512K), 3 survivors (6144K)
 Metaspace       used 89398K, committed 90240K, reserved 1179648K
  class space    used 12089K, committed 12480K, reserved 1048576K
}

Dll operation events (11 events):
Event: 0.006 Loaded shared library C:\Program Files\Java\jdk-21\bin\java.dll
Event: 0.167 Loaded shared library C:\Program Files\Java\jdk-21\bin\jsvml.dll
Event: 0.204 Loaded shared library C:\Program Files\Java\jdk-21\bin\net.dll
Event: 0.206 Loaded shared library C:\Program Files\Java\jdk-21\bin\nio.dll
Event: 0.208 Loaded shared library C:\Program Files\Java\jdk-21\bin\zip.dll
Event: 0.513 Loaded shared library C:\Program Files\Java\jdk-21\bin\verify.dll
Event: 0.555 Loaded shared library C:\Program Files\Java\jdk-21\bin\jimage.dll
Event: 2.706 Loaded shared library C:\Program Files\Java\jdk-21\bin\sunmscapi.dll
Event: 3.185 Loaded shared library C:\Program Files\Java\jdk-21\bin\extnet.dll
Event: 7.183 Loaded shared library C:\Program Files\Java\jdk-21\bin\management.dll
Event: 7.187 Loaded shared library C:\Program Files\Java\jdk-21\bin\management_ext.dll

Deoptimization events (20 events):
Event: 36.153 Thread 0x00000235b5486d80 Uncommon trap: trap_request=0xffffff66 fr.pc=0x00000235c79bfc8c relative=0x00000000000000ec
Event: 36.153 Thread 0x00000235b5486d80 Uncommon trap: reason=speculate_class_check action=maybe_recompile pc=0x00000235c79bfc8c method=java.lang.invoke.LambdaForm$MH/0x00000235d8270c00.invoke(Ljava/lang/Object;Ljava/lang/Object;)Ljava/lang/Object; @ 24 c2
Event: 36.153 Thread 0x00000235b5486d80 DEOPT PACKING pc=0x00000235c79bfc8c sp=0x000000d916ffc590
Event: 36.153 Thread 0x00000235b5486d80 DEOPT UNPACKING pc=0x00000235c6fb46a2 sp=0x000000d916ffc4e0 mode 2
Event: 36.153 Thread 0x00000235b5486d80 Uncommon trap: trap_request=0xffffff66 fr.pc=0x00000235c79bfc8c relative=0x00000000000000ec
Event: 36.153 Thread 0x00000235b5486d80 Uncommon trap: reason=speculate_class_check action=maybe_recompile pc=0x00000235c79bfc8c method=java.lang.invoke.LambdaForm$MH/0x00000235d8270c00.invoke(Ljava/lang/Object;Ljava/lang/Object;)Ljava/lang/Object; @ 24 c2
Event: 36.153 Thread 0x00000235b5486d80 DEOPT PACKING pc=0x00000235c79bfc8c sp=0x000000d916ffc590
Event: 36.153 Thread 0x00000235b5486d80 DEOPT UNPACKING pc=0x00000235c6fb46a2 sp=0x000000d916ffc4e0 mode 2
Event: 36.197 Thread 0x00000235b5486d80 DEOPT PACKING pc=0x00000235bfefd35c sp=0x000000d916ffbda0
Event: 36.197 Thread 0x00000235b5486d80 DEOPT UNPACKING pc=0x00000235c6fb4e42 sp=0x000000d916ffb268 mode 0
Event: 36.392 Thread 0x00000235b5486d80 DEOPT PACKING pc=0x00000235bfc00532 sp=0x000000d916ffc330
Event: 36.392 Thread 0x00000235b5486d80 DEOPT UNPACKING pc=0x00000235c6fb4e42 sp=0x000000d916ffb990 mode 0
Event: 36.689 Thread 0x00000235b5486d80 Uncommon trap: trap_request=0xfffffff4 fr.pc=0x00000235c75d481c relative=0x00000000000001dc
Event: 36.689 Thread 0x00000235b5486d80 Uncommon trap: reason=null_check action=make_not_entrant pc=0x00000235c75d481c method=org.springframework.util.ClassUtils.isAssignable(Ljava/lang/Class;Ljava/lang/Class;)Z @ 14 c2
Event: 36.689 Thread 0x00000235b5486d80 DEOPT PACKING pc=0x00000235c75d481c sp=0x000000d916ffce50
Event: 36.689 Thread 0x00000235b5486d80 DEOPT UNPACKING pc=0x00000235c6fb46a2 sp=0x000000d916ffcdf0 mode 2
Event: 36.732 Thread 0x00000235b5486d80 Uncommon trap: trap_request=0xffffff45 fr.pc=0x00000235c7862a84 relative=0x0000000000000464
Event: 36.732 Thread 0x00000235b5486d80 Uncommon trap: reason=unstable_if action=reinterpret pc=0x00000235c7862a84 method=java.util.regex.Pattern$Ques.match(Ljava/util/regex/Matcher;ILjava/lang/CharSequence;)Z @ 58 c2
Event: 36.732 Thread 0x00000235b5486d80 DEOPT PACKING pc=0x00000235c7862a84 sp=0x000000d916ffc210
Event: 36.732 Thread 0x00000235b5486d80 DEOPT UNPACKING pc=0x00000235c6fb46a2 sp=0x000000d916ffc1d0 mode 2

Classes loaded (20 events):
Event: 30.464 Loading class java/util/WeakHashMap$KeyIterator
Event: 30.464 Loading class java/util/WeakHashMap$KeyIterator done
Event: 30.775 Loading class java/lang/Package$1PackageInfoProxy
Event: 30.775 Loading class java/lang/Package$1PackageInfoProxy done
Event: 30.818 Loading class java/util/stream/ReduceOps$5
Event: 30.819 Loading class java/util/stream/ReduceOps$5 done
Event: 30.819 Loading class java/util/stream/ReduceOps$CountingSink$OfRef
Event: 30.819 Loading class java/util/stream/ReduceOps$CountingSink
Event: 30.820 Loading class java/util/stream/ReduceOps$CountingSink done
Event: 30.820 Loading class java/util/stream/ReduceOps$CountingSink$OfRef done
Event: 30.885 Loading class java/lang/invoke/WrongMethodTypeException
Event: 30.886 Loading class java/lang/invoke/WrongMethodTypeException done
Event: 30.912 Loading class java/util/regex/Pattern$Bound
Event: 30.913 Loading class java/util/regex/Pattern$Bound done
Event: 30.914 Loading class java/util/regex/Pattern$Behind
Event: 30.914 Loading class java/util/regex/Pattern$Behind done
Event: 36.704 Loading class java/lang/Character$UnicodeBlock
Event: 36.706 Loading class java/lang/Character$Subset
Event: 36.706 Loading class java/lang/Character$Subset done
Event: 36.708 Loading class java/lang/Character$UnicodeBlock done

Classes unloaded (0 events):
No events

Classes redefined (0 events):
No events

Internal exceptions (20 events):
Event: 14.750 Thread 0x00000235b5486d80 Exception <a 'java/lang/NoSuchMethodError'{0x000000070a67c8a0}: 'java.lang.Object java.lang.invoke.DirectMethodHandle$Holder.newInvokeSpecial(java.lang.Object, java.lang.Object, java.lang.Object, java.lang.Object, java.lang.Object, int, java.lang.Object)'> (0x000000070a67c8a0) 
thrown [s\open\src\hotspot\share\interpreter\linkResolver.cpp, line 773]
Event: 14.763 Thread 0x00000235b5486d80 Exception <a 'java/lang/NoSuchMethodError'{0x000000070a6afc08}: 'java.lang.Object java.lang.invoke.DirectMethodHandle$Holder.newInvokeSpecial(java.lang.Object, java.lang.Object, java.lang.Object, java.lang.Object, java.lang.Object, java.lang.Object, java.lang.Object, java.lang.Object, java.lang.Object, java.lang.Object, java.lang.Object, java.lang.Object)'> (0x000000070a6afc08) 
thrown [s\open\src\hotspot\share\interpreter\linkResolver.cpp, line 773]
Event: 14.764 Thread 0x00000235b5486d80 Exception <a 'java/lang/NoSuchMethodError'{0x000000070a6b44a0}: 'java.lang.Object java.lang.invoke.DirectMethodHandle$Holder.invokeSpecial(java.lang.Object, java.lang.Object, java.lang.Object, java.lang.Object, java.lang.Object, java.lang.Object, java.lang.Object, java.lang.Object, java.lang.Object, java.lang.Object, java.lang.Object, java.lang.Object, java.lang.Object)'> (0x000000070a6b44a0) 
thrown [s\open\src\hotspot\share\interpreter\linkResolver.cpp, line 773]
Event: 14.764 Thread 0x00000235b5486d80 Exception <a 'java/lang/NoSuchMethodError'{0x000000070a6b8978}: 'java.lang.Object java.lang.invoke.Invokers$Holder.linkToTargetMethod(java.lang.Object, java.lang.Object, java.lang.Object, java.lang.Object, java.lang.Object, java.lang.Object, java.lang.Object, java.lang.Object, java.lang.Object, java.lang.Object, java.lang.Object, java.lang.Object)'> (0x000000070a6b8978) 
thrown [s\open\src\hotspot\share\interpreter\linkResolver.cpp, line 773]
Event: 14.782 Thread 0x00000235b5486d80 Exception <a 'java/lang/IncompatibleClassChangeError'{0x000000070a73cd68}: Found class java.lang.Object, but interface was expected> (0x000000070a73cd68) 
thrown [s\open\src\hotspot\share\interpreter\linkResolver.cpp, line 840]
Event: 14.864 Thread 0x00000235b5486d80 Exception <a 'java/lang/IncompatibleClassChangeError'{0x000000070a50ccb0}: Found class java.lang.Object, but interface was expected> (0x000000070a50ccb0) 
thrown [s\open\src\hotspot\share\interpreter\linkResolver.cpp, line 840]
Event: 14.891 Thread 0x00000235b5486d80 Exception <a 'java/lang/NoSuchMethodError'{0x000000070a590848}: 'java.lang.Object java.lang.invoke.DirectMethodHandle$Holder.newInvokeSpecial(java.lang.Object, java.lang.Object, java.lang.Object, java.lang.Object, java.lang.Object, java.lang.Object, java.lang.Object, int)'> (0x000000070a590848) 
thrown [s\open\src\hotspot\share\interpreter\linkResolver.cpp, line 773]
Event: 14.891 Thread 0x00000235b5486d80 Exception <a 'java/lang/NoSuchMethodError'{0x000000070a594da8}: 'java.lang.Object java.lang.invoke.DirectMethodHandle$Holder.invokeSpecial(java.lang.Object, java.lang.Object, java.lang.Object, java.lang.Object, java.lang.Object, java.lang.Object, java.lang.Object, java.lang.Object, int)'> (0x000000070a594da8) 
thrown [s\open\src\hotspot\share\interpreter\linkResolver.cpp, line 773]
Event: 14.892 Thread 0x00000235b5486d80 Exception <a 'java/lang/NoSuchMethodError'{0x000000070a598dc0}: 'java.lang.Object java.lang.invoke.Invokers$Holder.linkToTargetMethod(java.lang.Object, java.lang.Object, java.lang.Object, java.lang.Object, java.lang.Object, java.lang.Object, int, java.lang.Object)'> (0x000000070a598dc0) 
thrown [s\open\src\hotspot\share\interpreter\linkResolver.cpp, line 773]
Event: 14.948 Thread 0x00000235b5486d80 Exception <a 'java/lang/NoSuchMethodError'{0x000000070a2c5e70}: 'java.lang.Object java.lang.invoke.DirectMethodHandle$Holder.newInvokeSpecial(java.lang.Object, java.lang.Object, int, java.lang.Object, int, java.lang.Object, java.lang.Object)'> (0x000000070a2c5e70) 
thrown [s\open\src\hotspot\share\interpreter\linkResolver.cpp, line 773]
Event: 15.269 Thread 0x00000235b5486d80 Exception <a 'java/lang/NoSuchMethodError'{0x0000000709b3b340}: 'void java.lang.invoke.DirectMethodHandle$Holder.invokeInterface(java.lang.Object, java.lang.Object)'> (0x0000000709b3b340) 
thrown [s\open\src\hotspot\share\interpreter\linkResolver.cpp, line 773]
Event: 19.128 Thread 0x00000235b5486d80 Exception <a 'java/lang/NoSuchMethodError'{0x000000070baca3d0}: 'java.lang.Object java.lang.invoke.DirectMethodHandle$Holder.invokeSpecial(java.lang.Object, java.lang.Object, int, java.lang.Object, int)'> (0x000000070baca3d0) 
thrown [s\open\src\hotspot\share\interpreter\linkResolver.cpp, line 773]
Event: 29.962 Thread 0x00000235b5486d80 Implicit null exception at 0x00000235c75be859 to 0x00000235c75c01d0
Event: 29.977 Thread 0x00000235b5486d80 Implicit null exception at 0x00000235c785c78c to 0x00000235c785c924
Event: 30.057 Thread 0x00000235b5486d80 Implicit null exception at 0x00000235c7985a77 to 0x00000235c7985ce0
Event: 30.156 Thread 0x00000235b5486d80 Implicit null exception at 0x00000235c78b2793 to 0x00000235c78b4afc
Event: 30.167 Thread 0x00000235b5486d80 Exception <a 'java/lang/IncompatibleClassChangeError'{0x000000070aedb9f0}: Found class java.lang.Object, but interface was expected> (0x000000070aedb9f0) 
thrown [s\open\src\hotspot\share\interpreter\linkResolver.cpp, line 840]
Event: 30.236 Thread 0x00000235b5486d80 Exception <a 'java/lang/IncompatibleClassChangeError'{0x000000070ad326a8}: Found class java.lang.Object, but interface was expected> (0x000000070ad326a8) 
thrown [s\open\src\hotspot\share\interpreter\linkResolver.cpp, line 840]
Event: 30.762 Thread 0x00000235b5486d80 Exception <a 'java/lang/IncompatibleClassChangeError'{0x000000070c277790}: Found class java.lang.Object, but interface was expected> (0x000000070c277790) 
thrown [s\open\src\hotspot\share\interpreter\linkResolver.cpp, line 840]
Event: 36.733 Thread 0x00000235b5486d80 Exception <a 'java/lang/IncompatibleClassChangeError'{0x0000000712267ef8}: Found class java.lang.Object, but interface was expected> (0x0000000712267ef8) 
thrown [s\open\src\hotspot\share\interpreter\linkResolver.cpp, line 840]

ZGC Phase Switch (0 events):
No events

VM Operations (20 events):
Event: 34.300 Executing VM operation: G1CollectForAllocation (G1 Evacuation Pause) done
Event: 34.675 Executing VM operation: G1CollectForAllocation (G1 Evacuation Pause)
Event: 34.720 Executing VM operation: G1CollectForAllocation (G1 Evacuation Pause) done
Event: 35.129 Executing VM operation: HandshakeAllThreads (Deoptimize)
Event: 35.129 Executing VM operation: HandshakeAllThreads (Deoptimize) done
Event: 35.273 Executing VM operation: G1CollectForAllocation (G1 Evacuation Pause)
Event: 35.282 Executing VM operation: G1CollectForAllocation (G1 Evacuation Pause) done
Event: 35.349 Executing VM operation: HandshakeAllThreads (Deoptimize)
Event: 35.350 Executing VM operation: HandshakeAllThreads (Deoptimize) done
Event: 35.354 Executing VM operation: HandshakeAllThreads (Deoptimize)
Event: 35.354 Executing VM operation: HandshakeAllThreads (Deoptimize) done
Event: 35.391 Executing VM operation: G1PauseRemark
Event: 35.408 Executing VM operation: G1PauseRemark done
Event: 35.463 Executing VM operation: G1PauseCleanup
Event: 35.463 Executing VM operation: G1PauseCleanup done
Event: 35.727 Executing VM operation: G1CollectForAllocation (G1 Evacuation Pause)
Event: 35.732 Executing VM operation: G1CollectForAllocation (G1 Evacuation Pause) done
Event: 36.538 Executing VM operation: ICBufferFull
Event: 36.538 Executing VM operation: ICBufferFull done
Event: 36.805 Executing VM operation: G1CollectForAllocation (G1 Evacuation Pause)

Events (20 events):
Event: 35.407 Thread 0x00000235d6873e10 flushing nmethod 0x00000235bfafed10
Event: 35.407 Thread 0x00000235d6873e10 flushing nmethod 0x00000235bfafa510
Event: 35.407 Thread 0x00000235d6873e10 flushing nmethod 0x00000235bfaf3690
Event: 35.407 Thread 0x00000235d6873e10 flushing nmethod 0x00000235bfaf1e10
Event: 35.407 Thread 0x00000235d6873e10 flushing nmethod 0x00000235c7a15490
Event: 35.407 Thread 0x00000235d6873e10 flushing nmethod 0x00000235c7a12490
Event: 35.407 Thread 0x00000235d6873e10 flushing nmethod 0x00000235bfad3790
Event: 35.407 Thread 0x00000235d6873e10 flushing nmethod 0x00000235bfa9b610
Event: 35.407 Thread 0x00000235d6873e10 flushing nmethod 0x00000235c7a29c90
Event: 35.407 Thread 0x00000235d6873e10 flushing nmethod 0x00000235bfa64210
Event: 35.407 Thread 0x00000235d6873e10 flushing nmethod 0x00000235c7a26810
Event: 35.407 Thread 0x00000235d6873e10 flushing nmethod 0x00000235c79bef90
Event: 35.407 Thread 0x00000235d6873e10 flushing nmethod 0x00000235c7a1bd10
Event: 35.407 Thread 0x00000235d6873e10 flushing nmethod 0x00000235c7a16010
Event: 35.407 Thread 0x00000235d6873e10 flushing nmethod 0x00000235c790a510
Event: 35.407 Thread 0x00000235d6873e10 flushing nmethod 0x00000235c785fc90
Event: 35.407 Thread 0x00000235d6873e10 flushing nmethod 0x00000235c77d1c90
Event: 35.407 Thread 0x00000235d6873e10 flushing nmethod 0x00000235c76ce010
Event: 35.407 Thread 0x00000235d6873e10 flushing nmethod 0x00000235c7692290
Event: 35.407 Thread 0x00000235d6873e10 flushing nmethod 0x00000235c75f0190


Dynamic libraries:
0x00007ff7db2a0000 - 0x00007ff7db2b0000 	C:\Program Files\Java\jdk-21\bin\java.exe
0x00007ff988b30000 - 0x00007ff988d48000 	C:\WINDOWS\SYSTEM32\ntdll.dll
0x00007ff987b90000 - 0x00007ff987c54000 	C:\WINDOWS\System32\KERNEL32.DLL
0x00007ff986020000 - 0x00007ff9863f3000 	C:\WINDOWS\System32\KERNELBASE.dll
0x00007ff986400000 - 0x00007ff986511000 	C:\WINDOWS\System32\ucrtbase.dll
0x00007ff967a50000 - 0x00007ff967a6b000 	C:\Program Files\Java\jdk-21\bin\VCRUNTIME140.dll
0x00007ff967ae0000 - 0x00007ff967af9000 	C:\Program Files\Java\jdk-21\bin\jli.dll
0x00007ff9867d0000 - 0x00007ff986881000 	C:\WINDOWS\System32\ADVAPI32.dll
0x00007ff987c60000 - 0x00007ff987d07000 	C:\WINDOWS\System32\msvcrt.dll
0x00007ff987470000 - 0x00007ff987518000 	C:\WINDOWS\System32\sechost.dll
0x00007ff985d90000 - 0x00007ff985db8000 	C:\WINDOWS\System32\bcrypt.dll
0x00007ff9880a0000 - 0x00007ff9881b8000 	C:\WINDOWS\System32\RPCRT4.dll
0x00007ff9881c0000 - 0x00007ff988372000 	C:\WINDOWS\System32\USER32.dll
0x00007ff985d60000 - 0x00007ff985d86000 	C:\WINDOWS\System32\win32u.dll
0x00007ff987260000 - 0x00007ff987289000 	C:\WINDOWS\System32\GDI32.dll
0x00007ff985c40000 - 0x00007ff985d5b000 	C:\WINDOWS\System32\gdi32full.dll
0x00007ff985f80000 - 0x00007ff98601a000 	C:\WINDOWS\System32\msvcp_win.dll
0x00007ff968880000 - 0x00007ff968b1c000 	C:\WINDOWS\WinSxS\amd64_microsoft.windows.common-controls_6595b64144ccf1df_6.0.22621.6060_none_2712eda17382d24b\COMCTL32.dll
0x00007ff9737f0000 - 0x00007ff9737fa000 	C:\WINDOWS\SYSTEM32\VERSION.dll
0x00007ff988470000 - 0x00007ff9884a1000 	C:\WINDOWS\System32\IMM32.DLL
0x00007ff980e50000 - 0x00007ff980e5c000 	C:\Program Files\Java\jdk-21\bin\vcruntime140_1.dll
0x00007ff9660e0000 - 0x00007ff96616e000 	C:\Program Files\Java\jdk-21\bin\msvcp140.dll
0x00007ff8de640000 - 0x00007ff8df355000 	C:\Program Files\Java\jdk-21\bin\server\jvm.dll
0x00007ff9883f0000 - 0x00007ff988461000 	C:\WINDOWS\System32\WS2_32.dll
0x00007ff985b10000 - 0x00007ff985b5d000 	C:\WINDOWS\SYSTEM32\POWRPROF.dll
0x00007ff9824a0000 - 0x00007ff9824d4000 	C:\WINDOWS\SYSTEM32\WINMM.dll
0x00007ff985af0000 - 0x00007ff985b03000 	C:\WINDOWS\SYSTEM32\UMPDC.dll
0x00007ff984be0000 - 0x00007ff984bf8000 	C:\WINDOWS\SYSTEM32\kernel.appcore.dll
0x00007ff97e2f0000 - 0x00007ff97e2fa000 	C:\Program Files\Java\jdk-21\bin\jimage.dll
0x00007ff983380000 - 0x00007ff9835b3000 	C:\WINDOWS\SYSTEM32\DBGHELP.DLL
0x00007ff987520000 - 0x00007ff9878b1000 	C:\WINDOWS\System32\combase.dll
0x00007ff988510000 - 0x00007ff9885e8000 	C:\WINDOWS\System32\OLEAUT32.dll
0x00007ff95bd80000 - 0x00007ff95bdb2000 	C:\WINDOWS\SYSTEM32\dbgcore.DLL
0x00007ff986520000 - 0x00007ff98659b000 	C:\WINDOWS\System32\bcryptPrimitives.dll
0x00007ff967a30000 - 0x00007ff967a4f000 	C:\Program Files\Java\jdk-21\bin\java.dll
0x00007ff9869c0000 - 0x00007ff98725c000 	C:\WINDOWS\System32\SHELL32.dll
0x00007ff985dc0000 - 0x00007ff985eff000 	C:\WINDOWS\System32\wintypes.dll
0x00007ff983920000 - 0x00007ff98423a000 	C:\WINDOWS\SYSTEM32\windows.storage.dll
0x00007ff986890000 - 0x00007ff986994000 	C:\WINDOWS\System32\SHCORE.dll
0x00007ff988380000 - 0x00007ff9883e9000 	C:\WINDOWS\System32\shlwapi.dll
0x00007ff985b70000 - 0x00007ff985b95000 	C:\WINDOWS\SYSTEM32\profapi.dll
0x00007ff959f00000 - 0x00007ff959fd7000 	C:\Program Files\Java\jdk-21\bin\jsvml.dll
0x00007ff96b6d0000 - 0x00007ff96b6e0000 	C:\Program Files\Java\jdk-21\bin\net.dll
0x00007ff981950000 - 0x00007ff981a7c000 	C:\WINDOWS\SYSTEM32\WINHTTP.dll
0x00007ff9850a0000 - 0x00007ff985109000 	C:\WINDOWS\system32\mswsock.dll
0x00007ff967a10000 - 0x00007ff967a26000 	C:\Program Files\Java\jdk-21\bin\nio.dll
0x00007ff9679f0000 - 0x00007ff967a08000 	C:\Program Files\Java\jdk-21\bin\zip.dll
0x00007ff968360000 - 0x00007ff968370000 	C:\Program Files\Java\jdk-21\bin\verify.dll
0x00007ff984490000 - 0x00007ff9844bd000 	C:\WINDOWS\SYSTEM32\IPHLPAPI.DLL
0x00007ff987910000 - 0x00007ff987919000 	C:\WINDOWS\System32\NSI.dll
0x00007ff9844c0000 - 0x00007ff9845b8000 	C:\WINDOWS\SYSTEM32\DNSAPI.dll
0x00007ff980970000 - 0x00007ff98097a000 	C:\Windows\System32\rasadhlp.dll
0x00007ff981470000 - 0x00007ff9814f4000 	C:\WINDOWS\System32\fwpuclnt.dll
0x00007ff9682d0000 - 0x00007ff9682de000 	C:\Program Files\Java\jdk-21\bin\sunmscapi.dll
0x00007ff986660000 - 0x00007ff9867c8000 	C:\WINDOWS\System32\CRYPT32.dll
0x00007ff985490000 - 0x00007ff9854be000 	C:\WINDOWS\SYSTEM32\ncrypt.dll
0x00007ff985430000 - 0x00007ff985467000 	C:\WINDOWS\SYSTEM32\NTASN1.dll
0x00007ff967aa0000 - 0x00007ff967aa7000 	C:\Program Files\Java\jdk-21\bin\extnet.dll
0x00007ff985390000 - 0x00007ff9853ab000 	C:\WINDOWS\SYSTEM32\CRYPTSP.dll
0x00007ff984b40000 - 0x00007ff984b77000 	C:\WINDOWS\system32\rsaenh.dll
0x00007ff985140000 - 0x00007ff985168000 	C:\WINDOWS\SYSTEM32\USERENV.dll
0x00007ff985370000 - 0x00007ff98537c000 	C:\WINDOWS\SYSTEM32\CRYPTBASE.dll
0x00007ff968170000 - 0x00007ff96817a000 	C:\Program Files\Java\jdk-21\bin\management.dll
0x00007ff967cc0000 - 0x00007ff967ccb000 	C:\Program Files\Java\jdk-21\bin\management_ext.dll
0x00007ff987ed0000 - 0x00007ff987ed8000 	C:\WINDOWS\System32\PSAPI.DLL

dbghelp: loaded successfully - version: 4.0.5 - missing functions: none
symbol engine: initialized successfully - sym options: 0x614 - pdb path: .;C:\Program Files\Java\jdk-21\bin;C:\WINDOWS\SYSTEM32;C:\WINDOWS\WinSxS\amd64_microsoft.windows.common-controls_6595b64144ccf1df_6.0.22621.6060_none_2712eda17382d24b;C:\Program Files\Java\jdk-21\bin\server

VM Arguments:
java_command: db.biometry.biometry.BiometryApplication
java_class_path (initial): E:\zenithe\ERP_Projet_Esphere\ESPHERE-ASS\biometry-partenaire\biometry\target\classes;E:\.m2\repository\org\springframework\boot\spring-boot-starter-data-jpa\3.4.4\spring-boot-starter-data-jpa-3.4.4.jar;E:\.m2\repository\org\springframework\boot\spring-boot-starter\3.4.4\spring-boot-starter-3.4.4.jar;E:\.m2\repository\org\springframework\boot\spring-boot\3.4.4\spring-boot-3.4.4.jar;E:\.m2\repository\org\springframework\boot\spring-boot-autoconfigure\3.4.4\spring-boot-autoconfigure-3.4.4.jar;E:\.m2\repository\org\springframework\boot\spring-boot-starter-logging\3.4.4\spring-boot-starter-logging-3.4.4.jar;E:\.m2\repository\ch\qos\logback\logback-classic\1.5.18\logback-classic-1.5.18.jar;E:\.m2\repository\ch\qos\logback\logback-core\1.5.18\logback-core-1.5.18.jar;E:\.m2\repository\org\apache\logging\log4j\log4j-to-slf4j\2.24.3\log4j-to-slf4j-2.24.3.jar;E:\.m2\repository\org\slf4j\jul-to-slf4j\2.0.17\jul-to-slf4j-2.0.17.jar;E:\.m2\repository\jakarta\annotation\jakarta.annotation-api\2.1.1\jakarta.annotation-api-2.1.1.jar;E:\.m2\repository\org\yaml\snakeyaml\2.3\snakeyaml-2.3.jar;E:\.m2\repository\org\springframework\boot\spring-boot-starter-jdbc\3.4.4\spring-boot-starter-jdbc-3.4.4.jar;E:\.m2\repository\com\zaxxer\HikariCP\5.1.0\HikariCP-5.1.0.jar;E:\.m2\repository\org\springframework\spring-jdbc\6.2.5\spring-jdbc-6.2.5.jar;E:\.m2\repository\org\hibernate\orm\hibernate-core\6.6.11.Final\hibernate-core-6.6.11.Final.jar;E:\.m2\repository\jakarta\persistence\jakarta.persistence-api\3.1.0\jakarta.persistence-api-3.1.0.jar;E:\.m2\repository\jakarta\transaction\jakarta.transaction-api\2.0.1\jakarta.transaction-api-2.0.1.jar;E:\.m2\repository\org\jboss\logging\jboss-logging\3.6.1.Final\jboss-logging-3.6.1.Final.jar;E:\.m2\repository\org\hibernate\common\hibernate-commons-annotations\7.0.3.Final\hibernate-commons-annotations-7.0.3.Final.jar;E:\.m2\repository\io\smallrye\jandex\3.2.0\jandex-3.2.0.jar;E:\.m2\repository\com\fasterxml\classmate\1.7.0\classmate-1.7.0.jar;E:\.m2\repository\net\bytebuddy\byte-buddy\1.15.11\byte-buddy-1.15.11.jar;E:\.m2\repository\org\glassfish\jaxb\jaxb-runtime\4.0.5\jaxb-runtime-4.0.5.jar;E:\.m2\repository\org\glassfish\jaxb\jaxb-core\4.0.5\jaxb-core-4.0.5.jar;E:\.m2\repository\org\eclipse\angus\angus-activation\2.0.2\angus-activation-2.0.2.jar;E:\.m2\repository\org\glassfish\jaxb\txw2\4.0.5\txw2-4.0.5.jar;E:\.m2\repository\com\sun\istack\istack-commons-runtime\4.1.2\istack-commons-runtime-4.1.2.jar;E:\.m2\repository\jakarta\inject\jakarta.inject-api\2.0.1\jakarta.inject-api-2.0.1.jar;E:\.m2\repository\org\antlr\antlr4-runtime\4.13.0\antlr4-runtime-4.13.0.jar;E:\.m2\repository\org\springframework\data\spring-data-jpa\3.4.4\spring-data-jpa-3.4.4.jar;E:\.m2\repository\org\springframework\data\spring-data-commons\3.4.4\spring-data-commons-3.4.4.jar;E:\.m2\repository\org\springframework\spring-orm\6.2.5\spring-orm-6.2.5.jar;E:\.m2\repository\org\springframework\spring-context\6.2.5\spring-context-6.2.5.jar;E:\.m2\repository\org\springframework\spring-aop\6.2.5\spring-aop-6.2.5.jar;E:\.m2\repository\org\springframework\spring-tx\6.2.5\spring-tx-6.2.5.jar;E:\.m2\repository\org\springframework\spring-beans\6.2.5\spring-beans-6.2.5.jar;E:\.m2\repository\org\springframework\spring-aspects\6.2.5\spring-aspects-6.2.5.jar;E:\.m2\repository\org\aspectj\aspectjweaver\1.9.23\aspectjweaver-1.9.23.jar;E:\.m2\repository\org\springframework\boot\spring-boot-starter-web\3.4.4\spring-boot-starter-web-3.4.4.jar;E:\.m2\repository\org\springframework\boot\spring-boot-starter-json\3.4.4\spring-boot-starter-json-3.4.4.jar;E:\.m2\repository\com\fasterxml\jackson\datatype\jackson-datatype-jdk8\2.18.3\jackson-datatype-jdk8-2.18.3.jar;E:\.m2\repository\com\fasterxml\jackson\datatype\jackson-datatype-jsr310\2.18.3\jackson-datatype-jsr310-2.18.3.jar;E:\.m2\repository\com\fasterxml\jackson\module\jackson-module-parameter-names\2.18.3\jackson-module-parameter-names-2.18.3.jar;E:\.m2\repository\org\springframework\boot\spring-boot-starter-tomcat\3.4.4\spring-boot-starter-tomcat-3.4.4.jar;E:\.m2\repository\org\apache\tomcat\embed\tomcat-embed-core\10.1.39\tomcat-embed-core-10.1.39.jar;E:\.m2\repository\org\apache\tomcat\embed\tomcat-embed-websocket\10.1.39\tomcat-embed-websocket-10.1.39.jar;E:\.m2\repository\org\springframework\spring-web\6.2.5\spring-web-6.2.5.jar;E:\.m2\repository\org\springframework\spring-webmvc\6.2.5\spring-webmvc-6.2.5.jar;E:\.m2\repository\org\springframework\spring-expression\6.2.5\spring-expression-6.2.5.jar;E:\.m2\repository\org\springframework\boot\spring-boot-starter-data-rest\3.4.4\spring-boot-starter-data-rest-3.4.4.jar;E:\.m2\repository\org\springframework\data\spring-data-rest-webmvc\4.4.4\spring-data-rest-webmvc-4.4.4.jar;E:\.m2\repository\org\springframework\data\spring-data-rest-core\4.4.4\spring-data-rest-core-4.4.4.jar;E:\.m2\repository\org\springframework\hateoas\spring-hateoas\2.4.1\spring-hateoas-2.4.1.jar;E:\.m2\repository\org\springframework\plugin\spring-plugin-core\3.0.0\spring-plugin-core-3.0.0.jar;E:\.m2\repository\org\atteo\evo-inflector\1.3\evo-inflector-1.3.jar;E:\.m2\repository\org\springframework\cloud\spring-cloud-starter\4.2.1\spring-cloud-starter-4.2.1.jar;E:\.m2\repository\org\springframework\cloud\spring-cloud-context\4.2.1\spring-cloud-context-4.2.1.jar;E:\.m2\repository\org\springframework\security\spring-security-crypto\6.4.4\spring-security-crypto-6.4.4.jar;E:\.m2\repository\org\springframework\cloud\spring-cloud-commons\4.2.1\spring-cloud-commons-4.2.1.jar;E:\.m2\repository\org\bouncycastle\bcprov-jdk18on\1.78.1\bcprov-jdk18on-1.78.1.jar;E:\.m2\repository\org\springframework\cloud\spring-cloud-starter-netflix-eureka-client\4.2.1\spring-cloud-starter-netflix-eureka-client-4.2.1.jar;E:\.m2\repository\org\springframework\cloud\spring-cloud-netflix-eureka-client\4.2.1\spring-cloud-netflix-eureka-client-4.2.1.jar;E:\.m2\repository\org\apache\httpcomponents\client5\httpclient5\5.4.2\httpclient5-5.4.2.jar;E:\.m2\repository\org\apache\httpcomponents\core5\httpcore5\5.3.3\httpcore5-5.3.3.jar;E:\.m2\repository\org\apache\httpcomponents\core5\httpcore5-h2\5.3.3\httpcore5-h2-5.3.3.jar;E:\.m2\repository\com\netflix\eureka\eureka-client\2.0.4\eureka-client-2.0.4.jar;E:\.m2\repository\com\thoughtworks\xstream\xstream\1.4.20\xstream-1.4.20.jar;E:\.m2\repository\io\github\x-stream\mxparser\1.2.2\mxparser-1.2.2.jar;E:\.m2\repository\xmlpull\xmlpull\1.1.3.1\xmlpull-1.1.3.1.jar;E:\.m2\repository\jakarta\ws\rs\jakarta.ws.rs-api\3.1.0\jakarta.ws.rs-api-3.1.0.jar;E:\.m2\repository\com\netflix\spectator\spectator-api\1.7.3\spectator-api-1.7.3.jar;E:\.m2\repository\org\apache\httpcomponents\httpclient\4.5.3\httpclient-4.5.3.jar;E:\.m2\repository\org\apache\httpcomponents\httpcore\4.4.16\httpcore-4.4.16.jar;E:\.m2\repository\commons-configuration\commons-configuration\1.10\commons-configuration-1.10.jar;E:\.m2\repository\commons-lang\commons-lang\2.6\commons-lang-2.6.jar;E:\.m2\repository\com\netflix\netflix-commons\netflix-eventbus\0.3.0\netflix-eventbus-0.3.0.jar;E:\.m2\repository\com\netflix\netflix-commons\netflix-infix\0.3.0\netflix-infix-0.3.0.jar;E:\.m2\repository\commons-jxpath\commons-jxpath\1.3\commons-jxpath-1.3.jar;E:\.m2\repository\joda-time\joda-time\2.3\joda-time-2.3.jar;E:\.m2\repository\org\antlr\antlr-runtime\3.4\antlr-runtime-3.4.jar;E:\.m2\repository\org\antlr\stringtemplate\3.2.1\stringtemplate-3.2.1.jar;E:\.m2\repository\antlr\antlr\2.7.7\antlr-2.7.7.jar;E:\.m2\repository\com\google\guava\guava\14.0.1\guava-14.0.1.jar;E:\.m2\repository\com\google\code\gson\gson\2.11.0\gson-2.11.0.jar;E:\.m2\repository\com\google\errorprone\error_prone_annotations\2.27.0\error_prone_annotations-2.27.0.jar;E:\.m2\repository\com\netflix\servo\servo-core\0.5.3\servo-core-0.5.3.jar;E:\.m2\repository\org\apache\commons\commons-math\2.2\commons-math-2.2.jar;E:\.m2\repository\javax\annotation\javax.annotation-api\1.2\javax.annotation-api-1.2.jar;E:\.m2\repository\org\codehaus\jettison\jettison\1.5.4\jettison-1.5.4.jar;E:\.m2\repository\org\springframework\cloud\spring-cloud-starter-loadbalancer\4.2.1\spring-cloud-starter-loadbalancer-4.2.1.jar;E:\.m2\repository\org\springframework\cloud\spring-cloud-loadbalancer\4.2.1\spring-cloud-loadbalancer-4.2.1.jar;E:\.m2\repository\io\projectreactor\reactor-core\3.7.4\reactor-core-3.7.4.jar;E:\.m2\repository\org\reactivestreams\reactive-streams\1.0.4\reactive-streams-1.0.4.jar;E:\.m2\repository\io\projectreactor\addons\reactor-extra\3.5.2\reactor-extra-3.5.2.jar;E:\.m2\repository\com\stoyanr\evictor\1.0.0\evictor-1.0.0.jar;E:\.m2\repository\org\springframework\cloud\spring-cloud-starter-config\4.2.1\spring-cloud-starter-config-4.2.1.jar;E:\.m2\repository\org\springframework\cloud\spring-cloud-config-client\4.2.1\spring-cloud-config-client-4.2.1.jar;E:\.m2\repository\com\fasterxml\jackson\core\jackson-databind\2.18.3\jackson-databind-2.18.3.jar;E:\.m2\repository\org\springframework\boot\spring-boot-starter-validation\3.4.4\spring-boot-starter-validation-3.4.4.jar;E:\.m2\repository\org\apache\tomcat\embed\tomcat-embed-el\10.1.39\tomcat-embed-el-10.1.39.jar;E:\.m2\repository\org\hibernate\validator\hibernate-validator\8.0.2.Final\hibernate-validator-8.0.2.Final.jar;E:\.m2\repository\jakarta\validation\jakarta.validation-api\3.0.2\jakarta.validation-api-3.0.2.jar;E:\.m2\repository\org\springframework\boot\spring-boot-starter-cache\3.4.4\spring-boot-starter-cache-3.4.4.jar;E:\.m2\repository\org\springframework\spring-context-support\6.2.5\spring-context-support-6.2.5.jar;E:\.m2\repository\com\mysql\mysql-connector-j\9.1.0\mysql-connector-j-9.1.0.jar;E:\.m2\repository\io\jsonwebtoken\jjwt-api\0.12.3\jjwt-api-0.12.3.jar;E:\.m2\repository\io\jsonwebtoken\jjwt-impl\0.12.3\jjwt-impl-0.12.3.jar;E:\.m2\repository\io\jsonwebtoken\jjwt-jackson\0.12.3\jjwt-jackson-0.12.3.jar;E:\.m2\repository\org\mapstruct\mapstruct\1.5.5.Final\mapstruct-1.5.5.Final.jar;E:\.m2\repository\org\springdoc\springdoc-openapi-starter-webmvc-ui\2.3.0\springdoc-openapi-starter-webmvc-ui-2.3.0.jar;E:\.m2\repository\org\springdoc\springdoc-openapi-starter-webmvc-api\2.3.0\springdoc-openapi-starter-webmvc-api-2.3.0.jar;E:\.m2\repository\org\springdoc\springdoc-openapi-starter-common\2.3.0\springdoc-openapi-starter-common-2.3.0.jar;E:\.m2\repository\io\swagger\core\v3\swagger-core-jakarta\2.2.19\swagger-core-jakarta-2.2.19.jar;E:\.m2\repository\org\apache\commons\commons-lang3\3.17.0\commons-lang3-3.17.0.jar;E:\.m2\repository\io\swagger\core\v3\swagger-annotations-jakarta\2.2.19\swagger-annotations-jakarta-2.2.19.jar;E:\.m2\repository\io\swagger\core\v3\swagger-models-jakarta\2.2.19\swagger-models-jakarta-2.2.19.jar;E:\.m2\repository\com\fasterxml\jackson\dataformat\jackson-dataformat-yaml\2.18.3\jackson-dataformat-yaml-2.18.3.jar;E:\.m2\repository\org\webjars\swagger-ui\5.10.3\swagger-ui-5.10.3.jar;E:\.m2\repository\org\springframework\boot\spring-boot-starter-actuator\3.4.4\spring-boot-starter-actuator-3.4.4.jar;E:\.m2\repository\org\springframework\boot\spring-boot-actuator-autoconfigure\3.4.4\spring-boot-actuator-autoconfigure-3.4.4.jar;E:\.m2\repository\org\springframework\boot\spring-boot-actuator\3.4.4\spring-boot-actuator-3.4.4.jar;E:\.m2\repository\io\micrometer\micrometer-observation\1.14.5\micrometer-observation-1.14.5.jar;E:\.m2\repository\io\micrometer\micrometer-commons\1.14.5\micrometer-commons-1.14.5.jar;E:\.m2\repository\io\micrometer\micrometer-jakarta9\1.14.5\micrometer-jakarta9-1.14.5.jar;E:\.m2\repository\net\sf\jasperreports\jasperreports\6.21.3\jasperreports-6.21.3.jar;E:\.m2\repository\commons-beanutils\commons-beanutils\1.9.4\commons-beanutils-1.9.4.jar;E:\.m2\repository\commons-collections\commons-collections\3.2.2\commons-collections-3.2.2.jar;E:\.m2\repository\commons-digester\commons-digester\2.1\commons-digester-2.1.jar;E:\.m2\repository\commons-logging\commons-logging\1.1.1\commons-logging-1.1.1.jar;E:\.m2\repository\org\apache\commons\commons-collections4\4.2\commons-collections4-4.2.jar;E:\.m2\repository\org\jfree\jcommon\1.0.23\jcommon-1.0.23.jar;E:\.m2\repository\org\jfree\jfreechart\1.0.19\jfreechart-1.0.19.jar;E:\.m2\repository\org\eclipse\jdt\ecj\3.21.0\ecj-3.21.0.jar;E:\.m2\repository\com\fasterxml\jackson\core\jackson-core\2.18.3\jackson-core-2.18.3.jar;E:\.m2\repository\com\fasterxml\jackson\core\jackson-annotations\2.18.3\jackson-annotations-2.18.3.jar;E:\.m2\repository\com\fasterxml\jackson\dataformat\jackson-dataformat-xml\2.18.3\jackson-dataformat-xml-2.18.3.jar;E:\.m2\repository\org\codehaus\woodstox\stax2-api\4.2.2\stax2-api-4.2.2.jar;E:\.m2\repository\com\fasterxml\woodstox\woodstox-core\7.0.0\woodstox-core-7.0.0.jar;E:\.m2\repository\com\github\librepdf\openpdf\1.3.30\openpdf-1.3.30.jar;E:\.m2\repository\com\google\code\findbugs\jsr305\3.0.2\jsr305-3.0.2.jar;E:\.m2\repository\org\springframework\cloud\spring-cloud-starter-bootstrap\4.2.1\spring-cloud-starter-bootstrap-4.2.1.jar;E:\.m2\repository\io\micrometer\micrometer-tracing-bridge-brave\1.4.4\micrometer-tracing-bridge-brave-1.4.4.jar;E:\.m2\repository\io\micrometer\micrometer-tracing\1.4.4\micrometer-tracing-1.4.4.jar;E:\.m2\repository\io\micrometer\context-propagation\1.1.2\context-propagation-1.1.2.jar;E:\.m2\repository\aopalliance\aopalliance\1.0\aopalliance-1.0.jar;E:\.m2\repository\org\slf4j\slf4j-api\2.0.17\slf4j-api-2.0.17.jar;E:\.m2\repository\io\zipkin\brave\brave\6.0.3\brave-6.0.3.jar;E:\.m2\repository\io\zipkin\brave\brave-context-slf4j\6.0.3\brave-context-slf4j-6.0.3.jar;E:\.m2\repository\io\zipkin\brave\brave-instrumentation-http\6.0.3\brave-instrumentation-http-6.0.3.jar;E:\.m2\repository\io\zipkin\aws\brave-propagation-aws\1.2.5\brave-propagation-aws-1.2.5.jar;E:\.m2\repository\io\zipkin\contrib\brave-propagation-w3c\brave-propagation-tracecontext\0.2.0\brave-propagation-tracecontext-0.2.0.jar;E:\.m2\repository\io\zipkin\reporter2\zipkin-reporter-brave\3.4.3\zipkin-reporter-brave-3.4.3.jar;E:\.m2\repository\io\zipkin\reporter2\zipkin-reporter\3.4.3\zipkin-reporter-3.4.3.jar;E:\.m2\repository\io\github\openfeign\feign-micrometer\13.5\feign-micrometer-13.5.jar;E:\.m2\repository\io\github\openfeign\feign-core\13.5\feign-core-13.5.jar;E:\.m2\repository\io\micrometer\micrometer-core\1.14.5\micrometer-core-1.14.5.jar;E:\.m2\repository\org\hdrhistogram\HdrHistogram\2.2.2\HdrHistogram-2.2.2.jar;E:\.m2\repository\org\latencyutils\LatencyUtils\2.0.3\LatencyUtils-2.0.3.jar;E:\.m2\repository\org\apache\poi\poi-ooxml\5.2.5\poi-ooxml-5.2.5.jar;E:\.m2\repository\org\apache\poi\poi\5.2.5\poi-5.2.5.jar;E:\.m2\repository\commons-codec\commons-codec\1.17.2\commons-codec-1.17.2.jar;E:\.m2\repository\org\apache\commons\commons-math3\3.6.1\commons-math3-3.6.1.jar;E:\.m2\repository\com\zaxxer\SparseBitSet\1.3\SparseBitSet-1.3.jar;E:\.m2\repository\org\apache\poi\poi-ooxml-lite\5.2.5\poi-ooxml-lite-5.2.5.jar;E:\.m2\repository\org\apache\xmlbeans\xmlbeans\5.2.0\xmlbeans-5.2.0.jar;E:\.m2\repository\org\apache\commons\commons-compress\1.25.0\commons-compress-1.25.0.jar;E:\.m2\repository\commons-io\commons-io\2.15.0\commons-io-2.15.0.jar;E:\.m2\repository\com\github\virtuald\curvesapi\1.08\curvesapi-1.08.jar;E:\.m2\repository\org\apache\logging\log4j\log4j-api\2.24.3\log4j-api-2.24.3.jar;E:\.m2\repository\com\itextpdf\kernel\8.0.2\kernel-8.0.2.jar;E:\.m2\repository\com\itextpdf\bouncy-castle-connector\8.0.2\bouncy-castle-connector-8.0.2.jar;E:\.m2\repository\com\itextpdf\io\8.0.2\io-8.0.2.jar;E:\.m2\repository\com\itextpdf\commons\8.0.2\commons-8.0.2.jar;E:\.m2\repository\com\itextpdf\layout\8.0.2\layout-8.0.2.jar;E:\.m2\repository\com\jayway\jsonpath\json-path\2.9.0\json-path-2.9.0.jar;E:\.m2\repository\jakarta\xml\bind\jakarta.xml.bind-api\4.0.2\jakarta.xml.bind-api-4.0.2.jar;E:\.m2\repository\jakarta\activation\jakarta.activation-api\2.1.3\jakarta.activation-api-2.1.3.jar;E:\.m2\repository\net\minidev\json-smart\2.5.2\json-smart-2.5.2.jar;E:\.m2\repository\net\minidev\accessors-smart\2.5.2\accessors-smart-2.5.2.jar;E:\.m2\repository\org\ow2\asm\asm\9.7.1\asm-9.7.1.jar;E:\.m2\repository\org\springframework\spring-core\6.2.5\spring-core-6.2.5.jar;E:\.m2\repository\org\springframework\spring-jcl\6.2.5\spring-jcl-6.2.5.jar
Launcher Type: SUN_STANDARD

[Global flags]
     intx CICompilerCount                          = 4                                         {product} {ergonomic}
     uint ConcGCThreads                            = 3                                         {product} {ergonomic}
     uint G1ConcRefinementThreads                  = 10                                        {product} {ergonomic}
   size_t G1HeapRegionSize                         = 2097152                                   {product} {ergonomic}
    uintx GCDrainStackTargetSize                   = 64                                        {product} {ergonomic}
   size_t InitialHeapSize                          = 264241152                                 {product} {ergonomic}
   size_t MarkStackSize                            = 4194304                                   {product} {ergonomic}
   size_t MaxHeapSize                              = 4200595456                                {product} {ergonomic}
   size_t MaxNewSize                               = 2518679552                                {product} {ergonomic}
   size_t MinHeapDeltaBytes                        = 2097152                                   {product} {ergonomic}
   size_t MinHeapSize                              = 8388608                                   {product} {ergonomic}
    uintx NonNMethodCodeHeapSize                   = 5839372                                {pd product} {ergonomic}
    uintx NonProfiledCodeHeapSize                  = 122909434                              {pd product} {ergonomic}
    uintx ProfiledCodeHeapSize                     = 122909434                              {pd product} {ergonomic}
    uintx ReservedCodeCacheSize                    = 251658240                              {pd product} {ergonomic}
     bool SegmentedCodeCache                       = true                                      {product} {ergonomic}
   size_t SoftMaxHeapSize                          = 4200595456                             {manageable} {ergonomic}
     bool UseCompressedOops                        = true                           {product lp64_product} {ergonomic}
     bool UseG1GC                                  = true                                      {product} {ergonomic}
     bool UseLargePagesIndividualAllocation        = false                                  {pd product} {ergonomic}

Logging:
Log output configuration:
 #0: stdout all=warning uptime,level,tags foldmultilines=false
 #1: stderr all=off uptime,level,tags foldmultilines=false

Environment Variables:
JAVA_HOME=C:\Program Files\Java\jdk-21
PATH=E:\app\USER01\product\11.2.0\dbhome_1\bin;E:\app\USER01\product\11.1.0\db_2\bin;C:\Program Files\Common Files\Oracle\Java\javapath;C:\ProgramData\Oracle\Java\javapath;C:\WINDOWS\system32;C:\WINDOWS;C:\WINDOWS\System32\Wbem;C:\WINDOWS\System32\WindowsPowerShell\v1.0\;C:\WINDOWS\System32\OpenSSH\;C:\ProgramData\chocolatey\bin;C:\Program Files\Java\jdk-21\bin;C:\Program Files\TortoiseSVN\bin;C:\Program Files\Microsoft SQL Server\150\Tools\Binn\;C:\Program Files\nodejs\;E:\zenithe\Biometrie\Logiciel_enrolement;E:\MySQL\MySQL Server 5.0\bin;C:\Program Files\Git\cmd;C:\Program Files\Docker\Docker\resources\bin;E:\MongoDB\Server\8.0\bin;;C:\Program Files\Filestar;C:\ProgramData\Filestar\aliases;C:\Users\USER01\AppData\Local\Microsoft\WindowsApps;;C:\Users\USER01\AppData\Local\Programs\Microsoft VS Code\bin;C:\Users\USER01\AppData\Roaming\npm;C:\Users\USER01\AppData\Local\Programs\mongosh\;C:\Users\USER01\AppData\Local\Programs\Antigravity\bin
USERNAME=USER01
OS=Windows_NT
PROCESSOR_IDENTIFIER=Intel64 Family 6 Model 154 Stepping 4, GenuineIntel
TMP=C:\Users\USER01\AppData\Local\Temp
TEMP=C:\Users\USER01\AppData\Local\Temp




Periodic native trim disabled

---------------  S Y S T E M  ---------------

OS:
 Windows 11 , 64 bit Build 22621 (10.0.22621.5415)
OS uptime: 16 days 21:25 hours
Hyper-V role detected

CPU: total 12 (initial active 12) (6 cores per cpu, 2 threads per core) family 6 model 154 stepping 4 microcode 0x437, cx8, cmov, fxsr, ht, mmx, 3dnowpref, sse, sse2, sse3, ssse3, sse4.1, sse4.2, popcnt, lzcnt, tsc, tscinvbit, avx, avx2, aes, erms, clmul, bmi1, bmi2, adx, sha, fma, vzeroupper, clflush, clflushopt, clwb, hv, serialize, rdtscp, rdpid, fsrm, f16c, cet_ibt, cet_ss
Processor Information for all 12 processors :
  Max Mhz: 1800, Current Mhz: 1800, Mhz Limit: 1800

Memory: 4k page, system-wide physical 16016M (392M free)
TotalPageFile size 38954M (AvailPageFile size 361M)
current process WorkingSet (physical memory assigned to process): 627M, peak: 629M
current process commit charge ("private bytes"): 670M, peak: 1053M

vm_info: Java HotSpot(TM) 64-Bit Server VM (21.0.1+12-LTS-29) for windows-amd64 JRE (21.0.1+12-LTS-29), built on 2023-10-05T13:27:09Z by "mach5one" with MS VC++ 17.1 (VS2022)

END.
