#
# There is insufficient memory for the Java Runtime Environment to continue.
# Native memory allocation (mmap) failed to map 264241152 bytes for G1 virtual space
# Possible reasons:
#   The system is out of physical RAM or swap space
#   The process is running with CompressedOops enabled, and the Java Heap may be blocking the growth of the native heap
# Possible solutions:
#   Reduce memory load on the system
#   Increase physical memory or swap space
#   Check if swap backing store is full
#   Decrease Java heap size (-Xmx/-Xms)
#   Decrease number of Java threads
#   Decrease Java thread stack sizes (-Xss)
#   Set larger code cache with -XX:ReservedCodeCacheSize=
#   JVM is running with Zero Based Compressed Oops mode in which the Java heap is
#     placed in the first 32GB address space. The Java Heap base address is the
#     maximum limit for the native heap growth. Please use -XX:HeapBaseMinAddress
#     to set the Java Heap base and to place the Java Heap above 32GB virtual address.
# This output file may be truncated or incomplete.
#
#  Out of Memory Error (os_windows.cpp:3600), pid=36240, tid=32760
#
# JRE version:  (21.0.1+12) (build )
# Java VM: Java HotSpot(TM) 64-Bit Server VM (21.0.1+12-LTS-29, mixed mode, sharing, tiered, compressed oops, compressed class ptrs, g1 gc, windows-amd64)
# No core dump will be written. Minidumps are not enabled by default on client versions of Windows
#

---------------  S U M M A R Y ------------

Command Line: C:\Users\USER01\AppData\Local\Temp\surefire2081510594829753062\surefirebooter-20260226181901789_3.jar C:\Users\USER01\AppData\Local\Temp\surefire2081510594829753062 2026-02-26T18-19-01_674-jvmRun1 surefire-20260226181901789_1tmp surefire_0-20260226181901789_2tmp

Host: 12th Gen Intel(R) Core(TM) i7-1265U, 12 cores, 15G,  Windows 11 , 64 bit Build 22621 (10.0.22621.5415)
Time: Thu Feb 26 18:19:01 2026 W. Central Africa Standard Time elapsed time: 0.016915 seconds (0d 0h 0m 0s)

---------------  T H R E A D  ---------------

Current thread (0x0000028970652590):  JavaThread "Unknown thread" [_thread_in_vm, id=32760, stack(0x000000bd60b00000,0x000000bd60c00000) (1024K)]

Stack: [0x000000bd60b00000,0x000000bd60c00000]
Native frames: (J=compiled Java code, j=interpreted, Vv=VM code, C=native code)
V  [jvm.dll+0x6c9029]
V  [jvm.dll+0x854b81]
V  [jvm.dll+0x856e5e]
V  [jvm.dll+0x857543]
V  [jvm.dll+0x280c06]
V  [jvm.dll+0x6c5715]
V  [jvm.dll+0x6ba10a]
V  [jvm.dll+0x3557ea]
V  [jvm.dll+0x35d436]
V  [jvm.dll+0x3ae1be]
V  [jvm.dll+0x3ae468]
V  [jvm.dll+0x3291fc]
V  [jvm.dll+0x329d8b]
V  [jvm.dll+0x81d179]
V  [jvm.dll+0x3bb4f1]
V  [jvm.dll+0x805ae8]
V  [jvm.dll+0x44effe]
V  [jvm.dll+0x450901]
C  [jli.dll+0x52a3]
C  [ucrtbase.dll+0x29333]
C  [KERNEL32.DLL+0x1259d]
C  [ntdll.dll+0x5af78]


---------------  P R O C E S S  ---------------

Threads class SMR info:
_java_thread_list=0x00007ff8df209b88, length=0, elements={
}

Java Threads: ( => current thread )
Total: 0

Other Threads:
  0x00000289708c2f70 WorkerThread "GC Thread#0"                     [id=33652, stack(0x000000bd60c00000,0x000000bd60d00000) (1024K)]
  0x00000289708d3a60 ConcurrentGCThread "G1 Main Marker"            [id=29332, stack(0x000000bd60d00000,0x000000bd60e00000) (1024K)]
  0x00000289708d4dc0 WorkerThread "G1 Conc#0"                       [id=5000, stack(0x000000bd60e00000,0x000000bd60f00000) (1024K)]

[error occurred during error reporting (printing all threads), id 0xc0000005, EXCEPTION_ACCESS_VIOLATION (0xc0000005) at pc=0x00007ff8de97c2c7]
VM state: not at safepoint (not fully initialized)

VM Mutex/Monitor currently owned by a thread:  ([mutex/lock_event])
[0x00007ff8df27a6f8] Heap_lock - owner thread: 0x0000028970652590

Heap address: 0x0000000705a00000, size: 4006 MB, Compressed Oops mode: Zero based, Oop shift amount: 3

CDS archive(s) mapped at: [0x0000000000000000-0x0000000000000000-0x0000000000000000), size 0, SharedBaseAddress: 0x0000000800000000, ArchiveRelocationMode: 1.
Narrow klass base: 0x0000000000000000, Narrow klass shift: 0, Narrow klass range: 0x0

GC Precious Log:
 CardTable entry size: 512
 Card Set container configuration: InlinePtr #cards 4 size 8 Array Of Cards #cards 16 size 48 Howl #buckets 8 coarsen threshold 3686 Howl Bitmap #cards 512 size 80 coarsen threshold 460 Card regions per heap region 1 cards per card region 4096

Heap:
 garbage-first heap   total 0K, used 0K [0x0000000705a00000, 0x0000000800000000)
  region size 2048K, 0 young (0K), 0 survivors (0K)

[error occurred during error reporting (printing heap information), id 0xc0000005, EXCEPTION_ACCESS_VIOLATION (0xc0000005) at pc=0x00007ff8ded61be9]
GC Heap History (0 events):
No events

Dll operation events (1 events):
Event: 0.010 Loaded shared library C:\Program Files\Java\jdk-21\bin\java.dll

Deoptimization events (0 events):
No events

Classes loaded (0 events):
No events

Classes unloaded (0 events):
No events

Classes redefined (0 events):
No events

Internal exceptions (0 events):
No events

ZGC Phase Switch (0 events):
No events

VM Operations (0 events):
No events

Events (0 events):
No events


Dynamic libraries:
0x00007ff7db2a0000 - 0x00007ff7db2b0000 	C:\Program Files\Java\jdk-21\bin\java.exe
0x00007ff988b30000 - 0x00007ff988d48000 	C:\WINDOWS\SYSTEM32\ntdll.dll
0x00007ff987b90000 - 0x00007ff987c54000 	C:\WINDOWS\System32\KERNEL32.DLL
0x00007ff986020000 - 0x00007ff9863f3000 	C:\WINDOWS\System32\KERNELBASE.dll
0x00007ff986400000 - 0x00007ff986511000 	C:\WINDOWS\System32\ucrtbase.dll
0x00007ff967a50000 - 0x00007ff967a6b000 	C:\Program Files\Java\jdk-21\bin\VCRUNTIME140.dll
0x00007ff967ae0000 - 0x00007ff967af9000 	C:\Program Files\Java\jdk-21\bin\jli.dll
0x00007ff9867d0000 - 0x00007ff986881000 	C:\WINDOWS\System32\ADVAPI32.dll
0x00007ff987c60000 - 0x00007ff987d07000 	C:\WINDOWS\System32\msvcrt.dll
0x00007ff987470000 - 0x00007ff987518000 	C:\WINDOWS\System32\sechost.dll
0x00007ff985d90000 - 0x00007ff985db8000 	C:\WINDOWS\System32\bcrypt.dll
0x00007ff9880a0000 - 0x00007ff9881b8000 	C:\WINDOWS\System32\RPCRT4.dll
0x00007ff9881c0000 - 0x00007ff988372000 	C:\WINDOWS\System32\USER32.dll
0x00007ff985d60000 - 0x00007ff985d86000 	C:\WINDOWS\System32\win32u.dll
0x00007ff968880000 - 0x00007ff968b1c000 	C:\WINDOWS\WinSxS\amd64_microsoft.windows.common-controls_6595b64144ccf1df_6.0.22621.6060_none_2712eda17382d24b\COMCTL32.dll
0x00007ff987260000 - 0x00007ff987289000 	C:\WINDOWS\System32\GDI32.dll
0x00007ff985c40000 - 0x00007ff985d5b000 	C:\WINDOWS\System32\gdi32full.dll
0x00007ff985f80000 - 0x00007ff98601a000 	C:\WINDOWS\System32\msvcp_win.dll
0x00007ff9737f0000 - 0x00007ff9737fa000 	C:\WINDOWS\SYSTEM32\VERSION.dll
0x00007ff988470000 - 0x00007ff9884a1000 	C:\WINDOWS\System32\IMM32.DLL
0x00007ff980e50000 - 0x00007ff980e5c000 	C:\Program Files\Java\jdk-21\bin\vcruntime140_1.dll
0x00007ff9660e0000 - 0x00007ff96616e000 	C:\Program Files\Java\jdk-21\bin\msvcp140.dll
0x00007ff8de640000 - 0x00007ff8df355000 	C:\Program Files\Java\jdk-21\bin\server\jvm.dll
0x00007ff9883f0000 - 0x00007ff988461000 	C:\WINDOWS\System32\WS2_32.dll
0x00007ff985b10000 - 0x00007ff985b5d000 	C:\WINDOWS\SYSTEM32\POWRPROF.dll
0x00007ff9824a0000 - 0x00007ff9824d4000 	C:\WINDOWS\SYSTEM32\WINMM.dll
0x00007ff985af0000 - 0x00007ff985b03000 	C:\WINDOWS\SYSTEM32\UMPDC.dll
0x00007ff984be0000 - 0x00007ff984bf8000 	C:\WINDOWS\SYSTEM32\kernel.appcore.dll
0x00007ff97e2f0000 - 0x00007ff97e2fa000 	C:\Program Files\Java\jdk-21\bin\jimage.dll
0x00007ff983380000 - 0x00007ff9835b3000 	C:\WINDOWS\SYSTEM32\DBGHELP.DLL
0x00007ff987520000 - 0x00007ff9878b1000 	C:\WINDOWS\System32\combase.dll
0x00007ff988510000 - 0x00007ff9885e8000 	C:\WINDOWS\System32\OLEAUT32.dll
0x00007ff95bd80000 - 0x00007ff95bdb2000 	C:\WINDOWS\SYSTEM32\dbgcore.DLL
0x00007ff986520000 - 0x00007ff98659b000 	C:\WINDOWS\System32\bcryptPrimitives.dll
0x00007ff967a30000 - 0x00007ff967a4f000 	C:\Program Files\Java\jdk-21\bin\java.dll

dbghelp: loaded successfully - version: 4.0.5 - missing functions: none
symbol engine: initialized successfully - sym options: 0x614 - pdb path: .;C:\Program Files\Java\jdk-21\bin;C:\WINDOWS\SYSTEM32;C:\WINDOWS\WinSxS\amd64_microsoft.windows.common-controls_6595b64144ccf1df_6.0.22621.6060_none_2712eda17382d24b;C:\Program Files\Java\jdk-21\bin\server

VM Arguments:
java_command: C:\Users\USER01\AppData\Local\Temp\surefire2081510594829753062\surefirebooter-20260226181901789_3.jar C:\Users\USER01\AppData\Local\Temp\surefire2081510594829753062 2026-02-26T18-19-01_674-jvmRun1 surefire-20260226181901789_1tmp surefire_0-20260226181901789_2tmp
java_class_path (initial): C:\Users\USER01\AppData\Local\Temp\surefire2081510594829753062\surefirebooter-20260226181901789_3.jar
Launcher Type: SUN_STANDARD

[Global flags]
     intx CICompilerCount                          = 4                                         {product} {ergonomic}
     uint ConcGCThreads                            = 3                                         {product} {ergonomic}
     uint G1ConcRefinementThreads                  = 10                                        {product} {ergonomic}
   size_t G1HeapRegionSize                         = 2097152                                   {product} {ergonomic}
    uintx GCDrainStackTargetSize                   = 64                                        {product} {ergonomic}
   size_t InitialHeapSize                          = 264241152                                 {product} {ergonomic}
   size_t MarkStackSize                            = 4194304                                   {product} {ergonomic}
   size_t MaxHeapSize                              = 4200595456                                {product} {ergonomic}
   size_t MinHeapDeltaBytes                        = 2097152                                   {product} {ergonomic}
   size_t MinHeapSize                              = 8388608                                   {product} {ergonomic}
    uintx NonNMethodCodeHeapSize                   = 5839372                                {pd product} {ergonomic}
    uintx NonProfiledCodeHeapSize                  = 122909434                              {pd product} {ergonomic}
    uintx ProfiledCodeHeapSize                     = 122909434                              {pd product} {ergonomic}
    uintx ReservedCodeCacheSize                    = 251658240                              {pd product} {ergonomic}
     bool SegmentedCodeCache                       = true                                      {product} {ergonomic}
   size_t SoftMaxHeapSize                          = 4200595456                             {manageable} {ergonomic}
     bool UseCompressedOops                        = true                           {product lp64_product} {ergonomic}
     bool UseG1GC                                  = true                                      {product} {ergonomic}
     bool UseLargePagesIndividualAllocation        = false                                  {pd product} {ergonomic}

Logging:
Log output configuration:
 #0: stdout all=warning uptime,level,tags foldmultilines=false
 #1: stderr all=off uptime,level,tags foldmultilines=false

Environment Variables:
JAVA_HOME=C:\Program Files\Java\jdk-21
PATH=E:\app\USER01\product\11.2.0\dbhome_1\bin;E:\app\USER01\product\11.1.0\db_2\bin;C:\Program Files\Common Files\Oracle\Java\javapath;C:\ProgramData\Oracle\Java\javapath;C:\WINDOWS\system32;C:\WINDOWS;C:\WINDOWS\System32\Wbem;C:\WINDOWS\System32\WindowsPowerShell\v1.0\;C:\WINDOWS\System32\OpenSSH\;C:\ProgramData\chocolatey\bin;C:\Program Files\Java\jdk-21\bin;C:\Program Files\TortoiseSVN\bin;C:\Program Files\Microsoft SQL Server\150\Tools\Binn\;C:\Program Files\nodejs\;E:\zenithe\Biometrie\Logiciel_enrolement;E:\MySQL\MySQL Server 5.0\bin;C:\Program Files\Git\cmd;C:\Program Files\Docker\Docker\resources\bin;E:\MongoDB\Server\8.0\bin;C:\Program Files\Filestar;C:\ProgramData\Filestar\aliases;C:\Program Files (x86)\Nmap;C:\Users\USER01\AppData\Local\Microsoft\WindowsApps;;C:\Users\USER01\AppData\Local\Programs\Microsoft VS Code\bin;C:\Users\USER01\AppData\Roaming\npm;C:\Users\USER01\AppData\Local\Programs\mongosh\;C:\Users\USER01\AppData\Local\Programs\Antigravity\bin;C:\Program Files (x86)\Nmap
USERNAME=USER01
OS=Windows_NT
PROCESSOR_IDENTIFIER=Intel64 Family 6 Model 154 Stepping 4, GenuineIntel
TMP=C:\Users\USER01\AppData\Local\Temp
TEMP=C:\Users\USER01\AppData\Local\Temp




Periodic native trim disabled

---------------  S Y S T E M  ---------------

OS:
 Windows 11 , 64 bit Build 22621 (10.0.22621.5415)
OS uptime: 16 days 22:34 hours
Hyper-V role detected

CPU: total 12 (initial active 12) (6 cores per cpu, 2 threads per core) family 6 model 154 stepping 4 microcode 0x437, cx8, cmov, fxsr, ht, mmx, 3dnowpref, sse, sse2, sse3, ssse3, sse4.1, sse4.2, popcnt, lzcnt, tsc, tscinvbit, avx, avx2, aes, erms, clmul, bmi1, bmi2, adx, sha, fma, vzeroupper, clflush, clflushopt, clwb, hv, serialize, rdtscp, rdpid, fsrm, f16c, cet_ibt, cet_ss
Processor Information for processor 0
  Max Mhz: 1800, Current Mhz: 1800, Mhz Limit: 1800
Processor Information for processor 1
  Max Mhz: 1800, Current Mhz: 1800, Mhz Limit: 1800
Processor Information for processor 2
  Max Mhz: 1800, Current Mhz: 1800, Mhz Limit: 1800
Processor Information for processor 3
  Max Mhz: 1800, Current Mhz: 1800, Mhz Limit: 1800
Processor Information for processor 4
  Max Mhz: 1800, Current Mhz: 1800, Mhz Limit: 1800
Processor Information for processor 5
  Max Mhz: 1800, Current Mhz: 1800, Mhz Limit: 1800
Processor Information for processor 6
  Max Mhz: 1800, Current Mhz: 1800, Mhz Limit: 1800
Processor Information for processor 7
  Max Mhz: 1800, Current Mhz: 1800, Mhz Limit: 1800
Processor Information for processor 8
  Max Mhz: 1800, Current Mhz: 1523, Mhz Limit: 1800
Processor Information for processor 9
  Max Mhz: 1800, Current Mhz: 1800, Mhz Limit: 1800
Processor Information for processor 10
  Max Mhz: 1800, Current Mhz: 1800, Mhz Limit: 1800
Processor Information for processor 11
  Max Mhz: 1800, Current Mhz: 1800, Mhz Limit: 1800

Memory: 4k page, system-wide physical 16016M (486M free)
TotalPageFile size 38961M (AvailPageFile size 39M)
current process WorkingSet (physical memory assigned to process): 11M, peak: 11M
current process commit charge ("private bytes"): 64M, peak: 316M

vm_info: Java HotSpot(TM) 64-Bit Server VM (21.0.1+12-LTS-29) for windows-amd64 JRE (21.0.1+12-LTS-29), built on 2023-10-05T13:27:09Z by "mach5one" with MS VC++ 17.1 (VS2022)

END.
